Archive member included to satisfy reference by file (symbol)

C:/ST/STM32CubeIDE_1.16.0/STM32CubeIDE/plugins/com.st.stm32cube.ide.mcu.externaltools.gnu-tools-for-stm32.13.3.rel1.win32_1.0.0.202411081344/tools/bin/../lib/gcc/arm-none-eabi/13.3.1/../../../../arm-none-eabi/lib/thumb/v7e-m+fp/hard\libc_nano.a(libc_a-exit.o)
                              C:/ST/STM32CubeIDE_1.16.0/STM32CubeIDE/plugins/com.st.stm32cube.ide.mcu.externaltools.gnu-tools-for-stm32.13.3.rel1.win32_1.0.0.202411081344/tools/bin/../lib/gcc/arm-none-eabi/13.3.1/../../../../arm-none-eabi/lib/thumb/v7e-m+fp/hard/crt0.o (exit)
C:/ST/STM32CubeIDE_1.16.0/STM32CubeIDE/plugins/com.st.stm32cube.ide.mcu.externaltools.gnu-tools-for-stm32.13.3.rel1.win32_1.0.0.202411081344/tools/bin/../lib/gcc/arm-none-eabi/13.3.1/../../../../arm-none-eabi/lib/thumb/v7e-m+fp/hard\libc_nano.a(libc_a-rand.o)
                              ./Core/Src/freertos.o (srand)
C:/ST/STM32CubeIDE_1.16.0/STM32CubeIDE/plugins/com.st.stm32cube.ide.mcu.externaltools.gnu-tools-for-stm32.13.3.rel1.win32_1.0.0.202411081344/tools/bin/../lib/gcc/arm-none-eabi/13.3.1/../../../../arm-none-eabi/lib/thumb/v7e-m+fp/hard\libc_nano.a(libc_a-findfp.o)
                              ./Middlewares/Third_Party/FreeRTOS/Source/tasks.o (__sf)
C:/ST/STM32CubeIDE_1.16.0/STM32CubeIDE/plugins/com.st.stm32cube.ide.mcu.externaltools.gnu-tools-for-stm32.13.3.rel1.win32_1.0.0.202411081344/tools/bin/../lib/gcc/arm-none-eabi/13.3.1/../../../../arm-none-eabi/lib/thumb/v7e-m+fp/hard\libc_nano.a(libc_a-fwalk.o)
                              C:/ST/STM32CubeIDE_1.16.0/STM32CubeIDE/plugins/com.st.stm32cube.ide.mcu.externaltools.gnu-tools-for-stm32.13.3.rel1.win32_1.0.0.202411081344/tools/bin/../lib/gcc/arm-none-eabi/13.3.1/../../../../arm-none-eabi/lib/thumb/v7e-m+fp/hard\libc_nano.a(libc_a-findfp.o) (_fwalk_sglue)
C:/ST/STM32CubeIDE_1.16.0/STM32CubeIDE/plugins/com.st.stm32cube.ide.mcu.externaltools.gnu-tools-for-stm32.13.3.rel1.win32_1.0.0.202411081344/tools/bin/../lib/gcc/arm-none-eabi/13.3.1/../../../../arm-none-eabi/lib/thumb/v7e-m+fp/hard\libc_nano.a(libc_a-snprintf.o)
                              ./Core/Src/MP3_player.o (snprintf)
C:/ST/STM32CubeIDE_1.16.0/STM32CubeIDE/plugins/com.st.stm32cube.ide.mcu.externaltools.gnu-tools-for-stm32.13.3.rel1.win32_1.0.0.202411081344/tools/bin/../lib/gcc/arm-none-eabi/13.3.1/../../../../arm-none-eabi/lib/thumb/v7e-m+fp/hard\libc_nano.a(libc_a-stdio.o)
                              C:/ST/STM32CubeIDE_1.16.0/STM32CubeIDE/plugins/com.st.stm32cube.ide.mcu.externaltools.gnu-tools-for-stm32.13.3.rel1.win32_1.0.0.202411081344/tools/bin/../lib/gcc/arm-none-eabi/13.3.1/../../../../arm-none-eabi/lib/thumb/v7e-m+fp/hard\libc_nano.a(libc_a-findfp.o) (__sread)
C:/ST/STM32CubeIDE_1.16.0/STM32CubeIDE/plugins/com.st.stm32cube.ide.mcu.externaltools.gnu-tools-for-stm32.13.3.rel1.win32_1.0.0.202411081344/tools/bin/../lib/gcc/arm-none-eabi/13.3.1/../../../../arm-none-eabi/lib/thumb/v7e-m+fp/hard\libc_nano.a(libc_a-memset.o)
                              C:/ST/STM32CubeIDE_1.16.0/STM32CubeIDE/plugins/com.st.stm32cube.ide.mcu.externaltools.gnu-tools-for-stm32.13.3.rel1.win32_1.0.0.202411081344/tools/bin/../lib/gcc/arm-none-eabi/13.3.1/../../../../arm-none-eabi/lib/thumb/v7e-m+fp/hard/crt0.o (memset)
C:/ST/STM32CubeIDE_1.16.0/STM32CubeIDE/plugins/com.st.stm32cube.ide.mcu.externaltools.gnu-tools-for-stm32.13.3.rel1.win32_1.0.0.202411081344/tools/bin/../lib/gcc/arm-none-eabi/13.3.1/../../../../arm-none-eabi/lib/thumb/v7e-m+fp/hard\libc_nano.a(libc_a-closer.o)
                              C:/ST/STM32CubeIDE_1.16.0/STM32CubeIDE/plugins/com.st.stm32cube.ide.mcu.externaltools.gnu-tools-for-stm32.13.3.rel1.win32_1.0.0.202411081344/tools/bin/../lib/gcc/arm-none-eabi/13.3.1/../../../../arm-none-eabi/lib/thumb/v7e-m+fp/hard\libc_nano.a(libc_a-stdio.o) (_close_r)
C:/ST/STM32CubeIDE_1.16.0/STM32CubeIDE/plugins/com.st.stm32cube.ide.mcu.externaltools.gnu-tools-for-stm32.13.3.rel1.win32_1.0.0.202411081344/tools/bin/../lib/gcc/arm-none-eabi/13.3.1/../../../../arm-none-eabi/lib/thumb/v7e-m+fp/hard\libc_nano.a(libc_a-reent.o)
                              ./Middlewares/Third_Party/FreeRTOS/Source/tasks.o (_reclaim_reent)
C:/ST/STM32CubeIDE_1.16.0/STM32CubeIDE/plugins/com.st.stm32cube.ide.mcu.externaltools.gnu-tools-for-stm32.13.3.rel1.win32_1.0.0.202411081344/tools/bin/../lib/gcc/arm-none-eabi/13.3.1/../../../../arm-none-eabi/lib/thumb/v7e-m+fp/hard\libc_nano.a(libc_a-impure.o)
                              ./Middlewares/Third_Party/FreeRTOS/Source/tasks.o (_impure_ptr)
C:/ST/STM32CubeIDE_1.16.0/STM32CubeIDE/plugins/com.st.stm32cube.ide.mcu.externaltools.gnu-tools-for-stm32.13.3.rel1.win32_1.0.0.202411081344/tools/bin/../lib/gcc/arm-none-eabi/13.3.1/../../../../arm-none-eabi/lib/thumb/v7e-m+fp/hard\libc_nano.a(libc_a-lseekr.o)
[...]
Memory Configuration

Name             Origin             Length             Attributes
RAM              0x20000000         0x00020000         xrw
FLASH            0x08000000         0x00080000         xr
*default*        0x00000000         0xffffffff

Linker script and memory map

LOAD C:/ST/STM32CubeIDE_1.16.0/STM32CubeIDE/plugins/com.st.stm32cube.ide.mcu.externaltools.gnu-tools-for-stm32.13.3.rel1.win32_1.0.0.202411081344/tools/bin/../lib/gcc/arm-none-eabi/13.3.1/thumb/v7e-m+fp/hard/crti.o
LOAD C:/ST/STM32CubeIDE_1.16.0/STM32CubeIDE/plugins/com.st.stm32cube.ide.mcu.externaltools.gnu-tools-for-stm32.13.3.rel1.win32_1.0.0.202411081344/tools/bin/../lib/gcc/arm-none-eabi/13.3.1/thumb/v7e-m+fp/hard/crtbegin.o
LOAD C:/ST/STM32CubeIDE_1.16.0/STM32CubeIDE/plugins/com.st.stm32cube.ide.mcu.externaltools.gnu-tools-for-stm32.13.3.rel1.win32_1.0.0.202411081344/tools/bin/../lib/gcc/arm-none-eabi/13.3.1/../../../../arm-none-eabi/lib/thumb/v7e-m+fp/hard/crt0.o
LOAD ./Core/Src/LCD1602.o
LOAD ./Core/Src/MP3_player.o
LOAD ./Core/Src/Matrix_Keypad.o
LOAD ./Core/Src/RA8876_driver.o
LOAD ./Core/Src/freertos.o
LOAD ./Core/Src/gpio.o
LOAD ./Core/Src/i2c.o
LOAD ./Core/Src/main.o
LOAD ./Core/Src/spi.o
LOAD ./Core/Src/stm32f4xx_hal_msp.o
LOAD ./Core/Src/stm32f4xx_hal_timebase_tim.o
LOAD ./Core/Src/stm32f4xx_it.o
LOAD ./Core/Src/syscalls.o
LOAD ./Core/Src/sysmem.o
LOAD ./Core/Src/system_stm32f4xx.o
LOAD ./Core/Src/usart.o
LOAD ./Core/Startup/startup_stm32f411vetx.o
LOAD ./Drivers/STM32F4xx_HAL_Driver/Src/stm32f4xx_hal.o
LOAD ./Drivers/STM32F4xx_HAL_Driver/Src/stm32f4xx_hal_cortex.o
LOAD ./Drivers/STM32F4xx_HAL_Driver/Src/stm32f4xx_hal_dma.o
LOAD ./Drivers/STM32F4xx_HAL_Driver/Src/stm32f4xx_hal_dma_ex.o
LOAD ./Drivers/STM32F4xx_HAL_Driver/Src/stm32f4xx_hal_exti.o
LOAD ./Drivers/STM32F4xx_HAL_Driver/Src/stm32f4xx_hal_flash.o
LOAD ./Drivers/STM32F4xx_HAL_Driver/Src/stm32f4xx_hal_flash_ex.o
LOAD ./Drivers/STM32F4xx_HAL_Driver/Src/stm32f4xx_hal_flash_ramfunc.o
LOAD ./Drivers/STM32F4xx_HAL_Driver/Src/stm32f4xx_hal_gpio.o
LOAD ./Drivers/STM32F4xx_HAL_Driver/Src/stm32f4xx_hal_i2c.o
LOAD ./Drivers/STM32F4xx_HAL_Driver/Src/stm32f4xx_hal_i2c_ex.o
LOAD ./Drivers/STM32F4xx_HAL_Driver/Src/stm32f4xx_hal_pwr.o
LOAD ./Drivers/STM32F4xx_HAL_Driver/Src/stm32f4xx_hal_pwr_ex.o
LOAD ./Drivers/STM32F4xx_HAL_Driver/Src/stm32f4xx_hal_rcc.o
LOAD ./Drivers/STM32F4xx_HAL_Driver/Src/stm32f4xx_hal_rcc_ex.o
LOAD ./Drivers/STM32F4xx_HAL_Driver/Src/stm32f4xx_hal_spi.o
LOAD ./Drivers/STM32F4xx_HAL_Driver/Src/stm32f4xx_hal_tim.o
LOAD ./Drivers/STM32F4xx_HAL_Driver/Src/stm32f4xx_hal_tim_ex.o
LOAD ./Drivers/STM32F4xx_HAL_Driver/Src/stm32f4xx_hal_uart.o
LOAD ./Middlewares/Third_Party/FreeRTOS/Source/CMSIS_RTOS_V2/cmsis_os2.o
LOAD ./Middlewares/Third_Party/FreeRTOS/Source/croutine.o
LOAD ./Middlewares/Third_Party/FreeRTOS/Source/event_groups.o
LOAD ./Middlewares/Third_Party/FreeRTOS/Source/list.o
LOAD ./Middlewares/Third_Party/FreeRTOS/Source/queue.o
LOAD ./Middlewares/Third_Party/FreeRTOS/Source/stream_buffer.o
LOAD ./Middlewares/Third_Party/FreeRTOS/Source/tasks.o
LOAD ./Middlewares/Third_Party/FreeRTOS/Source/timers.o
LOAD ./Middlewares/Third_Party/FreeRTOS/Source/portable/GCC/ARM_CM4F/port.o
LOAD ./Middlewares/Third_Party/FreeRTOS/Source/portable/MemMang/heap_4.o
START GROUP
LOAD C:/ST/STM32CubeIDE_1.16.0/STM32CubeIDE/plugins/com.st.stm32cube.ide.mcu.externaltools.gnu-tools-for-stm32.13.3.rel1.win32_1.0.0.202411081344/tools/bin/../lib/gcc/arm-none-eabi/13.3.1/../../../../arm-none-eabi/lib/thumb/v7e-m+fp/hard\libc_nano.a
LOAD C:/ST/STM32CubeIDE_1.16.0/STM32CubeIDE/plugins/com.st.stm32cube.ide.mcu.externaltools.gnu-tools-for-stm32.13.3.rel1.win32_1.0.0.202411081344/tools/bin/../lib/gcc/arm-none-eabi/13.3.1/../../../../arm-none-eabi/lib/thumb/v7e-m+fp/hard\libm.a
END GROUP
START GROUP
LOAD C:/ST/STM32CubeIDE_1.16.0/STM32CubeIDE/plugins/com.st.stm32cube.ide.mcu.externaltools.gnu-tools-for-stm32.13.3.rel1.win32_1.0.0.202411081344/tools/bin/../lib/gcc/arm-none-eabi/13.3.1/thumb/v7e-m+fp/hard\libgcc.a
LOAD C:/ST/STM32CubeIDE_1.16.0/STM32CubeIDE/plugins/com.st.stm32cube.ide.mcu.externaltools.gnu-tools-for-stm32.13.3.rel1.win32_1.0.0.202411081344/tools/bin/../lib/gcc/arm-none-eabi/13.3.1/../../../../arm-none-eabi/lib/thumb/v7e-m+fp/hard\libc_nano.a
END GROUP
START GROUP
LOAD C:/ST/STM32CubeIDE_1.16.0/STM32CubeIDE/plugins/com.st.stm32cube.ide.mcu.externaltools.gnu-tools-for-stm32.13.3.rel1.win32_1.0.0.202411081344/tools/bin/../lib/gcc/arm-none-eabi/13.3.1/thumb/v7e-m+fp/hard\libgcc.a
LOAD C:/ST/STM32CubeIDE_1.16.0/STM32CubeIDE/plugins/com.st.stm32cube.ide.mcu.externaltools.gnu-tools-for-stm32.13.3.rel1.win32_1.0.0.202411081344/tools/bin/../lib/gcc/arm-none-eabi/13.3.1/../../../../arm-none-eabi/lib/thumb/v7e-m+fp/hard\libc_nano.a
LOAD C:/ST/STM32CubeIDE_1.16.0/STM32CubeIDE/plugins/com.st.stm32cube.ide.mcu.externaltools.gnu-tools-for-stm32.13.3.rel1.win32_1.0.0.202411081344/tools/bin/../lib/gcc/arm-none-eabi/13.3.1/../../../../arm-none-eabi/lib/thumb/v7e-m+fp/hard\libnosys.a
END GROUP
START GROUP
LOAD C:/ST/STM32CubeIDE_1.16.0/STM32CubeIDE/plugins/com.st.stm32cube.ide.mcu.externaltools.gnu-tools-for-stm32.13.3.rel1.win32_1.0.0.202411081344/tools/bin/../lib/gcc/arm-none-eabi/13.3.1/thumb/v7e-m+fp/hard\libgcc.a
LOAD C:/ST/STM32CubeIDE_1.16.0/STM32CubeIDE/plugins/com.st.stm32cube.ide.mcu.externaltools.gnu-tools-for-stm32.13.3.rel1.win32_1.0.0.202411081344/tools/bin/../lib/gcc/arm-none-eabi/13.3.1/../../../../arm-none-eabi/lib/thumb/v7e-m+fp/hard\libc_nano.a
LOAD C:/ST/STM32CubeIDE_1.16.0/STM32CubeIDE/plugins/com.st.stm32cube.ide.mcu.externaltools.gnu-tools-for-stm32.13.3.rel1.win32_1.0.0.202411081344/tools/bin/../lib/gcc/arm-none-eabi/13.3.1/../../../../arm-none-eabi/lib/thumb/v7e-m+fp/hard\libnosys.a
END GROUP
LOAD C:/ST/STM32CubeIDE_1.16.0/STM32CubeIDE/plugins/com.st.stm32cube.ide.mcu.externaltools.gnu-tools-for-stm32.13.3.rel1.win32_1.0.0.202411081344/tools/bin/../lib/gcc/arm-none-eabi/13.3.1/thumb/v7e-m+fp/hard/crtend.o
LOAD C:/ST/STM32CubeIDE_1.16.0/STM32CubeIDE/plugins/com.st.stm32cube.ide.mcu.externaltools.gnu-tools-for-stm32.13.3.rel1.win32_1.0.0.202411081344/tools/bin/../lib/gcc/arm-none-eabi/13.3.1/thumb/v7e-m+fp/hard/crtn.o
                0x20020000                        _estack = (ORIGIN (RAM) + LENGTH (RAM))
                0x00000200                        _Min_Heap_Size = 0x200
                0x00000400                        _Min_Stack_Size = 0x400

.isr_vector     0x08000000      0x198
                0x08000000                        . = ALIGN (0x4)
 *(.isr_vector)
 .isr_vector    0x08000000      0x198 ./Core/Startup/startup_stm32f411vetx.o
                0x08000000                g_pfnVectors
                0x08000198                        . = ALIGN (0x4)

.text           0x080001a0     0xa6fc
                0x080001a0                        . = ALIGN (0x4)
 *(.text)
 .text          0x080001a0       0x40 C:/ST/STM32CubeIDE_1.16.0/STM32CubeIDE/plugins/com.st.stm32cube.ide.mcu.externaltools.gnu-tools-for-stm32.13.3.rel1.win32_1.0.0.202411081344/tools/bin/../lib/gcc/arm-none-eabi/13.3.1/thumb/v7e-m+fp/hard/crtbegin.o
 .text          0x080001e0       0x14 C:/ST/STM32CubeIDE_1.16.0/STM32CubeIDE/plugins/com.st.stm32cube.ide.mcu.externaltools.gnu-tools-for-stm32.13.3.rel1.win32_1.0.0.202411081344/tools/bin/../lib/gcc/arm-none-eabi/13.3.1/../../../../arm-none-eabi/lib/thumb/v7e-m+fp/hard\libc_nano.a(libc_a-strcmp.o)
                0x080001e0                strcmp
 *fill*         0x080001f4        0xc 
 .text          0x08000200       0xa0 C:/ST/STM32CubeIDE_1.16.0/STM32CubeIDE/plugins/com.st.stm32cube.ide.mcu.externaltools.gnu-tools-for-stm32.13.3.rel1.win32_1.0.0.202411081344/tools/bin/../lib/gcc/arm-none-eabi/13.3.1/../../../../arm-none-eabi/lib/thumb/v7e-m+fp/hard\libc_nano.a(libc_a-memchr.o)
                0x08000200                memchr
 .text          0x080002a0       0x30 C:/ST/STM32CubeIDE_1.16.0/STM32CubeIDE/plugins/com.st.stm32cube.ide.mcu.externaltools.gnu-tools-for-stm32.13.3.rel1.win32_1.0.0.202411081344/tools/bin/../lib/gcc/arm-none-eabi/13.3.1/thumb/v7e-m+fp/hard\libgcc.a(_aeabi_uldivmod.o)
                0x080002a0                __aeabi_uldivmod
 .text          0x080002d0      0x2f8 C:/ST/STM32CubeIDE_1.16.0/STM32CubeIDE/plugins/com.st.stm32cube.ide.mcu.externaltools.gnu-tools-for-stm32.13.3.rel1.win32_1.0.0.202411081344/tools/bin/../lib/gcc/arm-none-eabi/13.3.1/thumb/v7e-m+fp/hard\libgcc.a(_udivmoddi4.o)
                0x080002d0                __udivmoddi4
 .text          0x080005c8        0x4 C:/ST/STM32CubeIDE_1.16.0/STM32CubeIDE/plugins/com.st.stm32cube.ide.mcu.externaltools.gnu-tools-for-stm32.13.3.rel1.win32_1.0.0.202411081344/tools/bin/../lib/gcc/arm-none-eabi/13.3.1/thumb/v7e-m+fp/hard\libgcc.a(_dvmd_tls.o)
                0x080005c8                __aeabi_idiv0
                0x080005c8                __aeabi_ldiv0
 *(.text*)
 .text.LCD_WriteByte
                0x080005cc       0x28 ./Core/Src/LCD1602.o
 .text.LCD_SendCmd_8bit
                0x080005f4       0x64 ./Core/Src/LCD1602.o
 .text.LCD_SendCmd
                0x08000658       0x20 ./Core/Src/LCD1602.o
 .text.LCD_SendByte
                0x08000678       0x70 ./Core/Src/LCD1602.o
 .text.LCD_Init
                0x080006e8       0xb8 ./Core/Src/LCD1602.o
                0x080006e8                LCD_Init
 .text.LCD_PrintString
                0x080007a0       0x3a ./Core/Src/LCD1602.o
                0x080007a0                LCD_PrintString
 .text.LCD_Clear
                0x080007da       0x16 ./Core/Src/LCD1602.o
                0x080007da                LCD_Clear
 .text.LCD_SetCursor
                0x080007f0       0xb0 ./Core/Src/LCD1602.o
                0x080007f0                LCD_SetCursor
 .text.MP3_calculate_check_sum
                0x080008a0       0x40 ./Core/Src/MP3_player.o
                0x080008a0                MP3_calculate_check_sum
 .text.MP3_send_stack
                0x080008e0       0x3c ./Core/Src/MP3_player.o
                0x080008e0                MP3_send_stack
 .text.MP3_send_command_with_param
                0x0800091c       0x44 ./Core/Src/MP3_player.o
                0x0800091c                MP3_send_command_with_param
 .text.MP3_send_command
                0x08000960       0x20 ./Core/Src/MP3_player.o
                0x08000960                MP3_send_command
 .text.MP3_init
                0x08000980       0x32 ./Core/Src/MP3_player.o
                0x08000980                MP3_init
 .text.MP3_set_playback_mode
                0x080009b2       0x1c ./Core/Src/MP3_player.o
                0x080009b2                MP3_set_playback_mode
 .text.MP3_play_folder
                0x080009ce       0x20 ./Core/Src/MP3_player.o
                0x080009ce                MP3_play_folder
 .text.MP3_play_sound_effect
                0x080009ee       0x1e ./Core/Src/MP3_player.o
                0x080009ee                MP3_play_sound_effect
 .text.KeypadGetKey
                0x08000a0c      0x2d4 ./Core/Src/Matrix_Keypad.o
                0x08000a0c                KeypadGetKey
 .text.RA8876_write
                0x08000ce0       0x34 ./Core/Src/RA8876_driver.o
                0x08000ce0                RA8876_write
 .text.RA8876_SDRAM_init
                0x08000d14       0x6c ./Core/Src/RA8876_driver.o
                0x08000d14                RA8876_SDRAM_init
 .text.RA8876_display_init
                0x08000d80      0x228 ./Core/Src/RA8876_driver.o
                0x08000d80                RA8876_display_init
 .text.RA8876_PLL_init
                0x08000fa8       0x4c ./Core/Src/RA8876_driver.o
                0x08000fa8                RA8876_PLL_init
 .text.RA8876_write_register
                0x08000ff4       0x44 ./Core/Src/RA8876_driver.o
                0x08000ff4                RA8876_write_register
 .text.RA8876_read_register
                0x08001038       0x80 ./Core/Src/RA8876_driver.o
                0x08001038                RA8876_read_register
 .text.RA8876_set_mode
                0x080010b8       0x48 ./Core/Src/RA8876_driver.o
                0x080010b8                RA8876_set_mode
 .text.RA8876_display_on
                0x08001100       0x2a ./Core/Src/RA8876_driver.o
                0x08001100                RA8876_display_on
 .text.RA8876_set_point_1_and_2
                0x0800112a       0xa6 ./Core/Src/RA8876_driver.o
                0x0800112a                RA8876_set_point_1_and_2
 .text.RA8876_clear_screen
                0x080011d0       0x26 ./Core/Src/RA8876_driver.o
                0x080011d0                RA8876_clear_screen
 *fill*         0x080011f6        0x2 
 .text.RA8876_draw_circle
                0x080011f8       0xe4 ./Core/Src/RA8876_driver.o
                0x080011f8                RA8876_draw_circle
 .text.RA8876_draw_diamond
                0x080012dc       0x96 ./Core/Src/RA8876_driver.o
                0x080012dc                RA8876_draw_diamond
 *fill*         0x08001372        0x2 
 .text.RA8876_draw_triangle
                0x08001374       0xb8 ./Core/Src/RA8876_driver.o
                0x08001374                RA8876_draw_triangle
 .text.RA8876_draw_rectangle
                0x0800142c       0x78 ./Core/Src/RA8876_driver.o
                0x0800142c                RA8876_draw_rectangle
 .text.RA8876_set_foreground_color
                0x080014a4       0x50 ./Core/Src/RA8876_driver.o
                0x080014a4                RA8876_set_foreground_color
 .text.RA8876_draw_image_BTE
                0x080014f4      0x1dc ./Core/Src/RA8876_driver.o
                0x080014f4                RA8876_draw_image_BTE
 .text.RA8876_SLOT_clear
                0x080016d0       0x2c ./Core/Src/RA8876_driver.o
                0x080016d0                RA8876_SLOT_clear
 .text.RA8876_SLOT_stop_roll
                0x080016fc       0x90 ./Core/Src/RA8876_driver.o
                0x080016fc                RA8876_SLOT_stop_roll
 .text.RA8876_SLOT_draw_roll
                0x0800178c       0xf8 ./Core/Src/RA8876_driver.o
                0x0800178c                RA8876_SLOT_draw_roll
 .text.RA8876_draw_pacman
                0x08001884       0xb8 ./Core/Src/RA8876_driver.o
                0x08001884                RA8876_draw_pacman
 .text.RA8876_draw_tree
                0x0800193c       0xc0 ./Core/Src/RA8876_driver.o
                0x0800193c                RA8876_draw_tree
 .text.RA8876_draw_present
                0x080019fc       0xe0 ./Core/Src/RA8876_driver.o
                0x080019fc                RA8876_draw_present
 .text.RA8876_draw_snowman
                0x08001adc      0x148 ./Core/Src/RA8876_driver.o
                0x08001adc                RA8876_draw_snowman
 .text.RA8876_SLOT_draw_symbol
                0x08001c24      0x208 ./Core/Src/RA8876_driver.o
                0x08001c24                RA8876_SLOT_draw_symbol
 .text.RA8876_fill_gradient_128x128
                0x08001e2c      0x194 ./Core/Src/RA8876_driver.o
                0x08001e2c                RA8876_fill_gradient_128x128
 .text.RA8876_fill_bottom_gradient
                0x08001fc0      0x180 ./Core/Src/RA8876_driver.o
                0x08001fc0                RA8876_fill_bottom_gradient
 .text.MX_FREERTOS_Init
                0x08002140       0x78 ./Core/Src/freertos.o
                0x08002140                MX_FREERTOS_Init
 .text.StartDefaultTask
                0x080021b8       0xd4 ./Core/Src/freertos.o
                0x080021b8                StartDefaultTask
 .text.main_display_task
                0x0800228c      0x218 ./Core/Src/freertos.o
                0x0800228c                main_display_task
 .text.buttons_task
                0x080024a4       0xf8 ./Core/Src/freertos.o
                0x080024a4                buttons_task
 .text.control_display
                0x0800259c      0x3f4 ./Core/Src/freertos.o
                0x0800259c                control_display
 .text.custom_parse_win_rate
                0x08002990       0x76 ./Core/Src/freertos.o
                0x08002990                custom_parse_win_rate
 *fill*         0x08002a06        0x2 
 .text.ui_draw_stats
                0x08002a08       0xb8 ./Core/Src/freertos.o
                0x08002a08                ui_draw_stats
 .text.ui_draw_win_rate
                0x08002ac0       0x6c ./Core/Src/freertos.o
                0x08002ac0                ui_draw_win_rate
 .text.write_stop_buttons
                0x08002b2c       0x48 ./Core/Src/freertos.o
                0x08002b2c                write_stop_buttons
 .text.stagger_stop_buttons
                0x08002b74       0x58 ./Core/Src/freertos.o
                0x08002b74                stagger_stop_buttons
 .text.initialise_main_display
                0x08002bcc       0x6c ./Core/Src/freertos.o
                0x08002bcc                initialise_main_display
 .text.slot_rand
                0x08002c38       0x30 ./Core/Src/freertos.o
                0x08002c38                slot_rand
 .text.get_random_number
                0x08002c68       0x34 ./Core/Src/freertos.o
                0x08002c68                get_random_number
 .text.MX_GPIO_Init
                0x08002c9c      0x2e4 ./Core/Src/gpio.o
                0x08002c9c                MX_GPIO_Init
 .text.MX_I2C1_Init
                0x08002f80       0x5c ./Core/Src/i2c.o
                0x08002f80                MX_I2C1_Init
 .text.HAL_I2C_MspInit
                0x08002fdc       0x90 ./Core/Src/i2c.o
                0x08002fdc                HAL_I2C_MspInit
 .text.main     0x0800306c       0x30 ./Core/Src/main.o
                0x0800306c                main
 .text.SystemClock_Config
                0x0800309c       0xd4 ./Core/Src/main.o
                0x0800309c                SystemClock_Config
 .text.HAL_TIM_PeriodElapsedCallback
                0x08003170       0x24 ./Core/Src/main.o
                0x08003170                HAL_TIM_PeriodElapsedCallback
 .text.Error_Handler
                0x08003194        0xc ./Core/Src/main.o
                0x08003194                Error_Handler
 .text.MX_SPI2_Init
                0x080031a0       0x6c ./Core/Src/spi.o
                0x080031a0                MX_SPI2_Init
 .text.MX_SPI5_Init
                0x0800320c       0x6c ./Core/Src/spi.o
                0x0800320c                MX_SPI5_Init
 .text.HAL_SPI_MspInit
                0x08003278      0x160 ./Core/Src/spi.o
                0x08003278                HAL_SPI_MspInit
 .text.HAL_MspInit
                0x080033d8       0x58 ./Core/Src/stm32f4xx_hal_msp.o
                0x080033d8                HAL_MspInit
 .text.HAL_InitTick
                0x08003430       0xe8 ./Core/Src/stm32f4xx_hal_timebase_tim.o
                0x08003430                HAL_InitTick
 .text.NMI_Handler
                0x08003518        0x8 ./Core/Src/stm32f4xx_it.o
                0x08003518                NMI_Handler
 .text.HardFault_Handler
                0x08003520        0x8 ./Core/Src/stm32f4xx_it.o
                0x08003520                HardFault_Handler
 .text.MemManage_Handler
                0x08003528        0x8 ./Core/Src/stm32f4xx_it.o
                0x08003528                MemManage_Handler
 .text.BusFault_Handler
                0x08003530        0x8 ./Core/Src/stm32f4xx_it.o
                0x08003530                BusFault_Handler
 .text.UsageFault_Handler
                0x08003538        0x8 ./Core/Src/stm32f4xx_it.o
                0x08003538                UsageFault_Handler
 .text.DebugMon_Handler
                0x08003540        0xe ./Core/Src/stm32f4xx_it.o
                0x08003540                DebugMon_Handler
 *fill*         0x0800354e        0x2 
 .text.TIM1_UP_TIM10_IRQHandler
                0x08003550       0x14 ./Core/Src/stm32f4xx_it.o
                0x08003550                TIM1_UP_TIM10_IRQHandler
 .text._getpid  0x08003564       0x10 ./Core/Src/syscalls.o
                0x08003564                _getpid
 .text._kill    0x08003574       0x20 ./Core/Src/syscalls.o
                0x08003574                _kill
 .text._exit    0x08003594       0x16 ./Core/Src/syscalls.o
                0x08003594                _exit
 .text._read    0x080035aa       0x3a ./Core/Src/syscalls.o
                0x080035aa                _read
 .text._write   0x080035e4       0x38 ./Core/Src/syscalls.o
                0x080035e4                _write
 .text._close   0x0800361c       0x18 ./Core/Src/syscalls.o
                0x0800361c                _close
 .text._fstat   0x08003634       0x20 ./Core/Src/syscalls.o
                0x08003634                _fstat
 .text._isatty  0x08003654       0x16 ./Core/Src/syscalls.o
                0x08003654                _isatty
 .text._lseek   0x0800366a       0x1a ./Core/Src/syscalls.o
                0x0800366a                _lseek
 .text._sbrk    0x08003684       0x6c ./Core/Src/sysmem.o
                0x08003684                _sbrk
 .text.SystemInit
                0x080036f0       0x24 ./Core/Src/system_stm32f4xx.o
                0x080036f0                SystemInit
 .text.MX_USART6_UART_Init
                0x08003714       0x54 ./Core/Src/usart.o
                0x08003714                MX_USART6_UART_Init
 .text.HAL_UART_MspInit
                0x08003768       0x90 ./Core/Src/usart.o
                0x08003768                HAL_UART_MspInit
 .text.Reset_Handler
                0x080037f8       0x50 ./Core/Startup/startup_stm32f411vetx.o
                0x080037f8                Reset_Handler
 .text.Default_Handler
                0x08003848        0x2 ./Core/Startup/startup_stm32f411vetx.o
                0x08003848                RTC_Alarm_IRQHandler
                0x08003848                EXTI2_IRQHandler
                0x08003848                SPI4_IRQHandler
                0x08003848                TIM1_CC_IRQHandler
                0x08003848                DMA2_Stream5_IRQHandler
                0x08003848                DMA1_Stream5_IRQHandler
                0x08003848                PVD_IRQHandler
                0x08003848                SDIO_IRQHandler
                0x08003848                TAMP_STAMP_IRQHandler
                0x08003848                EXTI3_IRQHandler
                0x08003848                I2C3_ER_IRQHandler
                0x08003848                EXTI0_IRQHandler
                0x08003848                I2C2_EV_IRQHandler
                0x08003848                DMA1_Stream2_IRQHandler
                0x08003848                FPU_IRQHandler
                0x08003848                DMA2_Stream2_IRQHandler
                0x08003848                SPI1_IRQHandler
                0x08003848                TIM1_BRK_TIM9_IRQHandler
                0x08003848                DMA2_Stream3_IRQHandler
                0x08003848                USART6_IRQHandler
                0x08003848                DMA2_Stream0_IRQHandler
                0x08003848                TIM4_IRQHandler
                0x08003848                I2C1_EV_IRQHandler
                0x08003848                DMA1_Stream6_IRQHandler
                0x08003848                DMA1_Stream1_IRQHandler
                0x08003848                TIM3_IRQHandler
                0x08003848                RCC_IRQHandler
                0x08003848                Default_Handler
                0x08003848                EXTI15_10_IRQHandler
                0x08003848                ADC_IRQHandler
                0x08003848                DMA1_Stream7_IRQHandler
                0x08003848                SPI5_IRQHandler
                0x08003848                TIM5_IRQHandler
                0x08003848                DMA2_Stream7_IRQHandler
                0x08003848                I2C3_EV_IRQHandler
                0x08003848                EXTI9_5_IRQHandler
                0x08003848                RTC_WKUP_IRQHandler
                0x08003848                SPI2_IRQHandler
                0x08003848                DMA1_Stream0_IRQHandler
                0x08003848                EXTI4_IRQHandler
                0x08003848                WWDG_IRQHandler
                0x08003848                TIM2_IRQHandler
                0x08003848                OTG_FS_WKUP_IRQHandler
                0x08003848                TIM1_TRG_COM_TIM11_IRQHandler
                0x08003848                EXTI1_IRQHandler
                0x08003848                USART2_IRQHandler
                0x08003848                I2C2_ER_IRQHandler
                0x08003848                DMA2_Stream1_IRQHandler
                0x08003848                FLASH_IRQHandler
                0x08003848                DMA2_Stream4_IRQHandler
                0x08003848                USART1_IRQHandler
                0x08003848                OTG_FS_IRQHandler
                0x08003848                SPI3_IRQHandler
                0x08003848                DMA1_Stream4_IRQHandler
                0x08003848                I2C1_ER_IRQHandler
                0x08003848                DMA2_Stream6_IRQHandler
                0x08003848                DMA1_Stream3_IRQHandler
 *fill*         0x0800384a        0x2 
 .text.HAL_Init
                0x0800384c       0x44 ./Drivers/STM32F4xx_HAL_Driver/Src/stm32f4xx_hal.o
                0x0800384c                HAL_Init
 .text.HAL_IncTick
                0x08003890       0x28 ./Drivers/STM32F4xx_HAL_Driver/Src/stm32f4xx_hal.o
                0x08003890                HAL_IncTick
 .text.HAL_GetTick
                0x080038b8       0x18 ./Drivers/STM32F4xx_HAL_Driver/Src/stm32f4xx_hal.o
                0x080038b8                HAL_GetTick
 .text.HAL_Delay
                0x080038d0       0x48 ./Drivers/STM32F4xx_HAL_Driver/Src/stm32f4xx_hal.o
                0x080038d0                HAL_Delay
 .text.__NVIC_SetPriorityGrouping
                0x08003918       0x48 ./Drivers/STM32F4xx_HAL_Driver/Src/stm32f4xx_hal_cortex.o
 .text.__NVIC_GetPriorityGrouping
                0x08003960       0x1c ./Drivers/STM32F4xx_HAL_Driver/Src/stm32f4xx_hal_cortex.o
 .text.__NVIC_EnableIRQ
                0x0800397c       0x3c ./Drivers/STM32F4xx_HAL_Driver/Src/stm32f4xx_hal_cortex.o
 .text.__NVIC_SetPriority
                0x080039b8       0x54 ./Drivers/STM32F4xx_HAL_Driver/Src/stm32f4xx_hal_cortex.o
 .text.NVIC_EncodePriority
                0x08003a0c       0x66 ./Drivers/STM32F4xx_HAL_Driver/Src/stm32f4xx_hal_cortex.o
 .text.HAL_NVIC_SetPriorityGrouping
                0x08003a72       0x16 ./Drivers/STM32F4xx_HAL_Driver/Src/stm32f4xx_hal_cortex.o
                0x08003a72                HAL_NVIC_SetPriorityGrouping
 .text.HAL_NVIC_SetPriority
                0x08003a88       0x38 ./Drivers/STM32F4xx_HAL_Driver/Src/stm32f4xx_hal_cortex.o
                0x08003a88                HAL_NVIC_SetPriority
 .text.HAL_NVIC_EnableIRQ
                0x08003ac0       0x1c ./Drivers/STM32F4xx_HAL_Driver/Src/stm32f4xx_hal_cortex.o
                0x08003ac0                HAL_NVIC_EnableIRQ
 .text.HAL_GPIO_Init
                0x08003adc      0x308 ./Drivers/STM32F4xx_HAL_Driver/Src/stm32f4xx_hal_gpio.o
                0x08003adc                HAL_GPIO_Init
 .text.HAL_GPIO_ReadPin
                0x08003de4       0x30 ./Drivers/STM32F4xx_HAL_Driver/Src/stm32f4xx_hal_gpio.o
                0x08003de4                HAL_GPIO_ReadPin
 .text.HAL_GPIO_WritePin
                0x08003e14       0x32 ./Drivers/STM32F4xx_HAL_Driver/Src/stm32f4xx_hal_gpio.o
                0x08003e14                HAL_GPIO_WritePin
 .text.HAL_GPIO_TogglePin
                0x08003e46       0x34 ./Drivers/STM32F4xx_HAL_Driver/Src/stm32f4xx_hal_gpio.o
                0x08003e46                HAL_GPIO_TogglePin
 *fill*         0x08003e7a        0x2 
 .text.HAL_I2C_Init
                0x08003e7c      0x288 ./Drivers/STM32F4xx_HAL_Driver/Src/stm32f4xx_hal_i2c.o
                0x08003e7c                HAL_I2C_Init
 .text.HAL_I2C_Master_Transmit
                0x08004104      0x1fc ./Drivers/STM32F4xx_HAL_Driver/Src/stm32f4xx_hal_i2c.o
                0x08004104                HAL_I2C_Master_Transmit
 .text.I2C_MasterRequestWrite
                0x08004300      0x104 ./Drivers/STM32F4xx_HAL_Driver/Src/stm32f4xx_hal_i2c.o
 .text.I2C_WaitOnFlagUntilTimeout
                0x08004404       0xf4 ./Drivers/STM32F4xx_HAL_Driver/Src/stm32f4xx_hal_i2c.o
 .text.I2C_WaitOnMasterAddressFlagUntilTimeout
                0x080044f8      0x140 ./Drivers/STM32F4xx_HAL_Driver/Src/stm32f4xx_hal_i2c.o
 .text.I2C_WaitOnTXEFlagUntilTimeout
                0x08004638       0x90 ./Drivers/STM32F4xx_HAL_Driver/Src/stm32f4xx_hal_i2c.o
 .text.I2C_WaitOnBTFFlagUntilTimeout
                0x080046c8       0x90 ./Drivers/STM32F4xx_HAL_Driver/Src/stm32f4xx_hal_i2c.o
 .text.I2C_IsAcknowledgeFailed
                0x08004758       0x5e ./Drivers/STM32F4xx_HAL_Driver/Src/stm32f4xx_hal_i2c.o
 *fill*         0x080047b6        0x2 
 .text.HAL_RCC_OscConfig
                0x080047b8      0x4f0 ./Drivers/STM32F4xx_HAL_Driver/Src/stm32f4xx_hal_rcc.o
                0x080047b8                HAL_RCC_OscConfig
 .text.HAL_RCC_ClockConfig
                0x08004ca8      0x1cc ./Drivers/STM32F4xx_HAL_Driver/Src/stm32f4xx_hal_rcc.o
                0x08004ca8                HAL_RCC_ClockConfig
 .text.HAL_RCC_GetSysClockFreq
                0x08004e74      0x20c ./Drivers/STM32F4xx_HAL_Driver/Src/stm32f4xx_hal_rcc.o
                0x08004e74                HAL_RCC_GetSysClockFreq
 .text.HAL_RCC_GetHCLKFreq
                0x08005080       0x18 ./Drivers/STM32F4xx_HAL_Driver/Src/stm32f4xx_hal_rcc.o
                0x08005080                HAL_RCC_GetHCLKFreq
 .text.HAL_RCC_GetPCLK1Freq
                0x08005098       0x28 ./Drivers/STM32F4xx_HAL_Driver/Src/stm32f4xx_hal_rcc.o
                0x08005098                HAL_RCC_GetPCLK1Freq
 .text.HAL_RCC_GetPCLK2Freq
                0x080050c0       0x28 ./Drivers/STM32F4xx_HAL_Driver/Src/stm32f4xx_hal_rcc.o
                0x080050c0                HAL_RCC_GetPCLK2Freq
 .text.HAL_RCC_GetClockConfig
                0x080050e8       0x64 ./Drivers/STM32F4xx_HAL_Driver/Src/stm32f4xx_hal_rcc.o
                0x080050e8                HAL_RCC_GetClockConfig
 .text.HAL_SPI_Init
                0x0800514c      0x112 ./Drivers/STM32F4xx_HAL_Driver/Src/stm32f4xx_hal_spi.o
                0x0800514c                HAL_SPI_Init
 .text.HAL_SPI_Transmit
                0x0800525e      0x288 ./Drivers/STM32F4xx_HAL_Driver/Src/stm32f4xx_hal_spi.o
                0x0800525e                HAL_SPI_Transmit
 .text.HAL_SPI_TransmitReceive
                0x080054e6      0x352 ./Drivers/STM32F4xx_HAL_Driver/Src/stm32f4xx_hal_spi.o
                0x080054e6                HAL_SPI_TransmitReceive
 .text.SPI_WaitFlagStateUntilTimeout
                0x08005838      0x110 ./Drivers/STM32F4xx_HAL_Driver/Src/stm32f4xx_hal_spi.o
 .text.SPI_EndRxTxTransaction
                0x08005948       0xa8 ./Drivers/STM32F4xx_HAL_Driver/Src/stm32f4xx_hal_spi.o
 .text.HAL_TIM_Base_Init
                0x080059f0       0x9e ./Drivers/STM32F4xx_HAL_Driver/Src/stm32f4xx_hal_tim.o
                0x080059f0                HAL_TIM_Base_Init
 .text.HAL_TIM_Base_MspInit
                0x08005a8e       0x14 ./Drivers/STM32F4xx_HAL_Driver/Src/stm32f4xx_hal_tim.o
                0x08005a8e                HAL_TIM_Base_MspInit
 *fill*         0x08005aa2        0x2 
 .text.HAL_TIM_Base_Start_IT
                0x08005aa4       0xc4 ./Drivers/STM32F4xx_HAL_Driver/Src/stm32f4xx_hal_tim.o
                0x08005aa4                HAL_TIM_Base_Start_IT
 .text.HAL_TIM_IRQHandler
                0x08005b68      0x1e0 ./Drivers/STM32F4xx_HAL_Driver/Src/stm32f4xx_hal_tim.o
                0x08005b68                HAL_TIM_IRQHandler
 .text.HAL_TIM_OC_DelayElapsedCallback
                0x08005d48       0x14 ./Drivers/STM32F4xx_HAL_Driver/Src/stm32f4xx_hal_tim.o
                0x08005d48                HAL_TIM_OC_DelayElapsedCallback
 .text.HAL_TIM_IC_CaptureCallback
                0x08005d5c       0x14 ./Drivers/STM32F4xx_HAL_Driver/Src/stm32f4xx_hal_tim.o
                0x08005d5c                HAL_TIM_IC_CaptureCallback
 .text.HAL_TIM_PWM_PulseFinishedCallback
                0x08005d70       0x14 ./Drivers/STM32F4xx_HAL_Driver/Src/stm32f4xx_hal_tim.o
                0x08005d70                HAL_TIM_PWM_PulseFinishedCallback
 .text.HAL_TIM_TriggerCallback
                0x08005d84       0x14 ./Drivers/STM32F4xx_HAL_Driver/Src/stm32f4xx_hal_tim.o
                0x08005d84                HAL_TIM_TriggerCallback
 .text.TIM_Base_SetConfig
                0x08005d98      0x10c ./Drivers/STM32F4xx_HAL_Driver/Src/stm32f4xx_hal_tim.o
                0x08005d98                TIM_Base_SetConfig
 .text.HAL_TIMEx_CommutCallback
                0x08005ea4       0x14 ./Drivers/STM32F4xx_HAL_Driver/Src/stm32f4xx_hal_tim_ex.o
                0x08005ea4                HAL_TIMEx_CommutCallback
 .text.HAL_TIMEx_BreakCallback
                0x08005eb8       0x14 ./Drivers/STM32F4xx_HAL_Driver/Src/stm32f4xx_hal_tim_ex.o
                0x08005eb8                HAL_TIMEx_BreakCallback
 .text.HAL_UART_Init
                0x08005ecc       0xa0 ./Drivers/STM32F4xx_HAL_Driver/Src/stm32f4xx_hal_uart.o
                0x08005ecc                HAL_UART_Init
 .text.HAL_UART_Transmit
                0x08005f6c      0x116 ./Drivers/STM32F4xx_HAL_Driver/Src/stm32f4xx_hal_uart.o
                0x08005f6c                HAL_UART_Transmit
 .text.UART_WaitOnFlagUntilTimeout
                0x08006082       0xb2 ./Drivers/STM32F4xx_HAL_Driver/Src/stm32f4xx_hal_uart.o
 .text.UART_EndRxTransfer
                0x08006134       0xc6 ./Drivers/STM32F4xx_HAL_Driver/Src/stm32f4xx_hal_uart.o
 *fill*         0x080061fa        0x2 
 .text.UART_SetConfig
                0x080061fc      0x4e8 ./Drivers/STM32F4xx_HAL_Driver/Src/stm32f4xx_hal_uart.o
 .text.__NVIC_SetPriority
                0x080066e4       0x54 ./Middlewares/Third_Party/FreeRTOS/Source/CMSIS_RTOS_V2/cmsis_os2.o
 .text.SysTick_Handler
                0x08006738       0x20 ./Middlewares/Third_Party/FreeRTOS/Source/CMSIS_RTOS_V2/cmsis_os2.o
                0x08006738                SysTick_Handler
 .text.SVC_Setup
                0x08006758       0x12 ./Middlewares/Third_Party/FreeRTOS/Source/CMSIS_RTOS_V2/cmsis_os2.o
 *fill*         0x0800676a        0x2 
 .text.osKernelInitialize
                0x0800676c       0x48 ./Middlewares/Third_Party/FreeRTOS/Source/CMSIS_RTOS_V2/cmsis_os2.o
                0x0800676c                osKernelInitialize
 .text.osKernelStart
                0x080067b4       0x4c ./Middlewares/Third_Party/FreeRTOS/Source/CMSIS_RTOS_V2/cmsis_os2.o
                0x080067b4                osKernelStart
 .text.osThreadNew
                0x08006800      0x124 ./Middlewares/Third_Party/FreeRTOS/Source/CMSIS_RTOS_V2/cmsis_os2.o
                0x08006800                osThreadNew
 .text.osThreadSetPriority
                0x08006924       0x54 ./Middlewares/Third_Party/FreeRTOS/Source/CMSIS_RTOS_V2/cmsis_os2.o
                0x08006924                osThreadSetPriority
 .text.osDelay  0x08006978       0x36 ./Middlewares/Third_Party/FreeRTOS/Source/CMSIS_RTOS_V2/cmsis_os2.o
                0x08006978                osDelay
 *fill*         0x080069ae        0x2 
 .text.vApplicationGetIdleTaskMemory
                0x080069b0       0x34 ./Middlewares/Third_Party/FreeRTOS/Source/CMSIS_RTOS_V2/cmsis_os2.o
                0x080069b0                vApplicationGetIdleTaskMemory
 .text.vApplicationGetTimerTaskMemory
                0x080069e4       0x34 ./Middlewares/Third_Party/FreeRTOS/Source/CMSIS_RTOS_V2/cmsis_os2.o
                0x080069e4                vApplicationGetTimerTaskMemory
 .text.vListInitialise
                0x08006a18       0x40 ./Middlewares/Third_Party/FreeRTOS/Source/list.o
                0x08006a18                vListInitialise
 .text.vListInitialiseItem
                0x08006a58       0x1a ./Middlewares/Third_Party/FreeRTOS/Source/list.o
                0x08006a58                vListInitialiseItem
 .text.vListInsertEnd
                0x08006a72       0x48 ./Middlewares/Third_Party/FreeRTOS/Source/list.o
                0x08006a72                vListInsertEnd
 .text.vListInsert
                0x08006aba       0x72 ./Middlewares/Third_Party/FreeRTOS/Source/list.o
                0x08006aba                vListInsert
 .text.uxListRemove
                0x08006b2c       0x54 ./Middlewares/Third_Party/FreeRTOS/Source/list.o
                0x08006b2c                uxListRemove
 .text.xQueueGenericReset
                0x08006b80       0xd4 ./Middlewares/Third_Party/FreeRTOS/Source/queue.o
                0x08006b80                xQueueGenericReset
 .text.xQueueGenericCreateStatic
                0x08006c54       0xfa ./Middlewares/Third_Party/FreeRTOS/Source/queue.o
                0x08006c54                xQueueGenericCreateStatic
 .text.prvInitialiseNewQueue
                0x08006d4e       0x46 ./Middlewares/Third_Party/FreeRTOS/Source/queue.o
 .text.xQueueGenericSend
                0x08006d94      0x204 ./Middlewares/Third_Party/FreeRTOS/Source/queue.o
                0x08006d94                xQueueGenericSend
 .text.xQueueGenericSendFromISR
                0x08006f98      0x13c ./Middlewares/Third_Party/FreeRTOS/Source/queue.o
                0x08006f98                xQueueGenericSendFromISR
 .text.xQueueReceive
                0x080070d4      0x1c4 ./Middlewares/Third_Party/FreeRTOS/Source/queue.o
                0x080070d4                xQueueReceive
 .text.prvCopyDataToQueue
                0x08007298       0xd4 ./Middlewares/Third_Party/FreeRTOS/Source/queue.o
 .text.prvCopyDataFromQueue
                0x0800736c       0x4c ./Middlewares/Third_Party/FreeRTOS/Source/queue.o
 .text.prvUnlockQueue
                0x080073b8       0xa4 ./Middlewares/Third_Party/FreeRTOS/Source/queue.o
 .text.prvIsQueueEmpty
                0x0800745c       0x2c ./Middlewares/Third_Party/FreeRTOS/Source/queue.o
 .text.prvIsQueueFull
                0x08007488       0x30 ./Middlewares/Third_Party/FreeRTOS/Source/queue.o
 .text.vQueueAddToRegistry
                0x080074b8       0x54 ./Middlewares/Third_Party/FreeRTOS/Source/queue.o
                0x080074b8                vQueueAddToRegistry
 .text.vQueueWaitForMessageRestricted
                0x0800750c       0x68 ./Middlewares/Third_Party/FreeRTOS/Source/queue.o
                0x0800750c                vQueueWaitForMessageRestricted
 .text.xTaskCreateStatic
                0x08007574       0xc0 ./Middlewares/Third_Party/FreeRTOS/Source/tasks.o
                0x08007574                xTaskCreateStatic
 .text.xTaskCreate
                0x08007634       0x8a ./Middlewares/Third_Party/FreeRTOS/Source/tasks.o
                0x08007634                xTaskCreate
 *fill*         0x080076be        0x2 
 .text.prvInitialiseNewTask
                0x080076c0      0x150 ./Middlewares/Third_Party/FreeRTOS/Source/tasks.o
 .text.prvAddNewTaskToReadyList
                0x08007810       0xe0 ./Middlewares/Third_Party/FreeRTOS/Source/tasks.o
 .text.vTaskDelay
                0x080078f0       0x6c ./Middlewares/Third_Party/FreeRTOS/Source/tasks.o
                0x080078f0                vTaskDelay
 .text.vTaskPrioritySet
                0x0800795c      0x13c ./Middlewares/Third_Party/FreeRTOS/Source/tasks.o
                0x0800795c                vTaskPrioritySet
 .text.vTaskStartScheduler
                0x08007a98       0xe0 ./Middlewares/Third_Party/FreeRTOS/Source/tasks.o
                0x08007a98                vTaskStartScheduler
 .text.vTaskSuspendAll
                0x08007b78       0x1c ./Middlewares/Third_Party/FreeRTOS/Source/tasks.o
                0x08007b78                vTaskSuspendAll
 .text.xTaskResumeAll
                0x08007b94      0x13c ./Middlewares/Third_Party/FreeRTOS/Source/tasks.o
                0x08007b94                xTaskResumeAll
 .text.xTaskGetTickCount
                0x08007cd0       0x20 ./Middlewares/Third_Party/FreeRTOS/Source/tasks.o
                0x08007cd0                xTaskGetTickCount
 .text.xTaskIncrementTick
                0x08007cf0      0x174 ./Middlewares/Third_Party/FreeRTOS/Source/tasks.o
                0x08007cf0                xTaskIncrementTick
 .text.vTaskSwitchContext
                0x08007e64       0xcc ./Middlewares/Third_Party/FreeRTOS/Source/tasks.o
                0x08007e64                vTaskSwitchContext
 .text.vTaskPlaceOnEventList
                0x08007f30       0x4c ./Middlewares/Third_Party/FreeRTOS/Source/tasks.o
                0x08007f30                vTaskPlaceOnEventList
 .text.vTaskPlaceOnEventListRestricted
                0x08007f7c       0x58 ./Middlewares/Third_Party/FreeRTOS/Source/tasks.o
                0x08007f7c                vTaskPlaceOnEventListRestricted
 .text.xTaskRemoveFromEventList
                0x08007fd4       0xc8 ./Middlewares/Third_Party/FreeRTOS/Source/tasks.o
                0x08007fd4                xTaskRemoveFromEventList
 .text.vTaskInternalSetTimeOutState
                0x0800809c       0x2c ./Middlewares/Third_Party/FreeRTOS/Source/tasks.o
                0x0800809c                vTaskInternalSetTimeOutState
 .text.xTaskCheckForTimeOut
                0x080080c8       0xc8 ./Middlewares/Third_Party/FreeRTOS/Source/tasks.o
                0x080080c8                xTaskCheckForTimeOut
 .text.vTaskMissedYield
                0x08008190       0x18 ./Middlewares/Third_Party/FreeRTOS/Source/tasks.o
                0x08008190                vTaskMissedYield
 .text.prvIdleTask
                0x080081a8       0x30 ./Middlewares/Third_Party/FreeRTOS/Source/tasks.o
 .text.prvInitialiseTaskLists
                0x080081d8       0x80 ./Middlewares/Third_Party/FreeRTOS/Source/tasks.o
 .text.prvCheckTasksWaitingTermination
                0x08008258       0x5c ./Middlewares/Third_Party/FreeRTOS/Source/tasks.o
 .text.prvDeleteTCB
                0x080082b4       0x6a ./Middlewares/Third_Party/FreeRTOS/Source/tasks.o
 *fill*         0x0800831e        0x2 
 .text.prvResetNextTaskUnblockTime
                0x08008320       0x40 ./Middlewares/Third_Party/FreeRTOS/Source/tasks.o
 .text.xTaskGetSchedulerState
                0x08008360       0x3c ./Middlewares/Third_Party/FreeRTOS/Source/tasks.o
                0x08008360                xTaskGetSchedulerState
 .text.xTaskPriorityDisinherit
                0x0800839c       0xe0 ./Middlewares/Third_Party/FreeRTOS/Source/tasks.o
                0x0800839c                xTaskPriorityDisinherit
 .text.prvAddCurrentTaskToDelayedList
                0x0800847c       0xa8 ./Middlewares/Third_Party/FreeRTOS/Source/tasks.o
 .text.xTimerCreateTimerTask
                0x08008524       0x94 ./Middlewares/Third_Party/FreeRTOS/Source/timers.o
                0x08008524                xTimerCreateTimerTask
 .text.xTimerGenericCommand
                0x080085b8       0x9c ./Middlewares/Third_Party/FreeRTOS/Source/timers.o
                0x080085b8                xTimerGenericCommand
 .text.prvProcessExpiredTimer
                0x08008654       0x9c ./Middlewares/Third_Party/FreeRTOS/Source/timers.o
 .text.prvTimerTask
                0x080086f0       0x26 ./Middlewares/Third_Party/FreeRTOS/Source/timers.o
 *fill*         0x08008716        0x2 
 .text.prvProcessTimerOrBlockTask
                0x08008718       0x9c ./Middlewares/Third_Party/FreeRTOS/Source/timers.o
 .text.prvGetNextExpireTime
                0x080087b4       0x48 ./Middlewares/Third_Party/FreeRTOS/Source/timers.o
 .text.prvSampleTimeNow
                0x080087fc       0x40 ./Middlewares/Third_Party/FreeRTOS/Source/timers.o
 .text.prvInsertTimerInActiveList
                0x0800883c       0x84 ./Middlewares/Third_Party/FreeRTOS/Source/timers.o
 .text.prvProcessReceivedCommands
                0x080088c0      0x1cc ./Middlewares/Third_Party/FreeRTOS/Source/timers.o
 .text.prvSwitchTimerLists
                0x08008a8c       0xcc ./Middlewares/Third_Party/FreeRTOS/Source/timers.o
 .text.prvCheckForValidListAndQueue
                0x08008b58       0x80 ./Middlewares/Third_Party/FreeRTOS/Source/timers.o
 .text.pxPortInitialiseStack
                0x08008bd8       0x68 ./Middlewares/Third_Party/FreeRTOS/Source/portable/GCC/ARM_CM4F/port.o
                0x08008bd8                pxPortInitialiseStack
 .text.prvTaskExitError
                0x08008c40       0x5c ./Middlewares/Third_Party/FreeRTOS/Source/portable/GCC/ARM_CM4F/port.o
 *fill*         0x08008c9c        0x4 
 .text.SVC_Handler
                0x08008ca0       0x28 ./Middlewares/Third_Party/FreeRTOS/Source/portable/GCC/ARM_CM4F/port.o
                0x08008ca0                SVC_Handler
 .text.prvPortStartFirstTask
                0x08008cc8       0x28 ./Middlewares/Third_Party/FreeRTOS/Source/portable/GCC/ARM_CM4F/port.o
 .text.xPortStartScheduler
                0x08008cf0      0x148 ./Middlewares/Third_Party/FreeRTOS/Source/portable/GCC/ARM_CM4F/port.o
                0x08008cf0                xPortStartScheduler
 .text.vPortEnterCritical
                0x08008e38       0x64 ./Middlewares/Third_Party/FreeRTOS/Source/portable/GCC/ARM_CM4F/port.o
                0x08008e38                vPortEnterCritical
 .text.vPortExitCritical
                0x08008e9c       0x54 ./Middlewares/Third_Party/FreeRTOS/Source/portable/GCC/ARM_CM4F/port.o
                0x08008e9c                vPortExitCritical
 .text.PendSV_Handler
                0x08008ef0       0x68 ./Middlewares/Third_Party/FreeRTOS/Source/portable/GCC/ARM_CM4F/port.o
                0x08008ef0                PendSV_Handler
 .text.xPortSysTickHandler
                0x08008f58       0x44 ./Middlewares/Third_Party/FreeRTOS/Source/portable/GCC/ARM_CM4F/port.o
                0x08008f58                xPortSysTickHandler
 .text.vPortSetupTimerInterrupt
                0x08008f9c       0x48 ./Middlewares/Third_Party/FreeRTOS/Source/portable/GCC/ARM_CM4F/port.o
                0x08008f9c                vPortSetupTimerInterrupt
 .text.vPortEnableVFP
                0x08008fe4       0x14 ./Middlewares/Third_Party/FreeRTOS/Source/portable/GCC/ARM_CM4F/port.o
 .text.vPortValidateInterruptPriority
                0x08008ff8       0x84 ./Middlewares/Third_Party/FreeRTOS/Source/portable/GCC/ARM_CM4F/port.o
                0x08008ff8                vPortValidateInterruptPriority
 .text.pvPortMalloc
                0x0800907c      0x19c ./Middlewares/Third_Party/FreeRTOS/Source/portable/MemMang/heap_4.o
                0x0800907c                pvPortMalloc
 .text.vPortFree
                0x08009218       0xc8 ./Middlewares/Third_Party/FreeRTOS/Source/portable/MemMang/heap_4.o
                0x08009218                vPortFree
 .text.prvHeapInit
                0x080092e0       0xc4 ./Middlewares/Third_Party/FreeRTOS/Source/portable/MemMang/heap_4.o
 .text.prvInsertBlockIntoFreeList
                0x080093a4       0xb4 ./Middlewares/Third_Party/FreeRTOS/Source/portable/MemMang/heap_4.o
 .text.srand    0x08009458       0x5c C:/ST/STM32CubeIDE_1.16.0/STM32CubeIDE/plugins/com.st.stm32cube.ide.mcu.externaltools.gnu-tools-for-stm32.13.3.rel1.win32_1.0.0.202411081344/tools/bin/../lib/gcc/arm-none-eabi/13.3.1/../../../../arm-none-eabi/lib/thumb/v7e-m+fp/hard\libc_nano.a(libc_a-rand.o)
                0x08009458                srand
 .text.std      0x080094b4       0x6c C:/ST/STM32CubeIDE_1.16.0/STM32CubeIDE/plugins/com.st.stm32cube.ide.mcu.externaltools.gnu-tools-for-stm32.13.3.rel1.win32_1.0.0.202411081344/tools/bin/../lib/gcc/arm-none-eabi/13.3.1/../../../../arm-none-eabi/lib/thumb/v7e-m+fp/hard\libc_nano.a(libc_a-findfp.o)
 .text.stdio_exit_handler
                0x08009520       0x18 C:/ST/STM32CubeIDE_1.16.0/STM32CubeIDE/plugins/com.st.stm32cube.ide.mcu.externaltools.gnu-tools-for-stm32.13.3.rel1.win32_1.0.0.202411081344/tools/bin/../lib/gcc/arm-none-eabi/13.3.1/../../../../arm-none-eabi/lib/thumb/v7e-m+fp/hard\libc_nano.a(libc_a-findfp.o)
 .text.cleanup_stdio
                0x08009538       0x40 C:/ST/STM32CubeIDE_1.16.0/STM32CubeIDE/plugins/com.st.stm32cube.ide.mcu.externaltools.gnu-tools-for-stm32.13.3.rel1.win32_1.0.0.202411081344/tools/bin/../lib/gcc/arm-none-eabi/13.3.1/../../../../arm-none-eabi/lib/thumb/v7e-m+fp/hard\libc_nano.a(libc_a-findfp.o)
 .text.global_stdio_init.part.0
                0x08009578       0x3c C:/ST/STM32CubeIDE_1.16.0/STM32CubeIDE/plugins/com.st.stm32cube.ide.mcu.externaltools.gnu-tools-for-stm32.13.3.rel1.win32_1.0.0.202411081344/tools/bin/../lib/gcc/arm-none-eabi/13.3.1/../../../../arm-none-eabi/lib/thumb/v7e-m+fp/hard\libc_nano.a(libc_a-findfp.o)
 .text.__sfp_lock_acquire
                0x080095b4        0xc C:/ST/STM32CubeIDE_1.16.0/STM32CubeIDE/plugins/com.st.stm32cube.ide.mcu.externaltools.gnu-tools-for-stm32.13.3.rel1.win32_1.0.0.202411081344/tools/bin/../lib/gcc/arm-none-eabi/13.3.1/../../../../arm-none-eabi/lib/thumb/v7e-m+fp/hard\libc_nano.a(libc_a-findfp.o)
                0x080095b4                __sfp_lock_acquire
 .text.__sfp_lock_release
                0x080095c0        0xc C:/ST/STM32CubeIDE_1.16.0/STM32CubeIDE/plugins/com.st.stm32cube.ide.mcu.externaltools.gnu-tools-for-stm32.13.3.rel1.win32_1.0.0.202411081344/tools/bin/../lib/gcc/arm-none-eabi/13.3.1/../../../../arm-none-eabi/lib/thumb/v7e-m+fp/hard\libc_nano.a(libc_a-findfp.o)
                0x080095c0                __sfp_lock_release
 .text.__sinit  0x080095cc       0x30 C:/ST/STM32CubeIDE_1.16.0/STM32CubeIDE/plugins/com.st.stm32cube.ide.mcu.externaltools.gnu-tools-for-stm32.13.3.rel1.win32_1.0.0.202411081344/tools/bin/../lib/gcc/arm-none-eabi/13.3.1/../../../../arm-none-eabi/lib/thumb/v7e-m+fp/hard\libc_nano.a(libc_a-findfp.o)
                0x080095cc                __sinit
 .text._fwalk_sglue
                0x080095fc       0x3c C:/ST/STM32CubeIDE_1.16.0/STM32CubeIDE/plugins/com.st.stm32cube.ide.mcu.externaltools.gnu-tools-for-stm32.13.3.rel1.win32_1.0.0.202411081344/tools/bin/../lib/gcc/arm-none-eabi/13.3.1/../../../../arm-none-eabi/lib/thumb/v7e-m+fp/hard\libc_nano.a(libc_a-fwalk.o)
                0x080095fc                _fwalk_sglue
 .text.snprintf
                0x08009638       0x6c C:/ST/STM32CubeIDE_1.16.0/STM32CubeIDE/plugins/com.st.stm32cube.ide.mcu.externaltools.gnu-tools-for-stm32.13.3.rel1.win32_1.0.0.202411081344/tools/bin/../lib/gcc/arm-none-eabi/13.3.1/../../../../arm-none-eabi/lib/thumb/v7e-m+fp/hard\libc_nano.a(libc_a-snprintf.o)
                0x08009638                sniprintf
                0x08009638                snprintf
 .text.__sread  0x080096a4       0x22 C:/ST/STM32CubeIDE_1.16.0/STM32CubeIDE/plugins/com.st.stm32cube.ide.mcu.externaltools.gnu-tools-for-stm32.13.3.rel1.win32_1.0.0.202411081344/tools/bin/../lib/gcc/arm-none-eabi/13.3.1/../../../../arm-none-eabi/lib/thumb/v7e-m+fp/hard\libc_nano.a(libc_a-stdio.o)
                0x080096a4                __sread
 .text.__swrite
                0x080096c6       0x38 C:/ST/STM32CubeIDE_1.16.0/STM32CubeIDE/plugins/com.st.stm32cube.ide.mcu.externaltools.gnu-tools-for-stm32.13.3.rel1.win32_1.0.0.202411081344/tools/bin/../lib/gcc/arm-none-eabi/13.3.1/../../../../arm-none-eabi/lib/thumb/v7e-m+fp/hard\libc_nano.a(libc_a-stdio.o)
                0x080096c6                __swrite
 .text.__sseek  0x080096fe       0x24 C:/ST/STM32CubeIDE_1.16.0/STM32CubeIDE/plugins/com.st.stm32cube.ide.mcu.externaltools.gnu-tools-for-stm32.13.3.rel1.win32_1.0.0.202411081344/tools/bin/../lib/gcc/arm-none-eabi/13.3.1/../../../../arm-none-eabi/lib/thumb/v7e-m+fp/hard\libc_nano.a(libc_a-stdio.o)
                0x080096fe                __sseek
 .text.__sclose
                0x08009722        0x8 C:/ST/STM32CubeIDE_1.16.0/STM32CubeIDE/plugins/com.st.stm32cube.ide.mcu.externaltools.gnu-tools-for-stm32.13.3.rel1.win32_1.0.0.202411081344/tools/bin/../lib/gcc/arm-none-eabi/13.3.1/../../../../arm-none-eabi/lib/thumb/v7e-m+fp/hard\libc_nano.a(libc_a-stdio.o)
                0x08009722                __sclose
 .text.memset   0x0800972a       0x10 C:/ST/STM32CubeIDE_1.16.0/STM32CubeIDE/plugins/com.st.stm32cube.ide.mcu.externaltools.gnu-tools-for-stm32.13.3.rel1.win32_1.0.0.202411081344/tools/bin/../lib/gcc/arm-none-eabi/13.3.1/../../../../arm-none-eabi/lib/thumb/v7e-m+fp/hard\libc_nano.a(libc_a-memset.o)
                0x0800972a                memset
 *fill*         0x0800973a        0x2 
 .text._close_r
                0x0800973c       0x20 C:/ST/STM32CubeIDE_1.16.0/STM32CubeIDE/plugins/com.st.stm32cube.ide.mcu.externaltools.gnu-tools-for-stm32.13.3.rel1.win32_1.0.0.202411081344/tools/bin/../lib/gcc/arm-none-eabi/13.3.1/../../../../arm-none-eabi/lib/thumb/v7e-m+fp/hard\libc_nano.a(libc_a-closer.o)
                0x0800973c                _close_r
 .text._reclaim_reent
                0x0800975c       0xbc C:/ST/STM32CubeIDE_1.16.0/STM32CubeIDE/plugins/com.st.stm32cube.ide.mcu.externaltools.gnu-tools-for-stm32.13.3.rel1.win32_1.0.0.202411081344/tools/bin/../lib/gcc/arm-none-eabi/13.3.1/../../../../arm-none-eabi/lib/thumb/v7e-m+fp/hard\libc_nano.a(libc_a-reent.o)
                0x0800975c                _reclaim_reent
 .text._lseek_r
                0x08009818       0x24 C:/ST/STM32CubeIDE_1.16.0/STM32CubeIDE/plugins/com.st.stm32cube.ide.mcu.externaltools.gnu-tools-for-stm32.13.3.rel1.win32_1.0.0.202411081344/tools/bin/../lib/gcc/arm-none-eabi/13.3.1/../../../../arm-none-eabi/lib/thumb/v7e-m+fp/hard\libc_nano.a(libc_a-lseekr.o)
                0x08009818                _lseek_r
 .text._read_r  0x0800983c       0x24 C:/ST/STM32CubeIDE_1.16.0/STM32CubeIDE/plugins/com.st.stm32cube.ide.mcu.externaltools.gnu-tools-for-stm32.13.3.rel1.win32_1.0.0.202411081344/tools/bin/../lib/gcc/arm-none-eabi/13.3.1/../../../../arm-none-eabi/lib/thumb/v7e-m+fp/hard\libc_nano.a(libc_a-readr.o)
                0x0800983c                _read_r
 .text._write_r
                0x08009860       0x24 C:/ST/STM32CubeIDE_1.16.0/STM32CubeIDE/plugins/com.st.stm32cube.ide.mcu.externaltools.gnu-tools-for-stm32.13.3.rel1.win32_1.0.0.202411081344/tools/bin/../lib/gcc/arm-none-eabi/13.3.1/../../../../arm-none-eabi/lib/thumb/v7e-m+fp/hard\libc_nano.a(libc_a-writer.o)
                0x08009860                _write_r
 .text.__errno  0x08009884        0xc C:/ST/STM32CubeIDE_1.16.0/STM32CubeIDE/plugins/com.st.stm32cube.ide.mcu.externaltools.gnu-tools-for-stm32.13.3.rel1.win32_1.0.0.202411081344/tools/bin/../lib/gcc/arm-none-eabi/13.3.1/../../../../arm-none-eabi/lib/thumb/v7e-m+fp/hard\libc_nano.a(libc_a-errno.o)
                0x08009884                __errno
 .text.__libc_init_array
                0x08009890       0x48 C:/ST/STM32CubeIDE_1.16.0/STM32CubeIDE/plugins/com.st.stm32cube.ide.mcu.externaltools.gnu-tools-for-stm32.13.3.rel1.win32_1.0.0.202411081344/tools/bin/../lib/gcc/arm-none-eabi/13.3.1/../../../../arm-none-eabi/lib/thumb/v7e-m+fp/hard\libc_nano.a(libc_a-init.o)
                0x08009890                __libc_init_array
 .text.__retarget_lock_init_recursive
                0x080098d8        0x2 C:/ST/STM32CubeIDE_1.16.0/STM32CubeIDE/plugins/com.st.stm32cube.ide.mcu.externaltools.gnu-tools-for-stm32.13.3.rel1.win32_1.0.0.202411081344/tools/bin/../lib/gcc/arm-none-eabi/13.3.1/../../../../arm-none-eabi/lib/thumb/v7e-m+fp/hard\libc_nano.a(libc_a-lock.o)
                0x080098d8                __retarget_lock_init_recursive
 .text.__retarget_lock_acquire_recursive
                0x080098da        0x2 C:/ST/STM32CubeIDE_1.16.0/STM32CubeIDE/plugins/com.st.stm32cube.ide.mcu.externaltools.gnu-tools-for-stm32.13.3.rel1.win32_1.0.0.202411081344/tools/bin/../lib/gcc/arm-none-eabi/13.3.1/../../../../arm-none-eabi/lib/thumb/v7e-m+fp/hard\libc_nano.a(libc_a-lock.o)
                0x080098da                __retarget_lock_acquire_recursive
 .text.__retarget_lock_release_recursive
                0x080098dc        0x2 C:/ST/STM32CubeIDE_1.16.0/STM32CubeIDE/plugins/com.st.stm32cube.ide.mcu.externaltools.gnu-tools-for-stm32.13.3.rel1.win32_1.0.0.202411081344/tools/bin/../lib/gcc/arm-none-eabi/13.3.1/../../../../arm-none-eabi/lib/thumb/v7e-m+fp/hard\libc_nano.a(libc_a-lock.o)
                0x080098dc                __retarget_lock_release_recursive
 .text.memcpy   0x080098de       0x1c C:/ST/STM32CubeIDE_1.16.0/STM32CubeIDE/plugins/com.st.stm32cube.ide.mcu.externaltools.gnu-tools-for-stm32.13.3.rel1.win32_1.0.0.202411081344/tools/bin/../lib/gcc/arm-none-eabi/13.3.1/../../../../arm-none-eabi/lib/thumb/v7e-m+fp/hard\libc_nano.a(libc_a-memcpy-stub.o)
                0x080098de                memcpy
 *fill*         0x080098fa        0x2 
 .text.__assert_func
                0x080098fc       0x3c C:/ST/STM32CubeIDE_1.16.0/STM32CubeIDE/plugins/com.st.stm32cube.ide.mcu.externaltools.gnu-tools-for-stm32.13.3.rel1.win32_1.0.0.202411081344/tools/bin/../lib/gcc/arm-none-eabi/13.3.1/../../../../arm-none-eabi/lib/thumb/v7e-m+fp/hard\libc_nano.a(libc_a-assert.o)
                0x080098fc                __assert_func
 .text._free_r  0x08009938       0x94 C:/ST/STM32CubeIDE_1.16.0/STM32CubeIDE/plugins/com.st.stm32cube.ide.mcu.externaltools.gnu-tools-for-stm32.13.3.rel1.win32_1.0.0.202411081344/tools/bin/../lib/gcc/arm-none-eabi/13.3.1/../../../../arm-none-eabi/lib/thumb/v7e-m+fp/hard\libc_nano.a(libc_a-freer.o)
                0x08009938                _free_r
 .text.malloc   0x080099cc       0x10 C:/ST/STM32CubeIDE_1.16.0/STM32CubeIDE/plugins/com.st.stm32cube.ide.mcu.externaltools.gnu-tools-for-stm32.13.3.rel1.win32_1.0.0.202411081344/tools/bin/../lib/gcc/arm-none-eabi/13.3.1/../../../../arm-none-eabi/lib/thumb/v7e-m+fp/hard\libc_nano.a(libc_a-malloc.o)
                0x080099cc                malloc
 .text.sbrk_aligned
                0x080099dc       0x44 C:/ST/STM32CubeIDE_1.16.0/STM32CubeIDE/plugins/com.st.stm32cube.ide.mcu.externaltools.gnu-tools-for-stm32.13.3.rel1.win32_1.0.0.202411081344/tools/bin/../lib/gcc/arm-none-eabi/13.3.1/../../../../arm-none-eabi/lib/thumb/v7e-m+fp/hard\libc_nano.a(libc_a-mallocr.o)
 .text._malloc_r
                0x08009a20      0x100 C:/ST/STM32CubeIDE_1.16.0/STM32CubeIDE/plugins/com.st.stm32cube.ide.mcu.externaltools.gnu-tools-for-stm32.13.3.rel1.win32_1.0.0.202411081344/tools/bin/../lib/gcc/arm-none-eabi/13.3.1/../../../../arm-none-eabi/lib/thumb/v7e-m+fp/hard\libc_nano.a(libc_a-mallocr.o)
                0x08009a20                _malloc_r
 .text.__malloc_lock
                0x08009b20        0xc C:/ST/STM32CubeIDE_1.16.0/STM32CubeIDE/plugins/com.st.stm32cube.ide.mcu.externaltools.gnu-tools-for-stm32.13.3.rel1.win32_1.0.0.202411081344/tools/bin/../lib/gcc/arm-none-eabi/13.3.1/../../../../arm-none-eabi/lib/thumb/v7e-m+fp/hard\libc_nano.a(libc_a-mlock.o)
                0x08009b20                __malloc_lock
 .text.__malloc_unlock
                0x08009b2c        0xc C:/ST/STM32CubeIDE_1.16.0/STM32CubeIDE/plugins/com.st.stm32cube.ide.mcu.externaltools.gnu-tools-for-stm32.13.3.rel1.win32_1.0.0.202411081344/tools/bin/../lib/gcc/arm-none-eabi/13.3.1/../../../../arm-none-eabi/lib/thumb/v7e-m+fp/hard\libc_nano.a(libc_a-mlock.o)
                0x08009b2c                __malloc_unlock
 .text.__ssputs_r
                0x08009b38       0xb6 C:/ST/STM32CubeIDE_1.16.0/STM32CubeIDE/plugins/com.st.stm32cube.ide.mcu.externaltools.gnu-tools-for-stm32.13.3.rel1.win32_1.0.0.202411081344/tools/bin/../lib/gcc/arm-none-eabi/13.3.1/../../../../arm-none-eabi/lib/thumb/v7e-m+fp/hard\libc_nano.a(libc_a-nano-svfprintf.o)
                0x08009b38                __ssputs_r
 *fill*         0x08009bee        0x2 
 .text._svfprintf_r
                0x08009bf0      0x1f8 C:/ST/STM32CubeIDE_1.16.0/STM32CubeIDE/plugins/com.st.stm32cube.ide.mcu.externaltools.gnu-tools-for-stm32.13.3.rel1.win32_1.0.0.202411081344/tools/bin/../lib/gcc/arm-none-eabi/13.3.1/../../../../arm-none-eabi/lib/thumb/v7e-m+fp/hard\libc_nano.a(libc_a-nano-svfprintf.o)
                0x08009bf0                _svfiprintf_r
                0x08009bf0                _svfprintf_r
 .text._printf_common
                0x08009de8       0xda C:/ST/STM32CubeIDE_1.16.0/STM32CubeIDE/plugins/com.st.stm32cube.ide.mcu.externaltools.gnu-tools-for-stm32.13.3.rel1.win32_1.0.0.202411081344/tools/bin/../lib/gcc/arm-none-eabi/13.3.1/../../../../arm-none-eabi/lib/thumb/v7e-m+fp/hard\libc_nano.a(libc_a-nano-vfprintf_i.o)
                0x08009de8                _printf_common
 *fill*         0x08009ec2        0x2 
 .text._printf_i
                0x08009ec4      0x23c C:/ST/STM32CubeIDE_1.16.0/STM32CubeIDE/plugins/com.st.stm32cube.ide.mcu.externaltools.gnu-tools-for-stm32.13.3.rel1.win32_1.0.0.202411081344/tools/bin/../lib/gcc/arm-none-eabi/13.3.1/../../../../arm-none-eabi/lib/thumb/v7e-m+fp/hard\libc_nano.a(libc_a-nano-vfprintf_i.o)
                0x08009ec4                _printf_i
 .text.__sflush_r
                0x0800a100      0x108 C:/ST/STM32CubeIDE_1.16.0/STM32CubeIDE/plugins/com.st.stm32cube.ide.mcu.externaltools.gnu-tools-for-stm32.13.3.rel1.win32_1.0.0.202411081344/tools/bin/../lib/gcc/arm-none-eabi/13.3.1/../../../../arm-none-eabi/lib/thumb/v7e-m+fp/hard\libc_nano.a(libc_a-fflush.o)
                0x0800a100                __sflush_r
 .text._fflush_r
                0x0800a208       0x50 C:/ST/STM32CubeIDE_1.16.0/STM32CubeIDE/plugins/com.st.stm32cube.ide.mcu.externaltools.gnu-tools-for-stm32.13.3.rel1.win32_1.0.0.202411081344/tools/bin/../lib/gcc/arm-none-eabi/13.3.1/../../../../arm-none-eabi/lib/thumb/v7e-m+fp/hard\libc_nano.a(libc_a-fflush.o)
                0x0800a208                _fflush_r
 .text.fprintf  0x0800a258       0x24 C:/ST/STM32CubeIDE_1.16.0/STM32CubeIDE/plugins/com.st.stm32cube.ide.mcu.externaltools.gnu-tools-for-stm32.13.3.rel1.win32_1.0.0.202411081344/tools/bin/../lib/gcc/arm-none-eabi/13.3.1/../../../../arm-none-eabi/lib/thumb/v7e-m+fp/hard\libc_nano.a(libc_a-fprintf.o)
                0x0800a258                fiprintf
                0x0800a258                fprintf
 .text.memmove  0x0800a27c       0x34 C:/ST/STM32CubeIDE_1.16.0/STM32CubeIDE/plugins/com.st.stm32cube.ide.mcu.externaltools.gnu-tools-for-stm32.13.3.rel1.win32_1.0.0.202411081344/tools/bin/../lib/gcc/arm-none-eabi/13.3.1/../../../../arm-none-eabi/lib/thumb/v7e-m+fp/hard\libc_nano.a(libc_a-memmove.o)
                0x0800a27c                memmove
 .text._sbrk_r  0x0800a2b0       0x20 C:/ST/STM32CubeIDE_1.16.0/STM32CubeIDE/plugins/com.st.stm32cube.ide.mcu.externaltools.gnu-tools-for-stm32.13.3.rel1.win32_1.0.0.202411081344/tools/bin/../lib/gcc/arm-none-eabi/13.3.1/../../../../arm-none-eabi/lib/thumb/v7e-m+fp/hard\libc_nano.a(libc_a-sbrkr.o)
                0x0800a2b0                _sbrk_r
 .text.abort    0x0800a2d0        0xe C:/ST/STM32CubeIDE_1.16.0/STM32CubeIDE/plugins/com.st.stm32cube.ide.mcu.externaltools.gnu-tools-for-stm32.13.3.rel1.win32_1.0.0.202411081344/tools/bin/../lib/gcc/arm-none-eabi/13.3.1/../../../../arm-none-eabi/lib/thumb/v7e-m+fp/hard\libc_nano.a(libc_a-abort.o)
                0x0800a2d0                abort
 .text._realloc_r
                0x0800a2de       0x5c C:/ST/STM32CubeIDE_1.16.0/STM32CubeIDE/plugins/com.st.stm32cube.ide.mcu.externaltools.gnu-tools-for-stm32.13.3.rel1.win32_1.0.0.202411081344/tools/bin/../lib/gcc/arm-none-eabi/13.3.1/../../../../arm-none-eabi/lib/thumb/v7e-m+fp/hard\libc_nano.a(libc_a-reallocr.o)
                0x0800a2de                _realloc_r
 .text.__sfputc_r
                0x0800a33a       0x2e C:/ST/STM32CubeIDE_1.16.0/STM32CubeIDE/plugins/com.st.stm32cube.ide.mcu.externaltools.gnu-tools-for-stm32.13.3.rel1.win32_1.0.0.202411081344/tools/bin/../lib/gcc/arm-none-eabi/13.3.1/../../../../arm-none-eabi/lib/thumb/v7e-m+fp/hard\libc_nano.a(libc_a-nano-vfprintf.o)
 .text.__sfputs_r
                0x0800a368       0x24 C:/ST/STM32CubeIDE_1.16.0/STM32CubeIDE/plugins/com.st.stm32cube.ide.mcu.externaltools.gnu-tools-for-stm32.13.3.rel1.win32_1.0.0.202411081344/tools/bin/../lib/gcc/arm-none-eabi/13.3.1/../../../../arm-none-eabi/lib/thumb/v7e-m+fp/hard\libc_nano.a(libc_a-nano-vfprintf.o)
                0x0800a368                __sfputs_r
 .text._vfprintf_r
                0x0800a38c      0x230 C:/ST/STM32CubeIDE_1.16.0/STM32CubeIDE/plugins/com.st.stm32cube.ide.mcu.externaltools.gnu-tools-for-stm32.13.3.rel1.win32_1.0.0.202411081344/tools/bin/../lib/gcc/arm-none-eabi/13.3.1/../../../../arm-none-eabi/lib/thumb/v7e-m+fp/hard\libc_nano.a(libc_a-nano-vfprintf.o)
                0x0800a38c                _vfprintf_r
                0x0800a38c                _vfiprintf_r
 .text.__swbuf_r
                0x0800a5bc       0x7c C:/ST/STM32CubeIDE_1.16.0/STM32CubeIDE/plugins/com.st.stm32cube.ide.mcu.externaltools.gnu-tools-for-stm32.13.3.rel1.win32_1.0.0.202411081344/tools/bin/../lib/gcc/arm-none-eabi/13.3.1/../../../../arm-none-eabi/lib/thumb/v7e-m+fp/hard\libc_nano.a(libc_a-wbuf.o)
                0x0800a5bc                __swbuf_r
 .text.__swsetup_r
                0x0800a638       0xac C:/ST/STM32CubeIDE_1.16.0/STM32CubeIDE/plugins/com.st.stm32cube.ide.mcu.externaltools.gnu-tools-for-stm32.13.3.rel1.win32_1.0.0.202411081344/tools/bin/../lib/gcc/arm-none-eabi/13.3.1/../../../../arm-none-eabi/lib/thumb/v7e-m+fp/hard\libc_nano.a(libc_a-wsetup.o)
                0x0800a638                __swsetup_r
 .text._raise_r
                0x0800a6e4       0x50 C:/ST/STM32CubeIDE_1.16.0/STM32CubeIDE/plugins/com.st.stm32cube.ide.mcu.externaltools.gnu-tools-for-stm32.13.3.rel1.win32_1.0.0.202411081344/tools/bin/../lib/gcc/arm-none-eabi/13.3.1/../../../../arm-none-eabi/lib/thumb/v7e-m+fp/hard\libc_nano.a(libc_a-signal.o)
                0x0800a6e4                _raise_r
 .text.raise    0x0800a734       0x10 C:/ST/STM32CubeIDE_1.16.0/STM32CubeIDE/plugins/com.st.stm32cube.ide.mcu.externaltools.gnu-tools-for-stm32.13.3.rel1.win32_1.0.0.202411081344/tools/bin/../lib/gcc/arm-none-eabi/13.3.1/../../../../arm-none-eabi/lib/thumb/v7e-m+fp/hard\libc_nano.a(libc_a-signal.o)
                0x0800a734                raise
 .text._kill_r  0x0800a744       0x24 C:/ST/STM32CubeIDE_1.16.0/STM32CubeIDE/plugins/com.st.stm32cube.ide.mcu.externaltools.gnu-tools-for-stm32.13.3.rel1.win32_1.0.0.202411081344/tools/bin/../lib/gcc/arm-none-eabi/13.3.1/../../../../arm-none-eabi/lib/thumb/v7e-m+fp/hard\libc_nano.a(libc_a-signalr.o)
                0x0800a744                _kill_r
 .text._getpid_r
                0x0800a768        0x4 C:/ST/STM32CubeIDE_1.16.0/STM32CubeIDE/plugins/com.st.stm32cube.ide.mcu.externaltools.gnu-tools-for-stm32.13.3.rel1.win32_1.0.0.202411081344/tools/bin/../lib/gcc/arm-none-eabi/13.3.1/../../../../arm-none-eabi/lib/thumb/v7e-m+fp/hard\libc_nano.a(libc_a-signalr.o)
                0x0800a768                _getpid_r
 .text._malloc_usable_size_r
                0x0800a76c       0x10 C:/ST/STM32CubeIDE_1.16.0/STM32CubeIDE/plugins/com.st.stm32cube.ide.mcu.externaltools.gnu-tools-for-stm32.13.3.rel1.win32_1.0.0.202411081344/tools/bin/../lib/gcc/arm-none-eabi/13.3.1/../../../../arm-none-eabi/lib/thumb/v7e-m+fp/hard\libc_nano.a(libc_a-msizer.o)
                0x0800a76c                _malloc_usable_size_r
 .text.__swhatbuf_r
                0x0800a77c       0x4c C:/ST/STM32CubeIDE_1.16.0/STM32CubeIDE/plugins/com.st.stm32cube.ide.mcu.externaltools.gnu-tools-for-stm32.13.3.rel1.win32_1.0.0.202411081344/tools/bin/../lib/gcc/arm-none-eabi/13.3.1/../../../../arm-none-eabi/lib/thumb/v7e-m+fp/hard\libc_nano.a(libc_a-makebuf.o)
                0x0800a77c                __swhatbuf_r
 .text.__smakebuf_r
                0x0800a7c8       0x78 C:/ST/STM32CubeIDE_1.16.0/STM32CubeIDE/plugins/com.st.stm32cube.ide.mcu.externaltools.gnu-tools-for-stm32.13.3.rel1.win32_1.0.0.202411081344/tools/bin/../lib/gcc/arm-none-eabi/13.3.1/../../../../arm-none-eabi/lib/thumb/v7e-m+fp/hard\libc_nano.a(libc_a-makebuf.o)
                0x0800a7c8                __smakebuf_r
 .text._fstat_r
                0x0800a840       0x24 C:/ST/STM32CubeIDE_1.16.0/STM32CubeIDE/plugins/com.st.stm32cube.ide.mcu.externaltools.gnu-tools-for-stm32.13.3.rel1.win32_1.0.0.202411081344/tools/bin/../lib/gcc/arm-none-eabi/13.3.1/../../../../arm-none-eabi/lib/thumb/v7e-m+fp/hard\libc_nano.a(libc_a-fstatr.o)
                0x0800a840                _fstat_r
 .text._isatty_r
                0x0800a864       0x20 C:/ST/STM32CubeIDE_1.16.0/STM32CubeIDE/plugins/com.st.stm32cube.ide.mcu.externaltools.gnu-tools-for-stm32.13.3.rel1.win32_1.0.0.202411081344/tools/bin/../lib/gcc/arm-none-eabi/13.3.1/../../../../arm-none-eabi/lib/thumb/v7e-m+fp/hard\libc_nano.a(libc_a-isattyr.o)
                0x0800a864                _isatty_r
 *(.glue_7)
 .glue_7        0x0800a884        0x0 linker stubs
 *(.glue_7t)
 .glue_7t       0x0800a884        0x0 linker stubs
 *(.eh_frame)
 .eh_frame      0x0800a884        0x0 C:/ST/STM32CubeIDE_1.16.0/STM32CubeIDE/plugins/com.st.stm32cube.ide.mcu.externaltools.gnu-tools-for-stm32.13.3.rel1.win32_1.0.0.202411081344/tools/bin/../lib/gcc/arm-none-eabi/13.3.1/thumb/v7e-m+fp/hard/crtbegin.o
 *(.init)
 .init          0x0800a884        0x4 C:/ST/STM32CubeIDE_1.16.0/STM32CubeIDE/plugins/com.st.stm32cube.ide.mcu.externaltools.gnu-tools-for-stm32.13.3.rel1.win32_1.0.0.202411081344/tools/bin/../lib/gcc/arm-none-eabi/13.3.1/thumb/v7e-m+fp/hard/crti.o
                0x0800a884                _init
 .init          0x0800a888        0x8 C:/ST/STM32CubeIDE_1.16.0/STM32CubeIDE/plugins/com.st.stm32cube.ide.mcu.externaltools.gnu-tools-for-stm32.13.3.rel1.win32_1.0.0.202411081344/tools/bin/../lib/gcc/arm-none-eabi/13.3.1/thumb/v7e-m+fp/hard/crtn.o
 *(.fini)
 .fini          0x0800a890        0x4 C:/ST/STM32CubeIDE_1.16.0/STM32CubeIDE/plugins/com.st.stm32cube.ide.mcu.externaltools.gnu-tools-for-stm32.13.3.rel1.win32_1.0.0.202411081344/tools/bin/../lib/gcc/arm-none-eabi/13.3.1/thumb/v7e-m+fp/hard/crti.o
                0x0800a890                _fini
 .fini          0x0800a894        0x8 C:/ST/STM32CubeIDE_1.16.0/STM32CubeIDE/plugins/com.st.stm32cube.ide.mcu.externaltools.gnu-tools-for-stm32.13.3.rel1.win32_1.0.0.202411081344/tools/bin/../lib/gcc/arm-none-eabi/13.3.1/thumb/v7e-m+fp/hard/crtn.o
                0x0800a89c                        . = ALIGN (0x4)
                0x0800a89c                        _etext = .

.vfp11_veneer   0x0800a89c        0x0
 .vfp11_veneer  0x0800a89c        0x0 linker stubs

.v4_bx          0x0800a89c        0x0
 .v4_bx         0x0800a89c        0x0 linker stubs

.iplt           0x0800a89c        0x0
 .iplt          0x0800a89c        0x0 C:/ST/STM32CubeIDE_1.16.0/STM32CubeIDE/plugins/com.st.stm32cube.ide.mcu.externaltools.gnu-tools-for-stm32.13.3.rel1.win32_1.0.0.202411081344/tools/bin/../lib/gcc/arm-none-eabi/13.3.1/thumb/v7e-m+fp/hard/crtbegin.o

.rodata         0x0800a89c      0x374
                0x0800a89c                        . = ALIGN (0x4)
 *(.rodata)
 .rodata        0x0800a89c        0xd ./Core/Src/RA8876_driver.o
 *fill*         0x0800a8a9        0x3 
 .rodata        0x0800a8ac      0x1bd ./Core/Src/freertos.o
 *fill*         0x0800aa69        0x3 
 .rodata        0x0800aa6c        0x5 ./Middlewares/Third_Party/FreeRTOS/Source/tasks.o
 *fill*         0x0800aa71        0x3 
 .rodata        0x0800aa74        0xd ./Middlewares/Third_Party/FreeRTOS/Source/timers.o
 *(.rodata*)
 *fill*         0x0800aa81        0x3 
 .rodata.map.1  0x0800aa84        0x4 ./Core/Src/RA8876_driver.o
 .rodata.defaultTask_attributes
                0x0800aa88       0x24 ./Core/Src/freertos.o
                0x0800aa88                defaultTask_attributes
 .rodata.main_display_attributes
                0x0800aaac       0x24 ./Core/Src/freertos.o
                0x0800aaac                main_display_attributes
 .rodata.buttons_attributes
                0x0800aad0       0x24 ./Core/Src/freertos.o
                0x0800aad0                buttons_attributes
 .rodata.controlDisplay_attributes
                0x0800aaf4       0x24 ./Core/Src/freertos.o
                0x0800aaf4                controlDisplay_attributes
 .rodata.AHBPrescTable
                0x0800ab18       0x10 ./Core/Src/system_stm32f4xx.o
                0x0800ab18                AHBPrescTable
 .rodata.APBPrescTable
                0x0800ab28        0x8 ./Core/Src/system_stm32f4xx.o
                0x0800ab28                APBPrescTable
 .rodata.srand.str1.1
                0x0800ab30       0xde C:/ST/STM32CubeIDE_1.16.0/STM32CubeIDE/plugins/com.st.stm32cube.ide.mcu.externaltools.gnu-tools-for-stm32.13.3.rel1.win32_1.0.0.202411081344/tools/bin/../lib/gcc/arm-none-eabi/13.3.1/../../../../arm-none-eabi/lib/thumb/v7e-m+fp/hard\libc_nano.a(libc_a-rand.o)
                                 0x6f (size before relaxing)
 .rodata.__assert_func.str1.1
                0x0800ac0e       0x3d C:/ST/STM32CubeIDE_1.16.0/STM32CubeIDE/plugins/com.st.stm32cube.ide.mcu.externaltools.gnu-tools-for-stm32.13.3.rel1.win32_1.0.0.202411081344/tools/bin/../lib/gcc/arm-none-eabi/13.3.1/../../../../arm-none-eabi/lib/thumb/v7e-m+fp/hard\libc_nano.a(libc_a-assert.o)
 .rodata._svfprintf_r.str1.1
                0x0800ac0e       0x11 C:/ST/STM32CubeIDE_1.16.0/STM32CubeIDE/plugins/com.st.stm32cube.ide.mcu.externaltools.gnu-tools-for-stm32.13.3.rel1.win32_1.0.0.202411081344/tools/bin/../lib/gcc/arm-none-eabi/13.3.1/../../../../arm-none-eabi/lib/thumb/v7e-m+fp/hard\libc_nano.a(libc_a-nano-svfprintf.o)
 .rodata._printf_i.str1.1
                0x0800ac0e       0x22 C:/ST/STM32CubeIDE_1.16.0/STM32CubeIDE/plugins/com.st.stm32cube.ide.mcu.externaltools.gnu-tools-for-stm32.13.3.rel1.win32_1.0.0.202411081344/tools/bin/../lib/gcc/arm-none-eabi/13.3.1/../../../../arm-none-eabi/lib/thumb/v7e-m+fp/hard\libc_nano.a(libc_a-nano-vfprintf_i.o)
 .rodata._vfprintf_r.str1.1
                0x0800ac0e       0x11 C:/ST/STM32CubeIDE_1.16.0/STM32CubeIDE/plugins/com.st.stm32cube.ide.mcu.externaltools.gnu-tools-for-stm32.13.3.rel1.win32_1.0.0.202411081344/tools/bin/../lib/gcc/arm-none-eabi/13.3.1/../../../../arm-none-eabi/lib/thumb/v7e-m+fp/hard\libc_nano.a(libc_a-nano-vfprintf.o)
                0x0800ac4c                        . = ALIGN (0x4)
 *fill*         0x0800ac0e        0x2 

.ARM.extab      0x0800ac10        0x0
                0x0800ac10                        . = ALIGN (0x4)
 *(.ARM.extab* .gnu.linkonce.armextab.*)
                0x0800ac10                        . = ALIGN (0x4)

.ARM            0x0800ac10        0x8
                0x0800ac10                        . = ALIGN (0x4)
                0x0800ac10                        __exidx_start = .
 *(.ARM.exidx*)
 .ARM.exidx     0x0800ac10        0x8 C:/ST/STM32CubeIDE_1.16.0/STM32CubeIDE/plugins/com.st.stm32cube.ide.mcu.externaltools.gnu-tools-for-stm32.13.3.rel1.win32_1.0.0.202411081344/tools/bin/../lib/gcc/arm-none-eabi/13.3.1/../../../../arm-none-eabi/lib/thumb/v7e-m+fp/hard\libc_nano.a(libc_a-strcmp.o)
 .ARM.exidx     0x0800ac18        0x0 C:/ST/STM32CubeIDE_1.16.0/STM32CubeIDE/plugins/com.st.stm32cube.ide.mcu.externaltools.gnu-tools-for-stm32.13.3.rel1.win32_1.0.0.202411081344/tools/bin/../lib/gcc/arm-none-eabi/13.3.1/../../../../arm-none-eabi/lib/thumb/v7e-m+fp/hard\libc_nano.a(libc_a-memchr.o)
                                  0x8 (size before relaxing)
 .ARM.exidx     0x0800ac18        0x0 C:/ST/STM32CubeIDE_1.16.0/STM32CubeIDE/plugins/com.st.stm32cube.ide.mcu.externaltools.gnu-tools-for-stm32.13.3.rel1.win32_1.0.0.202411081344/tools/bin/../lib/gcc/arm-none-eabi/13.3.1/thumb/v7e-m+fp/hard\libgcc.a(_udivmoddi4.o)
                                  0x8 (size before relaxing)
                0x0800ac18                        __exidx_end = .
                0x0800ac18                        . = ALIGN (0x4)

.preinit_array  0x0800ac18        0x0
                0x0800ac18                        . = ALIGN (0x4)
                0x0800ac18                        PROVIDE (__preinit_array_start = .)
 *(.preinit_array*)
                0x0800ac18                        PROVIDE (__preinit_array_end = .)
                0x0800ac18                        . = ALIGN (0x4)

.init_array     0x0800ac18        0x4
                0x0800ac18                        . = ALIGN (0x4)
                0x0800ac18                        PROVIDE (__init_array_start = .)
 *(SORT_BY_NAME(.init_array.*))
 *(.init_array*)
 .init_array    0x0800ac18        0x4 C:/ST/STM32CubeIDE_1.16.0/STM32CubeIDE/plugins/com.st.stm32cube.ide.mcu.externaltools.gnu-tools-for-stm32.13.3.rel1.win32_1.0.0.202411081344/tools/bin/../lib/gcc/arm-none-eabi/13.3.1/thumb/v7e-m+fp/hard/crtbegin.o
                0x0800ac1c                        PROVIDE (__init_array_end = .)
                0x0800ac1c                        . = ALIGN (0x4)

.fini_array     0x0800ac1c        0x4
                0x0800ac1c                        . = ALIGN (0x4)
                [!provide]                        PROVIDE (__fini_array_start = .)
 *(SORT_BY_NAME(.fini_array.*))
 *(.fini_array*)
 .fini_array    0x0800ac1c        0x4 C:/ST/STM32CubeIDE_1.16.0/STM32CubeIDE/plugins/com.st.stm32cube.ide.mcu.externaltools.gnu-tools-for-stm32.13.3.rel1.win32_1.0.0.202411081344/tools/bin/../lib/gcc/arm-none-eabi/13.3.1/thumb/v7e-m+fp/hard/crtbegin.o
                [!provide]                        PROVIDE (__fini_array_end = .)
                0x0800ac20                        . = ALIGN (0x4)
                0x0800ac20                        _sidata = LOADADDR (.data)

.rel.dyn        0x0800ac20        0x0
 .rel.iplt      0x0800ac20        0x0 C:/ST/STM32CubeIDE_1.16.0/STM32CubeIDE/plugins/com.st.stm32cube.ide.mcu.externaltools.gnu-tools-for-stm32.13.3.rel1.win32_1.0.0.202411081344/tools/bin/../lib/gcc/arm-none-eabi/13.3.1/thumb/v7e-m+fp/hard/crtbegin.o

.data           0x20000000       0x78 load address 0x0800ac20
                0x20000000                        . = ALIGN (0x4)
                0x20000000                        _sdata = .
 *(.data)
 *(.data*)
 .data.MP3_stack
                0x20000000        0xa ./Core/Src/MP3_player.o
                0x20000000                MP3_stack
 .data.win_rate_percent
                0x2000000a        0x1 ./Core/Src/freertos.o
                0x2000000a                win_rate_percent
 .data.new_win_rate_percent
                0x2000000b        0x1 ./Core/Src/freertos.o
                0x2000000b                new_win_rate_percent
 .data.SystemCoreClock
                0x2000000c        0x4 ./Core/Src/system_stm32f4xx.o
                0x2000000c                SystemCoreClock
 .data.uwTickPrio
                0x20000010        0x4 ./Drivers/STM32F4xx_HAL_Driver/Src/stm32f4xx_hal.o
                0x20000010                uwTickPrio
 .data.uwTickFreq
                0x20000014        0x1 ./Drivers/STM32F4xx_HAL_Driver/Src/stm32f4xx_hal.o
                0x20000014                uwTickFreq
 *fill*         0x20000015        0x3 
 .data.uxCriticalNesting
                0x20000018        0x4 ./Middlewares/Third_Party/FreeRTOS/Source/portable/GCC/ARM_CM4F/port.o
 .data.__sglue  0x2000001c        0xc C:/ST/STM32CubeIDE_1.16.0/STM32CubeIDE/plugins/com.st.stm32cube.ide.mcu.externaltools.gnu-tools-for-stm32.13.3.rel1.win32_1.0.0.202411081344/tools/bin/../lib/gcc/arm-none-eabi/13.3.1/../../../../arm-none-eabi/lib/thumb/v7e-m+fp/hard\libc_nano.a(libc_a-findfp.o)
                0x2000001c                __sglue
 .data._impure_ptr
                0x20000028        0x4 C:/ST/STM32CubeIDE_1.16.0/STM32CubeIDE/plugins/com.st.stm32cube.ide.mcu.externaltools.gnu-tools-for-stm32.13.3.rel1.win32_1.0.0.202411081344/tools/bin/../lib/gcc/arm-none-eabi/13.3.1/../../../../arm-none-eabi/lib/thumb/v7e-m+fp/hard\libc_nano.a(libc_a-impure.o)
                0x20000028                _impure_ptr
 .data._impure_data
                0x2000002c       0x4c C:/ST/STM32CubeIDE_1.16.0/STM32CubeIDE/plugins/com.st.stm32cube.ide.mcu.externaltools.gnu-tools-for-stm32.13.3.rel1.win32_1.0.0.202411081344/tools/bin/../lib/gcc/arm-none-eabi/13.3.1/../../../../arm-none-eabi/lib/thumb/v7e-m+fp/hard\libc_nano.a(libc_a-impure.o)
                0x2000002c                _impure_data
 *(.RamFunc)
 *(.RamFunc*)
                0x20000078                        . = ALIGN (0x4)
                0x20000078                        _edata = .

.igot.plt       0x20000078        0x0 load address 0x0800ac98
 .igot.plt      0x20000078        0x0 C:/ST/STM32CubeIDE_1.16.0/STM32CubeIDE/plugins/com.st.stm32cube.ide.mcu.externaltools.gnu-tools-for-stm32.13.3.rel1.win32_1.0.0.202411081344/tools/bin/../lib/gcc/arm-none-eabi/13.3.1/thumb/v7e-m+fp/hard/crtbegin.o
                0x20000078                        . = ALIGN (0x4)

.bss            0x20000078     0xcd14 load address 0x0800ac98
                0x20000078                        _sbss = .
                0x20000078                        __bss_start__ = _sbss
 *(.bss)
 .bss           0x20000078       0x1c C:/ST/STM32CubeIDE_1.16.0/STM32CubeIDE/plugins/com.st.stm32cube.ide.mcu.externaltools.gnu-tools-for-stm32.13.3.rel1.win32_1.0.0.202411081344/tools/bin/../lib/gcc/arm-none-eabi/13.3.1/thumb/v7e-m+fp/hard/crtbegin.o
 *(.bss*)
 .bss.portLcd   0x20000094        0x1 ./Core/Src/LCD1602.o
                0x20000094                portLcd
 .bss._text_mode
                0x20000095        0x1 ./Core/Src/RA8876_driver.o
                0x20000095                _text_mode
 .bss._symbol   0x20000096        0x1 ./Core/Src/RA8876_driver.o
                0x20000096                _symbol
 *fill*         0x20000097        0x1 
 .bss._color    0x20000098        0x2 ./Core/Src/RA8876_driver.o
                0x20000098                _color
 *fill*         0x2000009a        0x2 
 .bss.animBuffer.0
                0x2000009c     0x8000 ./Core/Src/RA8876_driver.o
 .bss.GameState
                0x2000809c        0x1 ./Core/Src/freertos.o
                0x2000809c                GameState
 *fill*         0x2000809d        0x3 
 .bss.prng_state
                0x200080a0        0x4 ./Core/Src/freertos.o
 .bss.slot_stats
                0x200080a4        0x8 ./Core/Src/freertos.o
                0x200080a4                slot_stats
 .bss.defaultTaskHandle
                0x200080ac        0x4 ./Core/Src/freertos.o
                0x200080ac                defaultTaskHandle
 .bss.main_displayHandle
                0x200080b0        0x4 ./Core/Src/freertos.o
                0x200080b0                main_displayHandle
 .bss.buttonsHandle
                0x200080b4        0x4 ./Core/Src/freertos.o
                0x200080b4                buttonsHandle
 .bss.controlDisplayHandle
                0x200080b8        0x4 ./Core/Src/freertos.o
                0x200080b8                controlDisplayHandle
 .bss.hi2c1     0x200080bc       0x54 ./Core/Src/i2c.o
                0x200080bc                hi2c1
 .bss.hspi2     0x20008110       0x58 ./Core/Src/spi.o
                0x20008110                hspi2
 .bss.hspi5     0x20008168       0x58 ./Core/Src/spi.o
                0x20008168                hspi5
 .bss.htim1     0x200081c0       0x48 ./Core/Src/stm32f4xx_hal_timebase_tim.o
                0x200081c0                htim1
 .bss.__sbrk_heap_end
                0x20008208        0x4 ./Core/Src/sysmem.o
 .bss.huart6    0x2000820c       0x48 ./Core/Src/usart.o
                0x2000820c                huart6
 .bss.uwTick    0x20008254        0x4 ./Drivers/STM32F4xx_HAL_Driver/Src/stm32f4xx_hal.o
                0x20008254                uwTick
 .bss.KernelState
                0x20008258        0x4 ./Middlewares/Third_Party/FreeRTOS/Source/CMSIS_RTOS_V2/cmsis_os2.o
 .bss.Idle_TCB.3
                0x2000825c       0xa8 ./Middlewares/Third_Party/FreeRTOS/Source/CMSIS_RTOS_V2/cmsis_os2.o
 .bss.Idle_Stack.2
                0x20008304      0x200 ./Middlewares/Third_Party/FreeRTOS/Source/CMSIS_RTOS_V2/cmsis_os2.o
 .bss.Timer_TCB.1
                0x20008504       0xa8 ./Middlewares/Third_Party/FreeRTOS/Source/CMSIS_RTOS_V2/cmsis_os2.o
 .bss.Timer_Stack.0
                0x200085ac      0x400 ./Middlewares/Third_Party/FreeRTOS/Source/CMSIS_RTOS_V2/cmsis_os2.o
 .bss.xQueueRegistry
                0x200089ac       0x40 ./Middlewares/Third_Party/FreeRTOS/Source/queue.o
                0x200089ac                xQueueRegistry
 .bss.pxCurrentTCB
                0x200089ec        0x4 ./Middlewares/Third_Party/FreeRTOS/Source/tasks.o
                0x200089ec                pxCurrentTCB
 .bss.pxReadyTasksLists
                0x200089f0      0x460 ./Middlewares/Third_Party/FreeRTOS/Source/tasks.o
 .bss.xDelayedTaskList1
                0x20008e50       0x14 ./Middlewares/Third_Party/FreeRTOS/Source/tasks.o
 .bss.xDelayedTaskList2
                0x20008e64       0x14 ./Middlewares/Third_Party/FreeRTOS/Source/tasks.o
 .bss.pxDelayedTaskList
                0x20008e78        0x4 ./Middlewares/Third_Party/FreeRTOS/Source/tasks.o
 .bss.pxOverflowDelayedTaskList
                0x20008e7c        0x4 ./Middlewares/Third_Party/FreeRTOS/Source/tasks.o
 .bss.xPendingReadyList
                0x20008e80       0x14 ./Middlewares/Third_Party/FreeRTOS/Source/tasks.o
 .bss.xTasksWaitingTermination
                0x20008e94       0x14 ./Middlewares/Third_Party/FreeRTOS/Source/tasks.o
 .bss.uxDeletedTasksWaitingCleanUp
                0x20008ea8        0x4 ./Middlewares/Third_Party/FreeRTOS/Source/tasks.o
 .bss.xSuspendedTaskList
                0x20008eac       0x14 ./Middlewares/Third_Party/FreeRTOS/Source/tasks.o
 .bss.uxCurrentNumberOfTasks
                0x20008ec0        0x4 ./Middlewares/Third_Party/FreeRTOS/Source/tasks.o
 .bss.xTickCount
                0x20008ec4        0x4 ./Middlewares/Third_Party/FreeRTOS/Source/tasks.o
 .bss.uxTopReadyPriority
                0x20008ec8        0x4 ./Middlewares/Third_Party/FreeRTOS/Source/tasks.o
 .bss.xSchedulerRunning
                0x20008ecc        0x4 ./Middlewares/Third_Party/FreeRTOS/Source/tasks.o
 .bss.xPendedTicks
                0x20008ed0        0x4 ./Middlewares/Third_Party/FreeRTOS/Source/tasks.o
 .bss.xYieldPending
                0x20008ed4        0x4 ./Middlewares/Third_Party/FreeRTOS/Source/tasks.o
 .bss.xNumOfOverflows
                0x20008ed8        0x4 ./Middlewares/Third_Party/FreeRTOS/Source/tasks.o
 .bss.uxTaskNumber
                0x20008edc        0x4 ./Middlewares/Third_Party/FreeRTOS/Source/tasks.o
 .bss.xNextTaskUnblockTime
                0x20008ee0        0x4 ./Middlewares/Third_Party/FreeRTOS/Source/tasks.o
 .bss.xIdleTaskHandle
                0x20008ee4        0x4 ./Middlewares/Third_Party/FreeRTOS/Source/tasks.o
 .bss.uxSchedulerSuspended
                0x20008ee8        0x4 ./Middlewares/Third_Party/FreeRTOS/Source/tasks.o
 .bss.xActiveTimerList1
                0x20008eec       0x14 ./Middlewares/Third_Party/FreeRTOS/Source/timers.o
 .bss.xActiveTimerList2
                0x20008f00       0x14 ./Middlewares/Third_Party/FreeRTOS/Source/timers.o
 .bss.pxCurrentTimerList
                0x20008f14        0x4 ./Middlewares/Third_Party/FreeRTOS/Source/timers.o
 .bss.pxOverflowTimerList
                0x20008f18        0x4 ./Middlewares/Third_Party/FreeRTOS/Source/timers.o
 .bss.xTimerQueue
                0x20008f1c        0x4 ./Middlewares/Third_Party/FreeRTOS/Source/timers.o
 .bss.xTimerTaskHandle
                0x20008f20        0x4 ./Middlewares/Third_Party/FreeRTOS/Source/timers.o
 .bss.xLastTime.2
                0x20008f24        0x4 ./Middlewares/Third_Party/FreeRTOS/Source/timers.o
 .bss.ucStaticTimerQueueStorage.1
                0x20008f28       0xa0 ./Middlewares/Third_Party/FreeRTOS/Source/timers.o
 .bss.xStaticTimerQueue.0
                0x20008fc8       0x50 ./Middlewares/Third_Party/FreeRTOS/Source/timers.o
 .bss.ucMaxSysCallPriority
                0x20009018        0x1 ./Middlewares/Third_Party/FreeRTOS/Source/portable/GCC/ARM_CM4F/port.o
 *fill*         0x20009019        0x3 
 .bss.ulMaxPRIGROUPValue
                0x2000901c        0x4 ./Middlewares/Third_Party/FreeRTOS/Source/portable/GCC/ARM_CM4F/port.o
 .bss.ucHeap    0x20009020     0x3c00 ./Middlewares/Third_Party/FreeRTOS/Source/portable/MemMang/heap_4.o
 .bss.xStart    0x2000cc20        0x8 ./Middlewares/Third_Party/FreeRTOS/Source/portable/MemMang/heap_4.o
 .bss.pxEnd     0x2000cc28        0x4 ./Middlewares/Third_Party/FreeRTOS/Source/portable/MemMang/heap_4.o
 .bss.xFreeBytesRemaining
                0x2000cc2c        0x4 ./Middlewares/Third_Party/FreeRTOS/Source/portable/MemMang/heap_4.o
 .bss.xMinimumEverFreeBytesRemaining
                0x2000cc30        0x4 ./Middlewares/Third_Party/FreeRTOS/Source/portable/MemMang/heap_4.o
 .bss.xNumberOfSuccessfulAllocations
                0x2000cc34        0x4 ./Middlewares/Third_Party/FreeRTOS/Source/portable/MemMang/heap_4.o
 .bss.xNumberOfSuccessfulFrees
                0x2000cc38        0x4 ./Middlewares/Third_Party/FreeRTOS/Source/portable/MemMang/heap_4.o
 .bss.xBlockAllocatedBit
                0x2000cc3c        0x4 ./Middlewares/Third_Party/FreeRTOS/Source/portable/MemMang/heap_4.o
 .bss.__sf      0x2000cc40      0x138 C:/ST/STM32CubeIDE_1.16.0/STM32CubeIDE/plugins/com.st.stm32cube.ide.mcu.externaltools.gnu-tools-for-stm32.13.3.rel1.win32_1.0.0.202411081344/tools/bin/../lib/gcc/arm-none-eabi/13.3.1/../../../../arm-none-eabi/lib/thumb/v7e-m+fp/hard\libc_nano.a(libc_a-findfp.o)
                0x2000cc40                __sf
 .bss.__stdio_exit_handler
                0x2000cd78        0x4 C:/ST/STM32CubeIDE_1.16.0/STM32CubeIDE/plugins/com.st.stm32cube.ide.mcu.externaltools.gnu-tools-for-stm32.13.3.rel1.win32_1.0.0.202411081344/tools/bin/../lib/gcc/arm-none-eabi/13.3.1/../../../../arm-none-eabi/lib/thumb/v7e-m+fp/hard\libc_nano.a(libc_a-findfp.o)
                0x2000cd78                __stdio_exit_handler
 .bss.errno     0x2000cd7c        0x4 C:/ST/STM32CubeIDE_1.16.0/STM32CubeIDE/plugins/com.st.stm32cube.ide.mcu.externaltools.gnu-tools-for-stm32.13.3.rel1.win32_1.0.0.202411081344/tools/bin/../lib/gcc/arm-none-eabi/13.3.1/../../../../arm-none-eabi/lib/thumb/v7e-m+fp/hard\libc_nano.a(libc_a-reent.o)
                0x2000cd7c                errno
 .bss.__lock___malloc_recursive_mutex
                0x2000cd80        0x1 C:/ST/STM32CubeIDE_1.16.0/STM32CubeIDE/plugins/com.st.stm32cube.ide.mcu.externaltools.gnu-tools-for-stm32.13.3.rel1.win32_1.0.0.202411081344/tools/bin/../lib/gcc/arm-none-eabi/13.3.1/../../../../arm-none-eabi/lib/thumb/v7e-m+fp/hard\libc_nano.a(libc_a-lock.o)
                0x2000cd80                __lock___malloc_recursive_mutex
 .bss.__lock___sfp_recursive_mutex
                0x2000cd81        0x1 C:/ST/STM32CubeIDE_1.16.0/STM32CubeIDE/plugins/com.st.stm32cube.ide.mcu.externaltools.gnu-tools-for-stm32.13.3.rel1.win32_1.0.0.202411081344/tools/bin/../lib/gcc/arm-none-eabi/13.3.1/../../../../arm-none-eabi/lib/thumb/v7e-m+fp/hard\libc_nano.a(libc_a-lock.o)
                0x2000cd81                __lock___sfp_recursive_mutex
 *fill*         0x2000cd82        0x2 
 .bss.__malloc_sbrk_start
                0x2000cd84        0x4 C:/ST/STM32CubeIDE_1.16.0/STM32CubeIDE/plugins/com.st.stm32cube.ide.mcu.externaltools.gnu-tools-for-stm32.13.3.rel1.win32_1.0.0.202411081344/tools/bin/../lib/gcc/arm-none-eabi/13.3.1/../../../../arm-none-eabi/lib/thumb/v7e-m+fp/hard\libc_nano.a(libc_a-mallocr.o)
                0x2000cd84                __malloc_sbrk_start
 .bss.__malloc_free_list
                0x2000cd88        0x4 C:/ST/STM32CubeIDE_1.16.0/STM32CubeIDE/plugins/com.st.stm32cube.ide.mcu.externaltools.gnu-tools-for-stm32.13.3.rel1.win32_1.0.0.202411081344/tools/bin/../lib/gcc/arm-none-eabi/13.3.1/../../../../arm-none-eabi/lib/thumb/v7e-m+fp/hard\libc_nano.a(libc_a-mallocr.o)
                0x2000cd88                __malloc_free_list
 *(COMMON)
                0x2000cd8c                        . = ALIGN (0x4)
                0x2000cd8c                        _ebss = .
                0x2000cd8c                        __bss_end__ = _ebss

._user_heap_stack
                0x2000cd8c      0x604 load address 0x0800ac98
                0x2000cd90                        . = ALIGN (0x8)
 *fill*         0x2000cd8c        0x4 
                [!provide]                        PROVIDE (end = .)
                0x2000cd90                        PROVIDE (_end = .)
                0x2000cf90                        . = (. + _Min_Heap_Size)
 *fill*         0x2000cd90      0x200 
                0x2000d390                        . = (. + _Min_Stack_Size)
 *fill*         0x2000cf90      0x400 
                0x2000d390                        . = ALIGN (0x8)

/DISCARD/
 libc.a(*)
 libm.a(*)
 libgcc.a(*)

.ARM.attributes
                0x00000000       0x30
 *(.ARM.attributes)
 .ARM.attributes
                0x00000000       0x22 C:/ST/STM32CubeIDE_1.16.0/STM32CubeIDE/plugins/com.st.stm32cube.ide.mcu.externaltools.gnu-tools-for-stm32.13.3.rel1.win32_1.0.0.202411081344/tools/bin/../lib/gcc/arm-none-eabi/13.3.1/thumb/v7e-m+fp/hard/crti.o
 .ARM.attributes
                0x00000022       0x34 C:/ST/STM32CubeIDE_1.16.0/STM32CubeIDE/plugins/com.st.stm32cube.ide.mcu.externaltools.gnu-tools-for-stm32.13.3.rel1.win32_1.0.0.202411081344/tools/bin/../lib/gcc/arm-none-eabi/13.3.1/thumb/v7e-m+fp/hard/crtbegin.o
 .ARM.attributes
                0x00000056       0x34 ./Core/Src/LCD1602.o
 .ARM.attributes
                0x0000008a       0x34 ./Core/Src/MP3_player.o
 .ARM.attributes
                0x000000be       0x34 ./Core/Src/Matrix_Keypad.o
 .ARM.attributes
                0x000000f2       0x34 ./Core/Src/RA8876_driver.o
 .ARM.attributes
                0x00000126       0x34 ./Core/Src/freertos.o
 .ARM.attributes
                0x0000015a       0x34 ./Core/Src/gpio.o
 .ARM.attributes
                0x0000018e       0x34 ./Core/Src/i2c.o
 .ARM.attributes
                0x000001c2       0x34 ./Core/Src/main.o
 .ARM.attributes
                0x000001f6       0x34 ./Core/Src/spi.o
 .ARM.attributes
                0x0000022a       0x34 ./Core/Src/stm32f4xx_hal_msp.o
 .ARM.attributes
                0x0000025e       0x34 ./Core/Src/stm32f4xx_hal_timebase_tim.o
 .ARM.attributes
                0x00000292       0x34 ./Core/Src/stm32f4xx_it.o
 .ARM.attributes
                0x000002c6       0x34 ./Core/Src/syscalls.o
 .ARM.attributes
                0x000002fa       0x34 ./Core/Src/sysmem.o
 .ARM.attributes
                0x0000032e       0x34 ./Core/Src/system_stm32f4xx.o
 .ARM.attributes
                0x00000362       0x34 ./Core/Src/usart.o
 .ARM.attributes
                0x00000396       0x21 ./Core/Startup/startup_stm32f411vetx.o
 .ARM.attributes
                0x000003b7       0x34 ./Drivers/STM32F4xx_HAL_Driver/Src/stm32f4xx_hal.o
 .ARM.attributes
                0x000003eb       0x34 ./Drivers/STM32F4xx_HAL_Driver/Src/stm32f4xx_hal_cortex.o
 .ARM.attributes
                0x0000041f       0x34 ./Drivers/STM32F4xx_HAL_Driver/Src/stm32f4xx_hal_gpio.o
 .ARM.attributes
                0x00000453       0x34 ./Drivers/STM32F4xx_HAL_Driver/Src/stm32f4xx_hal_i2c.o
 .ARM.attributes
                0x00000487       0x34 ./Drivers/STM32F4xx_HAL_Driver/Src/stm32f4xx_hal_rcc.o
 .ARM.attributes
                0x000004bb       0x34 ./Drivers/STM32F4xx_HAL_Driver/Src/stm32f4xx_hal_spi.o
 .ARM.attributes