Archive member included to satisfy reference by file (symbol)

C:/ST/STM32CubeIDE_1.16.0/STM32CubeIDE/plugins/com.st.stm32cube.ide.mcu.externaltools.gnu-tools-for-stm32.13.3.rel1.win32_1.0.0.202411081344/tools/bin/../lib/gcc/arm-none-eabi/13.3.1/../../../../arm-none-eabi/lib/thumb/v7e-m+fp/hard\libc_nano.a(libc_a-exit.o)
                              C:/ST/STM32CubeIDE_1.16.0/STM32CubeIDE/plugins/com.st.stm32cube.ide.mcu.externaltools.gnu-tools-for-stm32.13.3.rel1.win32_1.0.0.202411081344/tools/bin/../lib/gcc/arm-none-eabi/13.3.1/../../../../arm-none-eabi/lib/thumb/v7e-m+fp/hard/crt0.o (exit)
C:/ST/STM32CubeIDE_1.16.0/STM32CubeIDE/plugins/com.st.stm32cube.ide.mcu.externaltools.gnu-tools-for-stm32.13.3.rel1.win32_1.0.0.202411081344/tools/bin/../lib/gcc/arm-none-eabi/13.3.1/../../../../arm-none-eabi/lib/thumb/v7e-m+fp/hard\libc_nano.a(libc_a-findfp.o)
                              ./Middlewares/Third_Party/FreeRTOS/Source/tasks.o (__sf)
C:/ST/STM32CubeIDE_1.16.0/STM32CubeIDE/plugins/com.st.stm32cube.ide.mcu.externaltools.gnu-tools-for-stm32.13.3.rel1.win32_1.0.0.202411081344/tools/bin/../lib/gcc/arm-none-eabi/13.3.1/../../../../arm-none-eabi/lib/thumb/v7e-m+fp/hard\libc_nano.a(libc_a-fwalk.o)
                              C:/ST/STM32CubeIDE_1.16.0/STM32CubeIDE/plugins/com.st.stm32cube.ide.mcu.externaltools.gnu-tools-for-stm32.13.3.rel1.win32_1.0.0.202411081344/tools/bin/../lib/gcc/arm-none-eabi/13.3.1/../../../../arm-none-eabi/lib/thumb/v7e-m+fp/hard\libc_nano.a(libc_a-findfp.o) (_fwalk_sglue)
C:/ST/STM32CubeIDE_1.16.0/STM32CubeIDE/plugins/com.st.stm32cube.ide.mcu.externaltools.gnu-tools-for-stm32.13.3.rel1.win32_1.0.0.202411081344/tools/bin/../lib/gcc/arm-none-eabi/13.3.1/../../../../arm-none-eabi/lib/thumb/v7e-m+fp/hard\libc_nano.a(libc_a-snprintf.o)
                              ./Core/Src/MP3_player.o (snprintf)
C:/ST/STM32CubeIDE_1.16.0/STM32CubeIDE/plugins/com.st.stm32cube.ide.mcu.externaltools.gnu-tools-for-stm32.13.3.rel1.win32_1.0.0.202411081344/tools/bin/../lib/gcc/arm-none-eabi/13.3.1/../../../../arm-none-eabi/lib/thumb/v7e-m+fp/hard\libc_nano.a(libc_a-stdio.o)
                              C:/ST/STM32CubeIDE_1.16.0/STM32CubeIDE/plugins/com.st.stm32cube.ide.mcu.externaltools.gnu-tools-for-stm32.13.3.rel1.win32_1.0.0.202411081344/tools/bin/../lib/gcc/arm-none-eabi/13.3.1/../../../../arm-none-eabi/lib/thumb/v7e-m+fp/hard\libc_nano.a(libc_a-findfp.o) (__sread)
C:/ST/STM32CubeIDE_1.16.0/STM32CubeIDE/plugins/com.st.stm32cube.ide.mcu.externaltools.gnu-tools-for-stm32.13.3.rel1.win32_1.0.0.202411081344/tools/bin/../lib/gcc/arm-none-eabi/13.3.1/../../../../arm-none-eabi/lib/thumb/v7e-m+fp/hard\libc_nano.a(libc_a-memset.o)
                              C:/ST/STM32CubeIDE_1.16.0/STM32CubeIDE/plugins/com.st.stm32cube.ide.mcu.externaltools.gnu-tools-for-stm32.13.3.rel1.win32_1.0.0.202411081344/tools/bin/../lib/gcc/arm-none-eabi/13.3.1/../../../../arm-none-eabi/lib/thumb/v7e-m+fp/hard/crt0.o (memset)
C:/ST/STM32CubeIDE_1.16.0/STM32CubeIDE/plugins/com.st.stm32cube.ide.mcu.externaltools.gnu-tools-for-stm32.13.3.rel1.win32_1.0.0.202411081344/tools/bin/../lib/gcc/arm-none-eabi/13.3.1/../../../../arm-none-eabi/lib/thumb/v7e-m+fp/hard\libc_nano.a(libc_a-closer.o)
                              C:/ST/STM32CubeIDE_1.16.0/STM32CubeIDE/plugins/com.st.stm32cube.ide.mcu.externaltools.gnu-tools-for-stm32.13.3.rel1.win32_1.0.0.202411081344/tools/bin/../lib/gcc/arm-none-eabi/13.3.1/../../../../arm-none-eabi/lib/thumb/v7e-m+fp/hard\libc_nano.a(libc_a-stdio.o) (_close_r)
C:/ST/STM32CubeIDE_1.16.0/STM32CubeIDE/plugins/com.st.stm32cube.ide.mcu.externaltools.gnu-tools-for-stm32.13.3.rel1.win32_1.0.0.202411081344/tools/bin/../lib/gcc/arm-none-eabi/13.3.1/../../../../arm-none-eabi/lib/thumb/v7e-m+fp/hard\libc_nano.a(libc_a-reent.o)
                              ./Middlewares/Third_Party/FreeRTOS/Source/tasks.o (_reclaim_reent)
C:/ST/STM32CubeIDE_1.16.0/STM32CubeIDE/plugins/com.st.stm32cube.ide.mcu.externaltools.gnu-tools-for-stm32.13.3.rel1.win32_1.0.0.202411081344/tools/bin/../lib/gcc/arm-none-eabi/13.3.1/../../../../arm-none-eabi/lib/thumb/v7e-m+fp/hard\libc_nano.a(libc_a-impure.o)
                              ./Middlewares/Third_Party/FreeRTOS/Source/tasks.o (_impure_ptr)
C:/ST/STM32CubeIDE_1.16.0/STM32CubeIDE/plugins/com.st.stm32cube.ide.mcu.externaltools.gnu-tools-for-stm32.13.3.rel1.win32_1.0.0.202411081344/tools/bin/../lib/gcc/arm-none-eabi/13.3.1/../../../../arm-none-eabi/lib/thumb/v7e-m+fp/hard\libc_nano.a(libc_a-lseekr.o)
                              C:/ST/STM32CubeIDE_1.16.0/STM32CubeIDE/plugins/com.st.stm32cube.ide.mcu.externaltools.gnu-tools-for-stm32.13.3.rel1.win32_1.0.0.202411081344/tools/bin/../lib/gcc/arm-none-eabi/13.3.1/../../../../arm-none-eabi/lib/thumb/v7e-m+fp/hard\libc_nano.a(libc_a-stdio.o) (_lseek_r)
[...]
Memory Configuration

Name             Origin             Length             Attributes
RAM              0x20000000         0x00020000         xrw
FLASH            0x08000000         0x00080000         xr
*default*        0x00000000         0xffffffff

Linker script and memory map

LOAD C:/ST/STM32CubeIDE_1.16.0/STM32CubeIDE/plugins/com.st.stm32cube.ide.mcu.externaltools.gnu-tools-for-stm32.13.3.rel1.win32_1.0.0.202411081344/tools/bin/../lib/gcc/arm-none-eabi/13.3.1/thumb/v7e-m+fp/hard/crti.o
LOAD C:/ST/STM32CubeIDE_1.16.0/STM32CubeIDE/plugins/com.st.stm32cube.ide.mcu.externaltools.gnu-tools-for-stm32.13.3.rel1.win32_1.0.0.202411081344/tools/bin/../lib/gcc/arm-none-eabi/13.3.1/thumb/v7e-m+fp/hard/crtbegin.o
LOAD C:/ST/STM32CubeIDE_1.16.0/STM32CubeIDE/plugins/com.st.stm32cube.ide.mcu.externaltools.gnu-tools-for-stm32.13.3.rel1.win32_1.0.0.202411081344/tools/bin/../lib/gcc/arm-none-eabi/13.3.1/../../../../arm-none-eabi/lib/thumb/v7e-m+fp/hard/crt0.o
LOAD ./Core/Src/LCD1602.o
LOAD ./Core/Src/MP3_player.o
LOAD ./Core/Src/Matrix_Keypad.o
LOAD ./Core/Src/RA8876_driver.o
LOAD ./Core/Src/freertos.o
LOAD ./Core/Src/gpio.o
LOAD ./Core/Src/i2c.o
LOAD ./Core/Src/main.o
LOAD ./Core/Src/spi.o
LOAD ./Core/Src/stm32f4xx_hal_msp.o
LOAD ./Core/Src/stm32f4xx_hal_timebase_tim.o
LOAD ./Core/Src/stm32f4xx_it.o
LOAD ./Core/Src/syscalls.o
LOAD ./Core/Src/sysmem.o
LOAD ./Core/Src/system_stm32f4xx.o
LOAD ./Core/Src/usart.o
LOAD ./Core/Startup/startup_stm32f411vetx.o
LOAD ./Drivers/STM32F4xx_HAL_Driver/Src/stm32f4xx_hal.o
LOAD ./Drivers/STM32F4xx_HAL_Driver/Src/stm32f4xx_hal_cortex.o
LOAD ./Drivers/STM32F4xx_HAL_Driver/Src/stm32f4xx_hal_dma.o
LOAD ./Drivers/STM32F4xx_HAL_Driver/Src/stm32f4xx_hal_dma_ex.o
LOAD ./Drivers/STM32F4xx_HAL_Driver/Src/stm32f4xx_hal_exti.o
LOAD ./Drivers/STM32F4xx_HAL_Driver/Src/stm32f4xx_hal_flash.o
LOAD ./Drivers/STM32F4xx_HAL_Driver/Src/stm32f4xx_hal_flash_ex.o
LOAD ./Drivers/STM32F4xx_HAL_Driver/Src/stm32f4xx_hal_flash_ramfunc.o
LOAD ./Drivers/STM32F4xx_HAL_Driver/Src/stm32f4xx_hal_gpio.o
LOAD ./Drivers/STM32F4xx_HAL_Driver/Src/stm32f4xx_hal_i2c.o
LOAD ./Drivers/STM32F4xx_HAL_Driver/Src/stm32f4xx_hal_i2c_ex.o
LOAD ./Drivers/STM32F4xx_HAL_Driver/Src/stm32f4xx_hal_pwr.o
LOAD ./Drivers/STM32F4xx_HAL_Driver/Src/stm32f4xx_hal_pwr_ex.o
LOAD ./Drivers/STM32F4xx_HAL_Driver/Src/stm32f4xx_hal_rcc.o
LOAD ./Drivers/STM32F4xx_HAL_Driver/Src/stm32f4xx_hal_rcc_ex.o
LOAD ./Drivers/STM32F4xx_HAL_Driver/Src/stm32f4xx_hal_spi.o
LOAD ./Drivers/STM32F4xx_HAL_Driver/Src/stm32f4xx_hal_tim.o
LOAD ./Drivers/STM32F4xx_HAL_Driver/Src/stm32f4xx_hal_tim_ex.o
LOAD ./Drivers/STM32F4xx_HAL_Driver/Src/stm32f4xx_hal_uart.o
LOAD ./Middlewares/Third_Party/FreeRTOS/Source/CMSIS_RTOS_V2/cmsis_os2.o
LOAD ./Middlewares/Third_Party/FreeRTOS/Source/croutine.o
LOAD ./Middlewares/Third_Party/FreeRTOS/Source/event_groups.o
LOAD ./Middlewares/Third_Party/FreeRTOS/Source/list.o
LOAD ./Middlewares/Third_Party/FreeRTOS/Source/queue.o
LOAD ./Middlewares/Third_Party/FreeRTOS/Source/stream_buffer.o
LOAD ./Middlewares/Third_Party/FreeRTOS/Source/tasks.o
LOAD ./Middlewares/Third_Party/FreeRTOS/Source/timers.o
LOAD ./Middlewares/Third_Party/FreeRTOS/Source/portable/GCC/ARM_CM4F/port.o
LOAD ./Middlewares/Third_Party/FreeRTOS/Source/portable/MemMang/heap_4.o
START GROUP
LOAD C:/ST/STM32CubeIDE_1.16.0/STM32CubeIDE/plugins/com.st.stm32cube.ide.mcu.externaltools.gnu-tools-for-stm32.13.3.rel1.win32_1.0.0.202411081344/tools/bin/../lib/gcc/arm-none-eabi/13.3.1/../../../../arm-none-eabi/lib/thumb/v7e-m+fp/hard\libc_nano.a
LOAD C:/ST/STM32CubeIDE_1.16.0/STM32CubeIDE/plugins/com.st.stm32cube.ide.mcu.externaltools.gnu-tools-for-stm32.13.3.rel1.win32_1.0.0.202411081344/tools/bin/../lib/gcc/arm-none-eabi/13.3.1/../../../../arm-none-eabi/lib/thumb/v7e-m+fp/hard\libm.a
END GROUP
START GROUP
LOAD C:/ST/STM32CubeIDE_1.16.0/STM32CubeIDE/plugins/com.st.stm32cube.ide.mcu.externaltools.gnu-tools-for-stm32.13.3.rel1.win32_1.0.0.202411081344/tools/bin/../lib/gcc/arm-none-eabi/13.3.1/thumb/v7e-m+fp/hard\libgcc.a
LOAD C:/ST/STM32CubeIDE_1.16.0/STM32CubeIDE/plugins/com.st.stm32cube.ide.mcu.externaltools.gnu-tools-for-stm32.13.3.rel1.win32_1.0.0.202411081344/tools/bin/../lib/gcc/arm-none-eabi/13.3.1/../../../../arm-none-eabi/lib/thumb/v7e-m+fp/hard\libc_nano.a
END GROUP
START GROUP
LOAD C:/ST/STM32CubeIDE_1.16.0/STM32CubeIDE/plugins/com.st.stm32cube.ide.mcu.externaltools.gnu-tools-for-stm32.13.3.rel1.win32_1.0.0.202411081344/tools/bin/../lib/gcc/arm-none-eabi/13.3.1/thumb/v7e-m+fp/hard\libgcc.a
LOAD C:/ST/STM32CubeIDE_1.16.0/STM32CubeIDE/plugins/com.st.stm32cube.ide.mcu.externaltools.gnu-tools-for-stm32.13.3.rel1.win32_1.0.0.202411081344/tools/bin/../lib/gcc/arm-none-eabi/13.3.1/../../../../arm-none-eabi/lib/thumb/v7e-m+fp/hard\libc_nano.a
LOAD C:/ST/STM32CubeIDE_1.16.0/STM32CubeIDE/plugins/com.st.stm32cube.ide.mcu.externaltools.gnu-tools-for-stm32.13.3.rel1.win32_1.0.0.202411081344/tools/bin/../lib/gcc/arm-none-eabi/13.3.1/../../../../arm-none-eabi/lib/thumb/v7e-m+fp/hard\libnosys.a
END GROUP
START GROUP
LOAD C:/ST/STM32CubeIDE_1.16.0/STM32CubeIDE/plugins/com.st.stm32cube.ide.mcu.externaltools.gnu-tools-for-stm32.13.3.rel1.win32_1.0.0.202411081344/tools/bin/../lib/gcc/arm-none-eabi/13.3.1/thumb/v7e-m+fp/hard\libgcc.a
LOAD C:/ST/STM32CubeIDE_1.16.0/STM32CubeIDE/plugins/com.st.stm32cube.ide.mcu.externaltools.gnu-tools-for-stm32.13.3.rel1.win32_1.0.0.202411081344/tools/bin/../lib/gcc/arm-none-eabi/13.3.1/../../../../arm-none-eabi/lib/thumb/v7e-m+fp/hard\libc_nano.a
LOAD C:/ST/STM32CubeIDE_1.16.0/STM32CubeIDE/plugins/com.st.stm32cube.ide.mcu.externaltools.gnu-tools-for-stm32.13.3.rel1.win32_1.0.0.202411081344/tools/bin/../lib/gcc/arm-none-eabi/13.3.1/../../../../arm-none-eabi/lib/thumb/v7e-m+fp/hard\libnosys.a
END GROUP
LOAD C:/ST/STM32CubeIDE_1.16.0/STM32CubeIDE/plugins/com.st.stm32cube.ide.mcu.externaltools.gnu-tools-for-stm32.13.3.rel1.win32_1.0.0.202411081344/tools/bin/../lib/gcc/arm-none-eabi/13.3.1/thumb/v7e-m+fp/hard/crtend.o
LOAD C:/ST/STM32CubeIDE_1.16.0/STM32CubeIDE/plugins/com.st.stm32cube.ide.mcu.externaltools.gnu-tools-for-stm32.13.3.rel1.win32_1.0.0.202411081344/tools/bin/../lib/gcc/arm-none-eabi/13.3.1/thumb/v7e-m+fp/hard/crtn.o
                0x20020000                        _estack = (ORIGIN (RAM) + LENGTH (RAM))
                0x00000200                        _Min_Heap_Size = 0x200
                0x00000400                        _Min_Stack_Size = 0x400

.isr_vector     0x08000000      0x198
                0x08000000                        . = ALIGN (0x4)
 *(.isr_vector)
 .isr_vector    0x08000000      0x198 ./Core/Startup/startup_stm32f411vetx.o
                0x08000000                g_pfnVectors
                0x08000198                        . = ALIGN (0x4)

.text           0x080001a0     0x8c30
                0x080001a0                        . = ALIGN (0x4)
 *(.text)
 .text          0x080001a0       0x40 C:/ST/STM32CubeIDE_1.16.0/STM32CubeIDE/plugins/com.st.stm32cube.ide.mcu.externaltools.gnu-tools-for-stm32.13.3.rel1.win32_1.0.0.202411081344/tools/bin/../lib/gcc/arm-none-eabi/13.3.1/thumb/v7e-m+fp/hard/crtbegin.o
 .text          0x080001e0       0x14 C:/ST/STM32CubeIDE_1.16.0/STM32CubeIDE/plugins/com.st.stm32cube.ide.mcu.externaltools.gnu-tools-for-stm32.13.3.rel1.win32_1.0.0.202411081344/tools/bin/../lib/gcc/arm-none-eabi/13.3.1/../../../../arm-none-eabi/lib/thumb/v7e-m+fp/hard\libc_nano.a(libc_a-strcmp.o)
                0x080001e0                strcmp
 .text          0x080001f4       0x30 C:/ST/STM32CubeIDE_1.16.0/STM32CubeIDE/plugins/com.st.stm32cube.ide.mcu.externaltools.gnu-tools-for-stm32.13.3.rel1.win32_1.0.0.202411081344/tools/bin/../lib/gcc/arm-none-eabi/13.3.1/thumb/v7e-m+fp/hard\libgcc.a(_aeabi_uldivmod.o)
                0x080001f4                __aeabi_uldivmod
 .text          0x08000224      0x2f8 C:/ST/STM32CubeIDE_1.16.0/STM32CubeIDE/plugins/com.st.stm32cube.ide.mcu.externaltools.gnu-tools-for-stm32.13.3.rel1.win32_1.0.0.202411081344/tools/bin/../lib/gcc/arm-none-eabi/13.3.1/thumb/v7e-m+fp/hard\libgcc.a(_udivmoddi4.o)
                0x08000224                __udivmoddi4
 .text          0x0800051c        0x4 C:/ST/STM32CubeIDE_1.16.0/STM32CubeIDE/plugins/com.st.stm32cube.ide.mcu.externaltools.gnu-tools-for-stm32.13.3.rel1.win32_1.0.0.202411081344/tools/bin/../lib/gcc/arm-none-eabi/13.3.1/thumb/v7e-m+fp/hard\libgcc.a(_dvmd_tls.o)
                0x0800051c                __aeabi_idiv0
                0x0800051c                __aeabi_ldiv0
 *(.text*)
 .text.LCD_WriteByte
                0x08000520       0x28 ./Core/Src/LCD1602.o
 .text.LCD_SendCmd_8bit
                0x08000548       0x64 ./Core/Src/LCD1602.o
 .text.LCD_SendCmd
                0x080005ac       0x20 ./Core/Src/LCD1602.o
 .text.LCD_SendByte
                0x080005cc       0x70 ./Core/Src/LCD1602.o
 .text.LCD_Init
                0x0800063c       0xb8 ./Core/Src/LCD1602.o
                0x0800063c                LCD_Init
 .text.LCD_PrintString
                0x080006f4       0x3a ./Core/Src/LCD1602.o
                0x080006f4                LCD_PrintString
 .text.LCD_Clear
                0x0800072e       0x16 ./Core/Src/LCD1602.o
                0x0800072e                LCD_Clear
 .text.LCD_SetCursor
                0x08000744       0xb0 ./Core/Src/LCD1602.o
                0x08000744                LCD_SetCursor
 .text.MP3_calculate_check_sum
                0x080007f4       0x40 ./Core/Src/MP3_player.o
                0x080007f4                MP3_calculate_check_sum
 .text.MP3_send_stack
                0x08000834       0x3c ./Core/Src/MP3_player.o
                0x08000834                MP3_send_stack
 .text.MP3_send_command_with_param
                0x08000870       0x44 ./Core/Src/MP3_player.o
                0x08000870                MP3_send_command_with_param
 .text.MP3_send_command
                0x080008b4       0x20 ./Core/Src/MP3_player.o
                0x080008b4                MP3_send_command
 .text.MP3_init
                0x080008d4       0x32 ./Core/Src/MP3_player.o
                0x080008d4                MP3_init
 .text.MP3_set_playback_mode
                0x08000906       0x1c ./Core/Src/MP3_player.o
                0x08000906                MP3_set_playback_mode
 .text.MP3_play_folder
                0x08000922       0x20 ./Core/Src/MP3_player.o
                0x08000922                MP3_play_folder
 .text.MP3_play_sound_effect
                0x08000942       0x1e ./Core/Src/MP3_player.o
                0x08000942                MP3_play_sound_effect
 .text.KeypadGetKey
                0x08000960      0x2d4 ./Core/Src/Matrix_Keypad.o
                0x08000960                KeypadGetKey
 .text.RA8876_write
                0x08000c34       0x34 ./Core/Src/RA8876_driver.o
                0x08000c34                RA8876_write
 .text.RA8876_SDRAM_init
                0x08000c68       0x6c ./Core/Src/RA8876_driver.o
                0x08000c68                RA8876_SDRAM_init
 .text.RA8876_display_init
                0x08000cd4      0x228 ./Core/Src/RA8876_driver.o
                0x08000cd4                RA8876_display_init
 .text.RA8876_PLL_init
                0x08000efc       0x4c ./Core/Src/RA8876_driver.o
                0x08000efc                RA8876_PLL_init
 .text.RA8876_write_register
                0x08000f48       0x44 ./Core/Src/RA8876_driver.o
                0x08000f48                RA8876_write_register
 .text.RA8876_read_register
                0x08000f8c       0x80 ./Core/Src/RA8876_driver.o
                0x08000f8c                RA8876_read_register
 .text.RA8876_set_mode
                0x0800100c       0x48 ./Core/Src/RA8876_driver.o
                0x0800100c                RA8876_set_mode
 .text.RA8876_display_on
                0x08001054       0x2a ./Core/Src/RA8876_driver.o
                0x08001054                RA8876_display_on
 .text.RA8876_set_point_1_and_2
                0x0800107e       0xa6 ./Core/Src/RA8876_driver.o
                0x0800107e                RA8876_set_point_1_and_2
 .text.RA8876_clear_screen
                0x08001124       0x26 ./Core/Src/RA8876_driver.o
                0x08001124                RA8876_clear_screen
 *fill*         0x0800114a        0x2 
 .text.RA8876_draw_circle
                0x0800114c       0xe4 ./Core/Src/RA8876_driver.o
                0x0800114c                RA8876_draw_circle
 .text.RA8876_draw_diamond
                0x08001230       0x96 ./Core/Src/RA8876_driver.o
                0x08001230                RA8876_draw_diamond
 *fill*         0x080012c6        0x2 
 .text.RA8876_draw_triangle
                0x080012c8       0xb8 ./Core/Src/RA8876_driver.o
                0x080012c8                RA8876_draw_triangle
 .text.RA8876_draw_rectangle
                0x08001380       0x78 ./Core/Src/RA8876_driver.o
                0x08001380                RA8876_draw_rectangle
 .text.RA8876_set_foreground_color
                0x080013f8       0x50 ./Core/Src/RA8876_driver.o
                0x080013f8                RA8876_set_foreground_color
 .text.RA8876_draw_image_BTE
                0x08001448      0x1dc ./Core/Src/RA8876_driver.o
                0x08001448                RA8876_draw_image_BTE
 .text.RA8876_SLOT_clear
                0x08001624       0x2c ./Core/Src/RA8876_driver.o
                0x08001624                RA8876_SLOT_clear
 .text.RA8876_SLOT_draw_roll
                0x08001650       0xf8 ./Core/Src/RA8876_driver.o
                0x08001650                RA8876_SLOT_draw_roll
 .text.RA8876_draw_pacman
                0x08001748       0xb8 ./Core/Src/RA8876_driver.o
                0x08001748                RA8876_draw_pacman
 .text.RA8876_draw_tree
                0x08001800       0xc0 ./Core/Src/RA8876_driver.o
                0x08001800                RA8876_draw_tree
 .text.RA8876_draw_present
                0x080018c0       0xe0 ./Core/Src/RA8876_driver.o
                0x080018c0                RA8876_draw_present
 .text.RA8876_draw_snowman
                0x080019a0      0x148 ./Core/Src/RA8876_driver.o
                0x080019a0                RA8876_draw_snowman
 .text.RA8876_SLOT_draw_symbol
                0x08001ae8      0x208 ./Core/Src/RA8876_driver.o
                0x08001ae8                RA8876_SLOT_draw_symbol
 .text.RA8876_fill_gradient_128x128
                0x08001cf0      0x194 ./Core/Src/RA8876_driver.o
                0x08001cf0                RA8876_fill_gradient_128x128
 .text.RA8876_fill_bottom_gradient
                0x08001e84      0x180 ./Core/Src/RA8876_driver.o
                0x08001e84                RA8876_fill_bottom_gradient
 .text.MX_FREERTOS_Init
                0x08002004       0x78 ./Core/Src/freertos.o
                0x08002004                MX_FREERTOS_Init
 .text.StartDefaultTask
                0x0800207c       0x12 ./Core/Src/freertos.o
                0x0800207c                StartDefaultTask
 *fill*         0x0800208e        0x2 
 .text.main_display_task
                0x08002090      0x138 ./Core/Src/freertos.o
                0x08002090                main_display_task
 .text.buttons_task
                0x080021c8      0x110 ./Core/Src/freertos.o
                0x080021c8                buttons_task
 .text.control_display
                0x080022d8      0x1c4 ./Core/Src/freertos.o
                0x080022d8                control_display
 .text.write_stop_buttons
                0x0800249c       0x48 ./Core/Src/freertos.o
                0x0800249c                write_stop_buttons
 .text.stagger_stop_buttons
                0x080024e4       0x58 ./Core/Src/freertos.o
                0x080024e4                stagger_stop_buttons
 .text.initialise_main_display
                0x0800253c       0x6c ./Core/Src/freertos.o
                0x0800253c                initialise_main_display
 .text.MX_GPIO_Init
                0x080025a8      0x2e4 ./Core/Src/gpio.o
                0x080025a8                MX_GPIO_Init
 .text.MX_I2C1_Init
                0x0800288c       0x5c ./Core/Src/i2c.o
                0x0800288c                MX_I2C1_Init
 .text.HAL_I2C_MspInit
                0x080028e8       0x90 ./Core/Src/i2c.o
                0x080028e8                HAL_I2C_MspInit
 .text.main     0x08002978       0x30 ./Core/Src/main.o
                0x08002978                main
 .text.SystemClock_Config
                0x080029a8       0xd4 ./Core/Src/main.o
                0x080029a8                SystemClock_Config
 .text.HAL_TIM_PeriodElapsedCallback
                0x08002a7c       0x24 ./Core/Src/main.o
                0x08002a7c                HAL_TIM_PeriodElapsedCallback
 .text.Error_Handler
                0x08002aa0        0xc ./Core/Src/main.o
                0x08002aa0                Error_Handler
 .text.MX_SPI2_Init
                0x08002aac       0x6c ./Core/Src/spi.o
                0x08002aac                MX_SPI2_Init
 .text.MX_SPI5_Init
                0x08002b18       0x6c ./Core/Src/spi.o
                0x08002b18                MX_SPI5_Init
 .text.HAL_SPI_MspInit
                0x08002b84      0x160 ./Core/Src/spi.o
                0x08002b84                HAL_SPI_MspInit
 .text.HAL_MspInit
                0x08002ce4       0x58 ./Core/Src/stm32f4xx_hal_msp.o
                0x08002ce4                HAL_MspInit
 .text.HAL_InitTick
                0x08002d3c       0xe8 ./Core/Src/stm32f4xx_hal_timebase_tim.o
                0x08002d3c                HAL_InitTick
 .text.NMI_Handler
                0x08002e24        0x8 ./Core/Src/stm32f4xx_it.o
                0x08002e24                NMI_Handler
 .text.HardFault_Handler
                0x08002e2c        0x8 ./Core/Src/stm32f4xx_it.o
                0x08002e2c                HardFault_Handler
 .text.MemManage_Handler
                0x08002e34        0x8 ./Core/Src/stm32f4xx_it.o
                0x08002e34                MemManage_Handler
 .text.BusFault_Handler
                0x08002e3c        0x8 ./Core/Src/stm32f4xx_it.o
                0x08002e3c                BusFault_Handler
 .text.UsageFault_Handler
                0x08002e44        0x8 ./Core/Src/stm32f4xx_it.o
                0x08002e44                UsageFault_Handler
 .text.DebugMon_Handler
                0x08002e4c        0xe ./Core/Src/stm32f4xx_it.o
                0x08002e4c                DebugMon_Handler
 *fill*         0x08002e5a        0x2 
 .text.TIM1_UP_TIM10_IRQHandler
                0x08002e5c       0x14 ./Core/Src/stm32f4xx_it.o
                0x08002e5c                TIM1_UP_TIM10_IRQHandler
 .text.SystemInit
                0x08002e70       0x24 ./Core/Src/system_stm32f4xx.o
                0x08002e70                SystemInit
 .text.MX_USART6_UART_Init
                0x08002e94       0x54 ./Core/Src/usart.o
                0x08002e94                MX_USART6_UART_Init
 .text.HAL_UART_MspInit
                0x08002ee8       0x90 ./Core/Src/usart.o
                0x08002ee8                HAL_UART_MspInit
 .text.Reset_Handler
                0x08002f78       0x50 ./Core/Startup/startup_stm32f411vetx.o
                0x08002f78                Reset_Handler
 .text.Default_Handler
                0x08002fc8        0x2 ./Core/Startup/startup_stm32f411vetx.o
                0x08002fc8                RTC_Alarm_IRQHandler
                0x08002fc8                EXTI2_IRQHandler
                0x08002fc8                SPI4_IRQHandler
                0x08002fc8                TIM1_CC_IRQHandler
                0x08002fc8                DMA2_Stream5_IRQHandler
                0x08002fc8                DMA1_Stream5_IRQHandler
                0x08002fc8                PVD_IRQHandler
                0x08002fc8                SDIO_IRQHandler
                0x08002fc8                TAMP_STAMP_IRQHandler
                0x08002fc8                EXTI3_IRQHandler
                0x08002fc8                I2C3_ER_IRQHandler
                0x08002fc8                EXTI0_IRQHandler
                0x08002fc8                I2C2_EV_IRQHandler
                0x08002fc8                DMA1_Stream2_IRQHandler
                0x08002fc8                FPU_IRQHandler
                0x08002fc8                DMA2_Stream2_IRQHandler
                0x08002fc8                SPI1_IRQHandler
                0x08002fc8                TIM1_BRK_TIM9_IRQHandler
                0x08002fc8                DMA2_Stream3_IRQHandler
                0x08002fc8                USART6_IRQHandler
                0x08002fc8                DMA2_Stream0_IRQHandler
                0x08002fc8                TIM4_IRQHandler
                0x08002fc8                I2C1_EV_IRQHandler
                0x08002fc8                DMA1_Stream6_IRQHandler
                0x08002fc8                DMA1_Stream1_IRQHandler
                0x08002fc8                TIM3_IRQHandler
                0x08002fc8                RCC_IRQHandler
                0x08002fc8                Default_Handler
                0x08002fc8                EXTI15_10_IRQHandler
                0x08002fc8                ADC_IRQHandler
                0x08002fc8                DMA1_Stream7_IRQHandler
                0x08002fc8                SPI5_IRQHandler
                0x08002fc8                TIM5_IRQHandler
                0x08002fc8                DMA2_Stream7_IRQHandler
                0x08002fc8                I2C3_EV_IRQHandler
                0x08002fc8                EXTI9_5_IRQHandler
                0x08002fc8                RTC_WKUP_IRQHandler
                0x08002fc8                SPI2_IRQHandler
                0x08002fc8                DMA1_Stream0_IRQHandler
                0x08002fc8                EXTI4_IRQHandler
                0x08002fc8                WWDG_IRQHandler
                0x08002fc8                TIM2_IRQHandler
                0x08002fc8                OTG_FS_WKUP_IRQHandler
                0x08002fc8                TIM1_TRG_COM_TIM11_IRQHandler
                0x08002fc8                EXTI1_IRQHandler
                0x08002fc8                USART2_IRQHandler
                0x08002fc8                I2C2_ER_IRQHandler
                0x08002fc8                DMA2_Stream1_IRQHandler
                0x08002fc8                FLASH_IRQHandler
                0x08002fc8                DMA2_Stream4_IRQHandler
                0x08002fc8                USART1_IRQHandler
                0x08002fc8                OTG_FS_IRQHandler
                0x08002fc8                SPI3_IRQHandler
                0x08002fc8                DMA1_Stream4_IRQHandler
                0x08002fc8                I2C1_ER_IRQHandler
                0x08002fc8                DMA2_Stream6_IRQHandler
                0x08002fc8                DMA1_Stream3_IRQHandler
 *fill*         0x08002fca        0x2 
 .text.HAL_Init
                0x08002fcc       0x44 ./Drivers/STM32F4xx_HAL_Driver/Src/stm32f4xx_hal.o
                0x08002fcc                HAL_Init
 .text.HAL_IncTick
                0x08003010       0x28 ./Drivers/STM32F4xx_HAL_Driver/Src/stm32f4xx_hal.o
                0x08003010                HAL_IncTick
 .text.HAL_GetTick
                0x08003038       0x18 ./Drivers/STM32F4xx_HAL_Driver/Src/stm32f4xx_hal.o
                0x08003038                HAL_GetTick
 .text.HAL_Delay
                0x08003050       0x48 ./Drivers/STM32F4xx_HAL_Driver/Src/stm32f4xx_hal.o
                0x08003050                HAL_Delay
 .text.__NVIC_SetPriorityGrouping
                0x08003098       0x48 ./Drivers/STM32F4xx_HAL_Driver/Src/stm32f4xx_hal_cortex.o
 .text.__NVIC_GetPriorityGrouping
                0x080030e0       0x1c ./Drivers/STM32F4xx_HAL_Driver/Src/stm32f4xx_hal_cortex.o
 .text.__NVIC_EnableIRQ
                0x080030fc       0x3c ./Drivers/STM32F4xx_HAL_Driver/Src/stm32f4xx_hal_cortex.o
 .text.__NVIC_SetPriority
                0x08003138       0x54 ./Drivers/STM32F4xx_HAL_Driver/Src/stm32f4xx_hal_cortex.o
 .text.NVIC_EncodePriority
                0x0800318c       0x66 ./Drivers/STM32F4xx_HAL_Driver/Src/stm32f4xx_hal_cortex.o
 .text.HAL_NVIC_SetPriorityGrouping
                0x080031f2       0x16 ./Drivers/STM32F4xx_HAL_Driver/Src/stm32f4xx_hal_cortex.o
                0x080031f2                HAL_NVIC_SetPriorityGrouping
 .text.HAL_NVIC_SetPriority
                0x08003208       0x38 ./Drivers/STM32F4xx_HAL_Driver/Src/stm32f4xx_hal_cortex.o
                0x08003208                HAL_NVIC_SetPriority
 .text.HAL_NVIC_EnableIRQ
                0x08003240       0x1c ./Drivers/STM32F4xx_HAL_Driver/Src/stm32f4xx_hal_cortex.o
                0x08003240                HAL_NVIC_EnableIRQ
 .text.HAL_GPIO_Init
                0x0800325c      0x308 ./Drivers/STM32F4xx_HAL_Driver/Src/stm32f4xx_hal_gpio.o
                0x0800325c                HAL_GPIO_Init
 .text.HAL_GPIO_ReadPin
                0x08003564       0x30 ./Drivers/STM32F4xx_HAL_Driver/Src/stm32f4xx_hal_gpio.o
                0x08003564                HAL_GPIO_ReadPin
 .text.HAL_GPIO_WritePin
                0x08003594       0x32 ./Drivers/STM32F4xx_HAL_Driver/Src/stm32f4xx_hal_gpio.o
                0x08003594                HAL_GPIO_WritePin
 .text.HAL_GPIO_TogglePin
                0x080035c6       0x34 ./Drivers/STM32F4xx_HAL_Driver/Src/stm32f4xx_hal_gpio.o
                0x080035c6                HAL_GPIO_TogglePin
 *fill*         0x080035fa        0x2 
 .text.HAL_I2C_Init
                0x080035fc      0x288 ./Drivers/STM32F4xx_HAL_Driver/Src/stm32f4xx_hal_i2c.o
                0x080035fc                HAL_I2C_Init
 .text.HAL_I2C_Master_Transmit
                0x08003884      0x1fc ./Drivers/STM32F4xx_HAL_Driver/Src/stm32f4xx_hal_i2c.o
                0x08003884                HAL_I2C_Master_Transmit
 .text.I2C_MasterRequestWrite
                0x08003a80      0x104 ./Drivers/STM32F4xx_HAL_Driver/Src/stm32f4xx_hal_i2c.o
 .text.I2C_WaitOnFlagUntilTimeout
                0x08003b84       0xf4 ./Drivers/STM32F4xx_HAL_Driver/Src/stm32f4xx_hal_i2c.o
 .text.I2C_WaitOnMasterAddressFlagUntilTimeout
                0x08003c78      0x140 ./Drivers/STM32F4xx_HAL_Driver/Src/stm32f4xx_hal_i2c.o
 .text.I2C_WaitOnTXEFlagUntilTimeout
                0x08003db8       0x90 ./Drivers/STM32F4xx_HAL_Driver/Src/stm32f4xx_hal_i2c.o
 .text.I2C_WaitOnBTFFlagUntilTimeout
                0x08003e48       0x90 ./Drivers/STM32F4xx_HAL_Driver/Src/stm32f4xx_hal_i2c.o
 .text.I2C_IsAcknowledgeFailed
                0x08003ed8       0x5e ./Drivers/STM32F4xx_HAL_Driver/Src/stm32f4xx_hal_i2c.o
 *fill*         0x08003f36        0x2 
 .text.HAL_RCC_OscConfig
                0x08003f38      0x4f0 ./Drivers/STM32F4xx_HAL_Driver/Src/stm32f4xx_hal_rcc.o
                0x08003f38                HAL_RCC_OscConfig
 .text.HAL_RCC_ClockConfig
                0x08004428      0x1cc ./Drivers/STM32F4xx_HAL_Driver/Src/stm32f4xx_hal_rcc.o
                0x08004428                HAL_RCC_ClockConfig
 .text.HAL_RCC_GetSysClockFreq
                0x080045f4      0x20c ./Drivers/STM32F4xx_HAL_Driver/Src/stm32f4xx_hal_rcc.o
                0x080045f4                HAL_RCC_GetSysClockFreq
 .text.HAL_RCC_GetHCLKFreq
                0x08004800       0x18 ./Drivers/STM32F4xx_HAL_Driver/Src/stm32f4xx_hal_rcc.o
                0x08004800                HAL_RCC_GetHCLKFreq
 .text.HAL_RCC_GetPCLK1Freq
                0x08004818       0x28 ./Drivers/STM32F4xx_HAL_Driver/Src/stm32f4xx_hal_rcc.o
                0x08004818                HAL_RCC_GetPCLK1Freq
 .text.HAL_RCC_GetPCLK2Freq
                0x08004840       0x28 ./Drivers/STM32F4xx_HAL_Driver/Src/stm32f4xx_hal_rcc.o
                0x08004840                HAL_RCC_GetPCLK2Freq
 .text.HAL_RCC_GetClockConfig
                0x08004868       0x64 ./Drivers/STM32F4xx_HAL_Driver/Src/stm32f4xx_hal_rcc.o
                0x08004868                HAL_RCC_GetClockConfig
 .text.HAL_SPI_Init
                0x080048cc      0x112 ./Drivers/STM32F4xx_HAL_Driver/Src/stm32f4xx_hal_spi.o
                0x080048cc                HAL_SPI_Init
 .text.HAL_SPI_Transmit
                0x080049de      0x288 ./Drivers/STM32F4xx_HAL_Driver/Src/stm32f4xx_hal_spi.o
                0x080049de                HAL_SPI_Transmit
 .text.HAL_SPI_TransmitReceive
                0x08004c66      0x352 ./Drivers/STM32F4xx_HAL_Driver/Src/stm32f4xx_hal_spi.o
                0x08004c66                HAL_SPI_TransmitReceive
 .text.SPI_WaitFlagStateUntilTimeout
                0x08004fb8      0x110 ./Drivers/STM32F4xx_HAL_Driver/Src/stm32f4xx_hal_spi.o
 .text.SPI_EndRxTxTransaction
                0x080050c8       0xa8 ./Drivers/STM32F4xx_HAL_Driver/Src/stm32f4xx_hal_spi.o
 .text.HAL_TIM_Base_Init
                0x08005170       0x9e ./Drivers/STM32F4xx_HAL_Driver/Src/stm32f4xx_hal_tim.o
                0x08005170                HAL_TIM_Base_Init
 .text.HAL_TIM_Base_MspInit
                0x0800520e       0x14 ./Drivers/STM32F4xx_HAL_Driver/Src/stm32f4xx_hal_tim.o
                0x0800520e                HAL_TIM_Base_MspInit
 *fill*         0x08005222        0x2 
 .text.HAL_TIM_Base_Start_IT
                0x08005224       0xc4 ./Drivers/STM32F4xx_HAL_Driver/Src/stm32f4xx_hal_tim.o
                0x08005224                HAL_TIM_Base_Start_IT
 .text.HAL_TIM_IRQHandler
                0x080052e8      0x1e0 ./Drivers/STM32F4xx_HAL_Driver/Src/stm32f4xx_hal_tim.o
                0x080052e8                HAL_TIM_IRQHandler
 .text.HAL_TIM_OC_DelayElapsedCallback
                0x080054c8       0x14 ./Drivers/STM32F4xx_HAL_Driver/Src/stm32f4xx_hal_tim.o
                0x080054c8                HAL_TIM_OC_DelayElapsedCallback
 .text.HAL_TIM_IC_CaptureCallback
                0x080054dc       0x14 ./Drivers/STM32F4xx_HAL_Driver/Src/stm32f4xx_hal_tim.o
                0x080054dc                HAL_TIM_IC_CaptureCallback
 .text.HAL_TIM_PWM_PulseFinishedCallback
                0x080054f0       0x14 ./Drivers/STM32F4xx_HAL_Driver/Src/stm32f4xx_hal_tim.o
                0x080054f0                HAL_TIM_PWM_PulseFinishedCallback
 .text.HAL_TIM_TriggerCallback
                0x08005504       0x14 ./Drivers/STM32F4xx_HAL_Driver/Src/stm32f4xx_hal_tim.o
                0x08005504                HAL_TIM_TriggerCallback
 .text.TIM_Base_SetConfig
                0x08005518      0x10c ./Drivers/STM32F4xx_HAL_Driver/Src/stm32f4xx_hal_tim.o
                0x08005518                TIM_Base_SetConfig
 .text.HAL_TIMEx_CommutCallback
                0x08005624       0x14 ./Drivers/STM32F4xx_HAL_Driver/Src/stm32f4xx_hal_tim_ex.o
                0x08005624                HAL_TIMEx_CommutCallback
 .text.HAL_TIMEx_BreakCallback
                0x08005638       0x14 ./Drivers/STM32F4xx_HAL_Driver/Src/stm32f4xx_hal_tim_ex.o
                0x08005638                HAL_TIMEx_BreakCallback
 .text.HAL_UART_Init
                0x0800564c       0xa0 ./Drivers/STM32F4xx_HAL_Driver/Src/stm32f4xx_hal_uart.o
                0x0800564c                HAL_UART_Init
 .text.HAL_UART_Transmit
                0x080056ec      0x116 ./Drivers/STM32F4xx_HAL_Driver/Src/stm32f4xx_hal_uart.o
                0x080056ec                HAL_UART_Transmit
 .text.UART_WaitOnFlagUntilTimeout
                0x08005802       0xb2 ./Drivers/STM32F4xx_HAL_Driver/Src/stm32f4xx_hal_uart.o
 .text.UART_EndRxTransfer
                0x080058b4       0xc6 ./Drivers/STM32F4xx_HAL_Driver/Src/stm32f4xx_hal_uart.o
 *fill*         0x0800597a        0x2 
 .text.UART_SetConfig
                0x0800597c      0x4e8 ./Drivers/STM32F4xx_HAL_Driver/Src/stm32f4xx_hal_uart.o
 .text.__NVIC_SetPriority
                0x08005e64       0x54 ./Middlewares/Third_Party/FreeRTOS/Source/CMSIS_RTOS_V2/cmsis_os2.o
 .text.SysTick_Handler
                0x08005eb8       0x20 ./Middlewares/Third_Party/FreeRTOS/Source/CMSIS_RTOS_V2/cmsis_os2.o
                0x08005eb8                SysTick_Handler
 .text.SVC_Setup
                0x08005ed8       0x12 ./Middlewares/Third_Party/FreeRTOS/Source/CMSIS_RTOS_V2/cmsis_os2.o
 *fill*         0x08005eea        0x2 
 .text.osKernelInitialize
                0x08005eec       0x48 ./Middlewares/Third_Party/FreeRTOS/Source/CMSIS_RTOS_V2/cmsis_os2.o
                0x08005eec                osKernelInitialize
 .text.osKernelStart
                0x08005f34       0x4c ./Middlewares/Third_Party/FreeRTOS/Source/CMSIS_RTOS_V2/cmsis_os2.o
                0x08005f34                osKernelStart
 .text.osThreadNew
                0x08005f80      0x124 ./Middlewares/Third_Party/FreeRTOS/Source/CMSIS_RTOS_V2/cmsis_os2.o
                0x08005f80                osThreadNew
 .text.osThreadSetPriority
                0x080060a4       0x54 ./Middlewares/Third_Party/FreeRTOS/Source/CMSIS_RTOS_V2/cmsis_os2.o
                0x080060a4                osThreadSetPriority
 .text.osDelay  0x080060f8       0x36 ./Middlewares/Third_Party/FreeRTOS/Source/CMSIS_RTOS_V2/cmsis_os2.o
                0x080060f8                osDelay
 *fill*         0x0800612e        0x2 
 .text.vApplicationGetIdleTaskMemory
                0x08006130       0x34 ./Middlewares/Third_Party/FreeRTOS/Source/CMSIS_RTOS_V2/cmsis_os2.o
                0x08006130                vApplicationGetIdleTaskMemory
 .text.vApplicationGetTimerTaskMemory
                0x08006164       0x34 ./Middlewares/Third_Party/FreeRTOS/Source/CMSIS_RTOS_V2/cmsis_os2.o
                0x08006164                vApplicationGetTimerTaskMemory
 .text.vListInitialise
                0x08006198       0x40 ./Middlewares/Third_Party/FreeRTOS/Source/list.o
                0x08006198                vListInitialise
 .text.vListInitialiseItem
                0x080061d8       0x1a ./Middlewares/Third_Party/FreeRTOS/Source/list.o
                0x080061d8                vListInitialiseItem
 .text.vListInsertEnd
                0x080061f2       0x48 ./Middlewares/Third_Party/FreeRTOS/Source/list.o
                0x080061f2                vListInsertEnd
 .text.vListInsert
                0x0800623a       0x72 ./Middlewares/Third_Party/FreeRTOS/Source/list.o
                0x0800623a                vListInsert
 .text.uxListRemove
                0x080062ac       0x54 ./Middlewares/Third_Party/FreeRTOS/Source/list.o
                0x080062ac                uxListRemove
 .text.xQueueGenericReset
                0x08006300       0xd4 ./Middlewares/Third_Party/FreeRTOS/Source/queue.o
                0x08006300                xQueueGenericReset
 .text.xQueueGenericCreateStatic
                0x080063d4       0xfa ./Middlewares/Third_Party/FreeRTOS/Source/queue.o
                0x080063d4                xQueueGenericCreateStatic
 .text.prvInitialiseNewQueue
                0x080064ce       0x46 ./Middlewares/Third_Party/FreeRTOS/Source/queue.o
 .text.xQueueGenericSend
                0x08006514      0x204 ./Middlewares/Third_Party/FreeRTOS/Source/queue.o
                0x08006514                xQueueGenericSend
 .text.xQueueGenericSendFromISR
                0x08006718      0x13c ./Middlewares/Third_Party/FreeRTOS/Source/queue.o
                0x08006718                xQueueGenericSendFromISR
 .text.xQueueReceive
                0x08006854      0x1c4 ./Middlewares/Third_Party/FreeRTOS/Source/queue.o
                0x08006854                xQueueReceive
 .text.prvCopyDataToQueue
                0x08006a18       0xd4 ./Middlewares/Third_Party/FreeRTOS/Source/queue.o
 .text.prvCopyDataFromQueue
                0x08006aec       0x4c ./Middlewares/Third_Party/FreeRTOS/Source/queue.o
 .text.prvUnlockQueue
                0x08006b38       0xa4 ./Middlewares/Third_Party/FreeRTOS/Source/queue.o
 .text.prvIsQueueEmpty
                0x08006bdc       0x2c ./Middlewares/Third_Party/FreeRTOS/Source/queue.o
 .text.prvIsQueueFull
                0x08006c08       0x30 ./Middlewares/Third_Party/FreeRTOS/Source/queue.o
 .text.vQueueAddToRegistry
                0x08006c38       0x54 ./Middlewares/Third_Party/FreeRTOS/Source/queue.o
                0x08006c38                vQueueAddToRegistry
 .text.vQueueWaitForMessageRestricted
                0x08006c8c       0x68 ./Middlewares/Third_Party/FreeRTOS/Source/queue.o
                0x08006c8c                vQueueWaitForMessageRestricted
 .text.xTaskCreateStatic
                0x08006cf4       0xc0 ./Middlewares/Third_Party/FreeRTOS/Source/tasks.o
                0x08006cf4                xTaskCreateStatic
 .text.xTaskCreate
                0x08006db4       0x8a ./Middlewares/Third_Party/FreeRTOS/Source/tasks.o
                0x08006db4                xTaskCreate
 *fill*         0x08006e3e        0x2 
 .text.prvInitialiseNewTask
                0x08006e40      0x150 ./Middlewares/Third_Party/FreeRTOS/Source/tasks.o
 .text.prvAddNewTaskToReadyList
                0x08006f90       0xe0 ./Middlewares/Third_Party/FreeRTOS/Source/tasks.o
 .text.vTaskDelay
                0x08007070       0x6c ./Middlewares/Third_Party/FreeRTOS/Source/tasks.o
                0x08007070                vTaskDelay
 .text.vTaskPrioritySet
                0x080070dc      0x13c ./Middlewares/Third_Party/FreeRTOS/Source/tasks.o
                0x080070dc                vTaskPrioritySet
 .text.vTaskStartScheduler
                0x08007218       0xe0 ./Middlewares/Third_Party/FreeRTOS/Source/tasks.o
                0x08007218                vTaskStartScheduler
 .text.vTaskSuspendAll
                0x080072f8       0x1c ./Middlewares/Third_Party/FreeRTOS/Source/tasks.o
                0x080072f8                vTaskSuspendAll
 .text.xTaskResumeAll
                0x08007314      0x13c ./Middlewares/Third_Party/FreeRTOS/Source/tasks.o
                0x08007314                xTaskResumeAll
 .text.xTaskGetTickCount
                0x08007450       0x20 ./Middlewares/Third_Party/FreeRTOS/Source/tasks.o
                0x08007450                xTaskGetTickCount
 .text.xTaskIncrementTick
                0x08007470      0x174 ./Middlewares/Third_Party/FreeRTOS/Source/tasks.o
                0x08007470                xTaskIncrementTick
 .text.vTaskSwitchContext
                0x080075e4       0xcc ./Middlewares/Third_Party/FreeRTOS/Source/tasks.o
                0x080075e4                vTaskSwitchContext
 .text.vTaskPlaceOnEventList
                0x080076b0       0x4c ./Middlewares/Third_Party/FreeRTOS/Source/tasks.o
                0x080076b0                vTaskPlaceOnEventList
 .text.vTaskPlaceOnEventListRestricted
                0x080076fc       0x58 ./Middlewares/Third_Party/FreeRTOS/Source/tasks.o
                0x080076fc                vTaskPlaceOnEventListRestricted
 .text.xTaskRemoveFromEventList
                0x08007754       0xc8 ./Middlewares/Third_Party/FreeRTOS/Source/tasks.o
                0x08007754                xTaskRemoveFromEventList
 .text.vTaskInternalSetTimeOutState
                0x0800781c       0x2c ./Middlewares/Third_Party/FreeRTOS/Source/tasks.o
                0x0800781c                vTaskInternalSetTimeOutState
 .text.xTaskCheckForTimeOut
                0x08007848       0xc8 ./Middlewares/Third_Party/FreeRTOS/Source/tasks.o
                0x08007848                xTaskCheckForTimeOut
 .text.vTaskMissedYield
                0x08007910       0x18 ./Middlewares/Third_Party/FreeRTOS/Source/tasks.o
                0x08007910                vTaskMissedYield
 .text.prvIdleTask
                0x08007928       0x30 ./Middlewares/Third_Party/FreeRTOS/Source/tasks.o
 .text.prvInitialiseTaskLists
                0x08007958       0x80 ./Middlewares/Third_Party/FreeRTOS/Source/tasks.o
 .text.prvCheckTasksWaitingTermination
                0x080079d8       0x5c ./Middlewares/Third_Party/FreeRTOS/Source/tasks.o
 .text.prvDeleteTCB
                0x08007a34       0x6a ./Middlewares/Third_Party/FreeRTOS/Source/tasks.o
 *fill*         0x08007a9e        0x2 
 .text.prvResetNextTaskUnblockTime
                0x08007aa0       0x40 ./Middlewares/Third_Party/FreeRTOS/Source/tasks.o
 .text.xTaskGetSchedulerState
                0x08007ae0       0x3c ./Middlewares/Third_Party/FreeRTOS/Source/tasks.o
                0x08007ae0                xTaskGetSchedulerState
 .text.xTaskPriorityDisinherit
                0x08007b1c       0xe0 ./Middlewares/Third_Party/FreeRTOS/Source/tasks.o
                0x08007b1c                xTaskPriorityDisinherit
 .text.prvAddCurrentTaskToDelayedList
                0x08007bfc       0xa8 ./Middlewares/Third_Party/FreeRTOS/Source/tasks.o
 .text.xTimerCreateTimerTask
                0x08007ca4       0x94 ./Middlewares/Third_Party/FreeRTOS/Source/timers.o
                0x08007ca4                xTimerCreateTimerTask
 .text.xTimerGenericCommand
                0x08007d38       0x9c ./Middlewares/Third_Party/FreeRTOS/Source/timers.o
                0x08007d38                xTimerGenericCommand
 .text.prvProcessExpiredTimer
                0x08007dd4       0x9c ./Middlewares/Third_Party/FreeRTOS/Source/timers.o
 .text.prvTimerTask
                0x08007e70       0x26 ./Middlewares/Third_Party/FreeRTOS/Source/timers.o
 *fill*         0x08007e96        0x2 
 .text.prvProcessTimerOrBlockTask
                0x08007e98       0x9c ./Middlewares/Third_Party/FreeRTOS/Source/timers.o
 .text.prvGetNextExpireTime
                0x08007f34       0x48 ./Middlewares/Third_Party/FreeRTOS/Source/timers.o
 .text.prvSampleTimeNow
                0x08007f7c       0x40 ./Middlewares/Third_Party/FreeRTOS/Source/timers.o
 .text.prvInsertTimerInActiveList
                0x08007fbc       0x84 ./Middlewares/Third_Party/FreeRTOS/Source/timers.o
 .text.prvProcessReceivedCommands
                0x08008040      0x1cc ./Middlewares/Third_Party/FreeRTOS/Source/timers.o
 .text.prvSwitchTimerLists
                0x0800820c       0xcc ./Middlewares/Third_Party/FreeRTOS/Source/timers.o
 .text.prvCheckForValidListAndQueue
                0x080082d8       0x80 ./Middlewares/Third_Party/FreeRTOS/Source/timers.o
 .text.pxPortInitialiseStack
                0x08008358       0x68 ./Middlewares/Third_Party/FreeRTOS/Source/portable/GCC/ARM_CM4F/port.o
                0x08008358                pxPortInitialiseStack
 .text.prvTaskExitError
                0x080083c0       0x5c ./Middlewares/Third_Party/FreeRTOS/Source/portable/GCC/ARM_CM4F/port.o
 *fill*         0x0800841c        0x4 
 .text.SVC_Handler
                0x08008420       0x28 ./Middlewares/Third_Party/FreeRTOS/Source/portable/GCC/ARM_CM4F/port.o
                0x08008420                SVC_Handler
 .text.prvPortStartFirstTask
                0x08008448       0x28 ./Middlewares/Third_Party/FreeRTOS/Source/portable/GCC/ARM_CM4F/port.o
 .text.xPortStartScheduler
                0x08008470      0x148 ./Middlewares/Third_Party/FreeRTOS/Source/portable/GCC/ARM_CM4F/port.o
                0x08008470                xPortStartScheduler
 .text.vPortEnterCritical
                0x080085b8       0x64 ./Middlewares/Third_Party/FreeRTOS/Source/portable/GCC/ARM_CM4F/port.o
                0x080085b8                vPortEnterCritical
 .text.vPortExitCritical
                0x0800861c       0x54 ./Middlewares/Third_Party/FreeRTOS/Source/portable/GCC/ARM_CM4F/port.o
                0x0800861c                vPortExitCritical
 .text.PendSV_Handler
                0x08008670       0x68 ./Middlewares/Third_Party/FreeRTOS/Source/portable/GCC/ARM_CM4F/port.o
                0x08008670                PendSV_Handler
 .text.xPortSysTickHandler
                0x080086d8       0x44 ./Middlewares/Third_Party/FreeRTOS/Source/portable/GCC/ARM_CM4F/port.o
                0x080086d8                xPortSysTickHandler
 .text.vPortSetupTimerInterrupt
                0x0800871c       0x48 ./Middlewares/Third_Party/FreeRTOS/Source/portable/GCC/ARM_CM4F/port.o
                0x0800871c                vPortSetupTimerInterrupt
 .text.vPortEnableVFP
                0x08008764       0x14 ./Middlewares/Third_Party/FreeRTOS/Source/portable/GCC/ARM_CM4F/port.o
 .text.vPortValidateInterruptPriority
                0x08008778       0x84 ./Middlewares/Third_Party/FreeRTOS/Source/portable/GCC/ARM_CM4F/port.o
                0x08008778                vPortValidateInterruptPriority
 .text.pvPortMalloc
                0x080087fc      0x19c ./Middlewares/Third_Party/FreeRTOS/Source/portable/MemMang/heap_4.o
                0x080087fc                pvPortMalloc
 .text.vPortFree
                0x08008998       0xc8 ./Middlewares/Third_Party/FreeRTOS/Source/portable/MemMang/heap_4.o
                0x08008998                vPortFree
 .text.prvHeapInit
                0x08008a60       0xc4 ./Middlewares/Third_Party/FreeRTOS/Source/portable/MemMang/heap_4.o
 .text.prvInsertBlockIntoFreeList
                0x08008b24       0xb4 ./Middlewares/Third_Party/FreeRTOS/Source/portable/MemMang/heap_4.o
 .text.memset   0x08008bd8       0x10 C:/ST/STM32CubeIDE_1.16.0/STM32CubeIDE/plugins/com.st.stm32cube.ide.mcu.externaltools.gnu-tools-for-stm32.13.3.rel1.win32_1.0.0.202411081344/tools/bin/../lib/gcc/arm-none-eabi/13.3.1/../../../../arm-none-eabi/lib/thumb/v7e-m+fp/hard\libc_nano.a(libc_a-memset.o)
                0x08008bd8                memset
 .text._reclaim_reent
                0x08008be8       0xbc C:/ST/STM32CubeIDE_1.16.0/STM32CubeIDE/plugins/com.st.stm32cube.ide.mcu.externaltools.gnu-tools-for-stm32.13.3.rel1.win32_1.0.0.202411081344/tools/bin/../lib/gcc/arm-none-eabi/13.3.1/../../../../arm-none-eabi/lib/thumb/v7e-m+fp/hard\libc_nano.a(libc_a-reent.o)
                0x08008be8                _reclaim_reent
 .text.__libc_init_array
                0x08008ca4       0x48 C:/ST/STM32CubeIDE_1.16.0/STM32CubeIDE/plugins/com.st.stm32cube.ide.mcu.externaltools.gnu-tools-for-stm32.13.3.rel1.win32_1.0.0.202411081344/tools/bin/../lib/gcc/arm-none-eabi/13.3.1/../../../../arm-none-eabi/lib/thumb/v7e-m+fp/hard\libc_nano.a(libc_a-init.o)
                0x08008ca4                __libc_init_array
 .text.__retarget_lock_acquire_recursive
                0x08008cec        0x2 C:/ST/STM32CubeIDE_1.16.0/STM32CubeIDE/plugins/com.st.stm32cube.ide.mcu.externaltools.gnu-tools-for-stm32.13.3.rel1.win32_1.0.0.202411081344/tools/bin/../lib/gcc/arm-none-eabi/13.3.1/../../../../arm-none-eabi/lib/thumb/v7e-m+fp/hard\libc_nano.a(libc_a-lock.o)
                0x08008cec                __retarget_lock_acquire_recursive
 .text.__retarget_lock_release_recursive
                0x08008cee        0x2 C:/ST/STM32CubeIDE_1.16.0/STM32CubeIDE/plugins/com.st.stm32cube.ide.mcu.externaltools.gnu-tools-for-stm32.13.3.rel1.win32_1.0.0.202411081344/tools/bin/../lib/gcc/arm-none-eabi/13.3.1/../../../../arm-none-eabi/lib/thumb/v7e-m+fp/hard\libc_nano.a(libc_a-lock.o)
                0x08008cee                __retarget_lock_release_recursive
 .text.memcpy   0x08008cf0       0x1c C:/ST/STM32CubeIDE_1.16.0/STM32CubeIDE/plugins/com.st.stm32cube.ide.mcu.externaltools.gnu-tools-for-stm32.13.3.rel1.win32_1.0.0.202411081344/tools/bin/../lib/gcc/arm-none-eabi/13.3.1/../../../../arm-none-eabi/lib/thumb/v7e-m+fp/hard\libc_nano.a(libc_a-memcpy-stub.o)
                0x08008cf0                memcpy
 .text._free_r  0x08008d0c       0x94 C:/ST/STM32CubeIDE_1.16.0/STM32CubeIDE/plugins/com.st.stm32cube.ide.mcu.externaltools.gnu-tools-for-stm32.13.3.rel1.win32_1.0.0.202411081344/tools/bin/../lib/gcc/arm-none-eabi/13.3.1/../../../../arm-none-eabi/lib/thumb/v7e-m+fp/hard\libc_nano.a(libc_a-freer.o)
                0x08008d0c                _free_r
 .text.__malloc_lock
                0x08008da0        0xc C:/ST/STM32CubeIDE_1.16.0/STM32CubeIDE/plugins/com.st.stm32cube.ide.mcu.externaltools.gnu-tools-for-stm32.13.3.rel1.win32_1.0.0.202411081344/tools/bin/../lib/gcc/arm-none-eabi/13.3.1/../../../../arm-none-eabi/lib/thumb/v7e-m+fp/hard\libc_nano.a(libc_a-mlock.o)
                0x08008da0                __malloc_lock
 .text.__malloc_unlock
                0x08008dac        0xc C:/ST/STM32CubeIDE_1.16.0/STM32CubeIDE/plugins/com.st.stm32cube.ide.mcu.externaltools.gnu-tools-for-stm32.13.3.rel1.win32_1.0.0.202411081344/tools/bin/../lib/gcc/arm-none-eabi/13.3.1/../../../../arm-none-eabi/lib/thumb/v7e-m+fp/hard\libc_nano.a(libc_a-mlock.o)
                0x08008dac                __malloc_unlock
 *(.glue_7)
 .glue_7        0x08008db8        0x0 linker stubs
 *(.glue_7t)
 .glue_7t       0x08008db8        0x0 linker stubs
 *(.eh_frame)
 .eh_frame      0x08008db8        0x0 C:/ST/STM32CubeIDE_1.16.0/STM32CubeIDE/plugins/com.st.stm32cube.ide.mcu.externaltools.gnu-tools-for-stm32.13.3.rel1.win32_1.0.0.202411081344/tools/bin/../lib/gcc/arm-none-eabi/13.3.1/thumb/v7e-m+fp/hard/crtbegin.o
 *(.init)
 .init          0x08008db8        0x4 C:/ST/STM32CubeIDE_1.16.0/STM32CubeIDE/plugins/com.st.stm32cube.ide.mcu.externaltools.gnu-tools-for-stm32.13.3.rel1.win32_1.0.0.202411081344/tools/bin/../lib/gcc/arm-none-eabi/13.3.1/thumb/v7e-m+fp/hard/crti.o
                0x08008db8                _init
 .init          0x08008dbc        0x8 C:/ST/STM32CubeIDE_1.16.0/STM32CubeIDE/plugins/com.st.stm32cube.ide.mcu.externaltools.gnu-tools-for-stm32.13.3.rel1.win32_1.0.0.202411081344/tools/bin/../lib/gcc/arm-none-eabi/13.3.1/thumb/v7e-m+fp/hard/crtn.o
 *(.fini)
 .fini          0x08008dc4        0x4 C:/ST/STM32CubeIDE_1.16.0/STM32CubeIDE/plugins/com.st.stm32cube.ide.mcu.externaltools.gnu-tools-for-stm32.13.3.rel1.win32_1.0.0.202411081344/tools/bin/../lib/gcc/arm-none-eabi/13.3.1/thumb/v7e-m+fp/hard/crti.o
                0x08008dc4                _fini
 .fini          0x08008dc8        0x8 C:/ST/STM32CubeIDE_1.16.0/STM32CubeIDE/plugins/com.st.stm32cube.ide.mcu.externaltools.gnu-tools-for-stm32.13.3.rel1.win32_1.0.0.202411081344/tools/bin/../lib/gcc/arm-none-eabi/13.3.1/thumb/v7e-m+fp/hard/crtn.o
                0x08008dd0                        . = ALIGN (0x4)
                0x08008dd0                        _etext = .

.vfp11_veneer   0x08008dd0        0x0
 .vfp11_veneer  0x08008dd0        0x0 linker stubs

.v4_bx          0x08008dd0        0x0
 .v4_bx         0x08008dd0        0x0 linker stubs

.iplt           0x08008dd0        0x0
 .iplt          0x08008dd0        0x0 C:/ST/STM32CubeIDE_1.16.0/STM32CubeIDE/plugins/com.st.stm32cube.ide.mcu.externaltools.gnu-tools-for-stm32.13.3.rel1.win32_1.0.0.202411081344/tools/bin/../lib/gcc/arm-none-eabi/13.3.1/thumb/v7e-m+fp/hard/crtbegin.o

.rodata         0x08008dd0      0x19c
                0x08008dd0                        . = ALIGN (0x4)
 *(.rodata)
 .rodata        0x08008dd0        0xe ./Core/Src/RA8876_driver.o
 *fill*         0x08008dde        0x2 
 .rodata        0x08008de0       0xc6 ./Core/Src/freertos.o
 *fill*         0x08008ea6        0x2 
 .rodata        0x08008ea8        0x5 ./Middlewares/Third_Party/FreeRTOS/Source/tasks.o
 *fill*         0x08008ead        0x3 
 .rodata        0x08008eb0        0xd ./Middlewares/Third_Party/FreeRTOS/Source/timers.o
 *(.rodata*)
 *fill*         0x08008ebd        0x3 
 .rodata.map.1  0x08008ec0        0x4 ./Core/Src/RA8876_driver.o
 .rodata.defaultTask_attributes
                0x08008ec4       0x24 ./Core/Src/freertos.o
                0x08008ec4                defaultTask_attributes
 .rodata.main_display_attributes
                0x08008ee8       0x24 ./Core/Src/freertos.o
                0x08008ee8                main_display_attributes
 .rodata.buttons_attributes
                0x08008f0c       0x24 ./Core/Src/freertos.o
                0x08008f0c                buttons_attributes
 .rodata.controlDisplay_attributes
                0x08008f30       0x24 ./Core/Src/freertos.o
                0x08008f30                controlDisplay_attributes
 .rodata.AHBPrescTable
                0x08008f54       0x10 ./Core/Src/system_stm32f4xx.o
                0x08008f54                AHBPrescTable
 .rodata.APBPrescTable
                0x08008f64        0x8 ./Core/Src/system_stm32f4xx.o
                0x08008f64                APBPrescTable
                0x08008f6c                        . = ALIGN (0x4)

.ARM.extab      0x08008f6c        0x0
                0x08008f6c                        . = ALIGN (0x4)
 *(.ARM.extab* .gnu.linkonce.armextab.*)
                0x08008f6c                        . = ALIGN (0x4)

.ARM            0x08008f6c        0x8
                0x08008f6c                        . = ALIGN (0x4)
                0x08008f6c                        __exidx_start = .
 *(.ARM.exidx*)
 .ARM.exidx     0x08008f6c        0x8 C:/ST/STM32CubeIDE_1.16.0/STM32CubeIDE/plugins/com.st.stm32cube.ide.mcu.externaltools.gnu-tools-for-stm32.13.3.rel1.win32_1.0.0.202411081344/tools/bin/../lib/gcc/arm-none-eabi/13.3.1/../../../../arm-none-eabi/lib/thumb/v7e-m+fp/hard\libc_nano.a(libc_a-strcmp.o)
 .ARM.exidx     0x08008f74        0x0 C:/ST/STM32CubeIDE_1.16.0/STM32CubeIDE/plugins/com.st.stm32cube.ide.mcu.externaltools.gnu-tools-for-stm32.13.3.rel1.win32_1.0.0.202411081344/tools/bin/../lib/gcc/arm-none-eabi/13.3.1/thumb/v7e-m+fp/hard\libgcc.a(_udivmoddi4.o)
                                  0x8 (size before relaxing)
                0x08008f74                        __exidx_end = .
                0x08008f74                        . = ALIGN (0x4)

.preinit_array  0x08008f74        0x0
                0x08008f74                        . = ALIGN (0x4)
                0x08008f74                        PROVIDE (__preinit_array_start = .)
 *(.preinit_array*)
                0x08008f74                        PROVIDE (__preinit_array_end = .)
                0x08008f74                        . = ALIGN (0x4)

.init_array     0x08008f74        0x4
                0x08008f74                        . = ALIGN (0x4)
                0x08008f74                        PROVIDE (__init_array_start = .)
 *(SORT_BY_NAME(.init_array.*))
 *(.init_array*)
 .init_array    0x08008f74        0x4 C:/ST/STM32CubeIDE_1.16.0/STM32CubeIDE/plugins/com.st.stm32cube.ide.mcu.externaltools.gnu-tools-for-stm32.13.3.rel1.win32_1.0.0.202411081344/tools/bin/../lib/gcc/arm-none-eabi/13.3.1/thumb/v7e-m+fp/hard/crtbegin.o
                0x08008f78                        PROVIDE (__init_array_end = .)
                0x08008f78                        . = ALIGN (0x4)

.fini_array     0x08008f78        0x4
                0x08008f78                        . = ALIGN (0x4)
                [!provide]                        PROVIDE (__fini_array_start = .)
 *(SORT_BY_NAME(.fini_array.*))
 *(.fini_array*)
 .fini_array    0x08008f78        0x4 C:/ST/STM32CubeIDE_1.16.0/STM32CubeIDE/plugins/com.st.stm32cube.ide.mcu.externaltools.gnu-tools-for-stm32.13.3.rel1.win32_1.0.0.202411081344/tools/bin/../lib/gcc/arm-none-eabi/13.3.1/thumb/v7e-m+fp/hard/crtbegin.o
                [!provide]                        PROVIDE (__fini_array_end = .)
                0x08008f7c                        . = ALIGN (0x4)
                0x08008f7c                        _sidata = LOADADDR (.data)

.rel.dyn        0x08008f7c        0x0
 .rel.iplt      0x08008f7c        0x0 C:/ST/STM32CubeIDE_1.16.0/STM32CubeIDE/plugins/com.st.stm32cube.ide.mcu.externaltools.gnu-tools-for-stm32.13.3.rel1.win32_1.0.0.202411081344/tools/bin/../lib/gcc/arm-none-eabi/13.3.1/thumb/v7e-m+fp/hard/crtbegin.o

.data           0x20000000       0x6c load address 0x08008f7c
                0x20000000                        . = ALIGN (0x4)
                0x20000000                        _sdata = .
 *(.data)
 *(.data*)
 .data.MP3_stack
                0x20000000        0xa ./Core/Src/MP3_player.o
                0x20000000                MP3_stack
 .data.GameState
                0x2000000a        0x1 ./Core/Src/freertos.o
                0x2000000a                GameState
 *fill*         0x2000000b        0x1 
 .data.SystemCoreClock
                0x2000000c        0x4 ./Core/Src/system_stm32f4xx.o
                0x2000000c                SystemCoreClock
 .data.uwTickPrio
                0x20000010        0x4 ./Drivers/STM32F4xx_HAL_Driver/Src/stm32f4xx_hal.o
                0x20000010                uwTickPrio
 .data.uwTickFreq
                0x20000014        0x1 ./Drivers/STM32F4xx_HAL_Driver/Src/stm32f4xx_hal.o
                0x20000014                uwTickFreq
 *fill*         0x20000015        0x3 
 .data.uxCriticalNesting
                0x20000018        0x4 ./Middlewares/Third_Party/FreeRTOS/Source/portable/GCC/ARM_CM4F/port.o
 .data._impure_ptr
                0x2000001c        0x4 C:/ST/STM32CubeIDE_1.16.0/STM32CubeIDE/plugins/com.st.stm32cube.ide.mcu.externaltools.gnu-tools-for-stm32.13.3.rel1.win32_1.0.0.202411081344/tools/bin/../lib/gcc/arm-none-eabi/13.3.1/../../../../arm-none-eabi/lib/thumb/v7e-m+fp/hard\libc_nano.a(libc_a-impure.o)
                0x2000001c                _impure_ptr
 .data._impure_data
                0x20000020       0x4c C:/ST/STM32CubeIDE_1.16.0/STM32CubeIDE/plugins/com.st.stm32cube.ide.mcu.externaltools.gnu-tools-for-stm32.13.3.rel1.win32_1.0.0.202411081344/tools/bin/../lib/gcc/arm-none-eabi/13.3.1/../../../../arm-none-eabi/lib/thumb/v7e-m+fp/hard\libc_nano.a(libc_a-impure.o)
                0x20000020                _impure_data
 *(.RamFunc)
 *(.RamFunc*)
                0x2000006c                        . = ALIGN (0x4)
                0x2000006c                        _edata = .

.igot.plt       0x2000006c        0x0 load address 0x08008fe8
 .igot.plt      0x2000006c        0x0 C:/ST/STM32CubeIDE_1.16.0/STM32CubeIDE/plugins/com.st.stm32cube.ide.mcu.externaltools.gnu-tools-for-stm32.13.3.rel1.win32_1.0.0.202411081344/tools/bin/../lib/gcc/arm-none-eabi/13.3.1/thumb/v7e-m+fp/hard/crtbegin.o
                0x2000006c                        . = ALIGN (0x4)

.bss            0x2000006c     0xccf4 load address 0x08008fe8
                0x2000006c                        _sbss = .
                0x2000006c                        __bss_start__ = _sbss
 *(.bss)
 .bss           0x2000006c       0x1c C:/ST/STM32CubeIDE_1.16.0/STM32CubeIDE/plugins/com.st.stm32cube.ide.mcu.externaltools.gnu-tools-for-stm32.13.3.rel1.win32_1.0.0.202411081344/tools/bin/../lib/gcc/arm-none-eabi/13.3.1/thumb/v7e-m+fp/hard/crtbegin.o
 *(.bss*)
 .bss.portLcd   0x20000088        0x1 ./Core/Src/LCD1602.o
                0x20000088                portLcd
 .bss._text_mode
                0x20000089        0x1 ./Core/Src/RA8876_driver.o
                0x20000089                _text_mode
 .bss._symbol   0x2000008a        0x1 ./Core/Src/RA8876_driver.o
                0x2000008a                _symbol
 *fill*         0x2000008b        0x1 
 .bss._color    0x2000008c        0x2 ./Core/Src/RA8876_driver.o
                0x2000008c                _color
 *fill*         0x2000008e        0x2 
 .bss.animBuffer.0
                0x20000090     0x8000 ./Core/Src/RA8876_driver.o
 .bss.defaultTaskHandle
                0x20008090        0x4 ./Core/Src/freertos.o
                0x20008090                defaultTaskHandle
 .bss.main_displayHandle
                0x20008094        0x4 ./Core/Src/freertos.o
                0x20008094                main_displayHandle
 .bss.buttonsHandle
                0x20008098        0x4 ./Core/Src/freertos.o
                0x20008098                buttonsHandle
 .bss.controlDisplayHandle
                0x2000809c        0x4 ./Core/Src/freertos.o
                0x2000809c                controlDisplayHandle
 .bss.hi2c1     0x200080a0       0x54 ./Core/Src/i2c.o
                0x200080a0                hi2c1
 .bss.hspi2     0x200080f4       0x58 ./Core/Src/spi.o
                0x200080f4                hspi2
 .bss.hspi5     0x2000814c       0x58 ./Core/Src/spi.o
                0x2000814c                hspi5
 .bss.htim1     0x200081a4       0x48 ./Core/Src/stm32f4xx_hal_timebase_tim.o
                0x200081a4                htim1
 .bss.huart6    0x200081ec       0x48 ./Core/Src/usart.o
                0x200081ec                huart6
 .bss.uwTick    0x20008234        0x4 ./Drivers/STM32F4xx_HAL_Driver/Src/stm32f4xx_hal.o
                0x20008234                uwTick
 .bss.KernelState
                0x20008238        0x4 ./Middlewares/Third_Party/FreeRTOS/Source/CMSIS_RTOS_V2/cmsis_os2.o
 .bss.Idle_TCB.3
                0x2000823c       0xa8 ./Middlewares/Third_Party/FreeRTOS/Source/CMSIS_RTOS_V2/cmsis_os2.o
 .bss.Idle_Stack.2
                0x200082e4      0x200 ./Middlewares/Third_Party/FreeRTOS/Source/CMSIS_RTOS_V2/cmsis_os2.o
 .bss.Timer_TCB.1
                0x200084e4       0xa8 ./Middlewares/Third_Party/FreeRTOS/Source/CMSIS_RTOS_V2/cmsis_os2.o
 .bss.Timer_Stack.0
                0x2000858c      0x400 ./Middlewares/Third_Party/FreeRTOS/Source/CMSIS_RTOS_V2/cmsis_os2.o
 .bss.xQueueRegistry
                0x2000898c       0x40 ./Middlewares/Third_Party/FreeRTOS/Source/queue.o
                0x2000898c                xQueueRegistry
 .bss.pxCurrentTCB
                0x200089cc        0x4 ./Middlewares/Third_Party/FreeRTOS/Source/tasks.o
                0x200089cc                pxCurrentTCB
 .bss.pxReadyTasksLists
                0x200089d0      0x460 ./Middlewares/Third_Party/FreeRTOS/Source/tasks.o
 .bss.xDelayedTaskList1
                0x20008e30       0x14 ./Middlewares/Third_Party/FreeRTOS/Source/tasks.o
 .bss.xDelayedTaskList2
                0x20008e44       0x14 ./Middlewares/Third_Party/FreeRTOS/Source/tasks.o
 .bss.pxDelayedTaskList
                0x20008e58        0x4 ./Middlewares/Third_Party/FreeRTOS/Source/tasks.o
 .bss.pxOverflowDelayedTaskList
                0x20008e5c        0x4 ./Middlewares/Third_Party/FreeRTOS/Source/tasks.o
 .bss.xPendingReadyList
                0x20008e60       0x14 ./Middlewares/Third_Party/FreeRTOS/Source/tasks.o
 .bss.xTasksWaitingTermination
                0x20008e74       0x14 ./Middlewares/Third_Party/FreeRTOS/Source/tasks.o
 .bss.uxDeletedTasksWaitingCleanUp
                0x20008e88        0x4 ./Middlewares/Third_Party/FreeRTOS/Source/tasks.o
 .bss.xSuspendedTaskList
                0x20008e8c       0x14 ./Middlewares/Third_Party/FreeRTOS/Source/tasks.o
 .bss.uxCurrentNumberOfTasks
                0x20008ea0        0x4 ./Middlewares/Third_Party/FreeRTOS/Source/tasks.o
 .bss.xTickCount
                0x20008ea4        0x4 ./Middlewares/Third_Party/FreeRTOS/Source/tasks.o
 .bss.uxTopReadyPriority
                0x20008ea8        0x4 ./Middlewares/Third_Party/FreeRTOS/Source/tasks.o
 .bss.xSchedulerRunning
                0x20008eac        0x4 ./Middlewares/Third_Party/FreeRTOS/Source/tasks.o
 .bss.xPendedTicks
                0x20008eb0        0x4 ./Middlewares/Third_Party/FreeRTOS/Source/tasks.o
 .bss.xYieldPending
                0x20008eb4        0x4 ./Middlewares/Third_Party/FreeRTOS/Source/tasks.o
 .bss.xNumOfOverflows
                0x20008eb8        0x4 ./Middlewares/Third_Party/FreeRTOS/Source/tasks.o
 .bss.uxTaskNumber
                0x20008ebc        0x4 ./Middlewares/Third_Party/FreeRTOS/Source/tasks.o
 .bss.xNextTaskUnblockTime
                0x20008ec0        0x4 ./Middlewares/Third_Party/FreeRTOS/Source/tasks.o
 .bss.xIdleTaskHandle
                0x20008ec4        0x4 ./Middlewares/Third_Party/FreeRTOS/Source/tasks.o
 .bss.uxSchedulerSuspended
                0x20008ec8        0x4 ./Middlewares/Third_Party/FreeRTOS/Source/tasks.o
 .bss.xActiveTimerList1
                0x20008ecc       0x14 ./Middlewares/Third_Party/FreeRTOS/Source/timers.o
 .bss.xActiveTimerList2
                0x20008ee0       0x14 ./Middlewares/Third_Party/FreeRTOS/Source/timers.o
 .bss.pxCurrentTimerList
                0x20008ef4        0x4 ./Middlewares/Third_Party/FreeRTOS/Source/timers.o
 .bss.pxOverflowTimerList
                0x20008ef8        0x4 ./Middlewares/Third_Party/FreeRTOS/Source/timers.o
 .bss.xTimerQueue
                0x20008efc        0x4 ./Middlewares/Third_Party/FreeRTOS/Source/timers.o
 .bss.xTimerTaskHandle
                0x20008f00        0x4 ./Middlewares/Third_Party/FreeRTOS/Source/timers.o
 .bss.xLastTime.2
                0x20008f04        0x4 ./Middlewares/Third_Party/FreeRTOS/Source/timers.o
 .bss.ucStaticTimerQueueStorage.1
                0x20008f08       0xa0 ./Middlewares/Third_Party/FreeRTOS/Source/timers.o
 .bss.xStaticTimerQueue.0
                0x20008fa8       0x50 ./Middlewares/Third_Party/FreeRTOS/Source/timers.o
 .bss.ucMaxSysCallPriority
                0x20008ff8        0x1 ./Middlewares/Third_Party/FreeRTOS/Source/portable/GCC/ARM_CM4F/port.o
 *fill*         0x20008ff9        0x3 
 .bss.ulMaxPRIGROUPValue
                0x20008ffc        0x4 ./Middlewares/Third_Party/FreeRTOS/Source/portable/GCC/ARM_CM4F/port.o
 .bss.ucHeap    0x20009000     0x3c00 ./Middlewares/Third_Party/FreeRTOS/Source/portable/MemMang/heap_4.o
 .bss.xStart    0x2000cc00        0x8 ./Middlewares/Third_Party/FreeRTOS/Source/portable/MemMang/heap_4.o
 .bss.pxEnd     0x2000cc08        0x4 ./Middlewares/Third_Party/FreeRTOS/Source/portable/MemMang/heap_4.o
 .bss.xFreeBytesRemaining
                0x2000cc0c        0x4 ./Middlewares/Third_Party/FreeRTOS/Source/portable/MemMang/heap_4.o
 .bss.xMinimumEverFreeBytesRemaining
                0x2000cc10        0x4 ./Middlewares/Third_Party/FreeRTOS/Source/portable/MemMang/heap_4.o
 .bss.xNumberOfSuccessfulAllocations
                0x2000cc14        0x4 ./Middlewares/Third_Party/FreeRTOS/Source/portable/MemMang/heap_4.o
 .bss.xNumberOfSuccessfulFrees
                0x2000cc18        0x4 ./Middlewares/Third_Party/FreeRTOS/Source/portable/MemMang/heap_4.o
 .bss.xBlockAllocatedBit
                0x2000cc1c        0x4 ./Middlewares/Third_Party/FreeRTOS/Source/portable/MemMang/heap_4.o
 .bss.__sf      0x2000cc20      0x138 C:/ST/STM32CubeIDE_1.16.0/STM32CubeIDE/plugins/com.st.stm32cube.ide.mcu.externaltools.gnu-tools-for-stm32.13.3.rel1.win32_1.0.0.202411081344/tools/bin/../lib/gcc/arm-none-eabi/13.3.1/../../../../arm-none-eabi/lib/thumb/v7e-m+fp/hard\libc_nano.a(libc_a-findfp.o)
                0x2000cc20                __sf
 .bss.__lock___malloc_recursive_mutex
                0x2000cd58        0x1 C:/ST/STM32CubeIDE_1.16.0/STM32CubeIDE/plugins/com.st.stm32cube.ide.mcu.externaltools.gnu-tools-for-stm32.13.3.rel1.win32_1.0.0.202411081344/tools/bin/../lib/gcc/arm-none-eabi/13.3.1/../../../../arm-none-eabi/lib/thumb/v7e-m+fp/hard\libc_nano.a(libc_a-lock.o)
                0x2000cd58                __lock___malloc_recursive_mutex
 *fill*         0x2000cd59        0x3 
 .bss.__malloc_free_list
                0x2000cd5c        0x4 C:/ST/STM32CubeIDE_1.16.0/STM32CubeIDE/plugins/com.st.stm32cube.ide.mcu.externaltools.gnu-tools-for-stm32.13.3.rel1.win32_1.0.0.202411081344/tools/bin/../lib/gcc/arm-none-eabi/13.3.1/../../../../arm-none-eabi/lib/thumb/v7e-m+fp/hard\libc_nano.a(libc_a-mallocr.o)
                0x2000cd5c                __malloc_free_list
 *(COMMON)
                0x2000cd60                        . = ALIGN (0x4)
                0x2000cd60                        _ebss = .
                0x2000cd60                        __bss_end__ = _ebss

._user_heap_stack
                0x2000cd60      0x600 load address 0x08008fe8
                0x2000cd60                        . = ALIGN (0x8)
                [!provide]                        PROVIDE (end = .)
                0x2000cd60                        PROVIDE (_end = .)
                0x2000cf60                        . = (. + _Min_Heap_Size)
 *fill*         0x2000cd60      0x200 
                0x2000d360                        . = (. + _Min_Stack_Size)
 *fill*         0x2000cf60      0x400 
                0x2000d360                        . = ALIGN (0x8)

/DISCARD/
 libc.a(*)
 libm.a(*)
 libgcc.a(*)

.ARM.attributes
                0x00000000       0x30
 *(.ARM.attributes)
 .ARM.attributes
                0x00000000       0x22 C:/ST/STM32CubeIDE_1.16.0/STM32CubeIDE/plugins/com.st.stm32cube.ide.mcu.externaltools.gnu-tools-for-stm32.13.3.rel1.win32_1.0.0.202411081344/tools/bin/../lib/gcc/arm-none-eabi/13.3.1/thumb/v7e-m+fp/hard/crti.o
 .ARM.attributes
                0x00000022       0x34 C:/ST/STM32CubeIDE_1.16.0/STM32CubeIDE/plugins/com.st.stm32cube.ide.mcu.externaltools.gnu-tools-for-stm32.13.3.rel1.win32_1.0.0.202411081344/tools/bin/../lib/gcc/arm-none-eabi/13.3.1/thumb/v7e-m+fp/hard/crtbegin.o
 .ARM.attributes
                0x00000056       0x34 ./Core/Src/LCD1602.o
 .ARM.attributes
                0x0000008a       0x34 ./Core/Src/MP3_player.o
 .ARM.attributes
                0x000000be       0x34 ./Core/Src/Matrix_Keypad.o
 .ARM.attributes
                0x000000f2       0x34 ./Core/Src/RA8876_driver.o
 .ARM.attributes
                0x00000126       0x34 ./Core/Src/freertos.o
 .ARM.attributes
                0x0000015a       0x34 ./Core/Src/gpio.o
 .ARM.attributes
                0x0000018e       0x34 ./Core/Src/i2c.o
 .ARM.attributes
                0x000001c2       0x34 ./Core/Src/main.o
 .ARM.attributes
                0x000001f6       0x34 ./Core/Src/spi.o
 .ARM.attributes
                0x0000022a       0x34 ./Core/Src/stm32f4xx_hal_msp.o
 .ARM.attributes
                0x0000025e       0x34 ./Core/Src/stm32f4xx_hal_timebase_tim.o
 .ARM.attributes
                0x00000292       0x34 ./Core/Src/stm32f4xx_it.o
 .ARM.attributes
                0x000002c6       0x34 ./Core/Src/system_stm32f4xx.o
 .ARM.attributes
                0x000002fa       0x34 ./Core/Src/usart.o
 .ARM.attributes
                0x0000032e       0x21 ./Core/Startup/startup_stm32f411vetx.o
 .ARM.attributes
                0x0000034f       0x34 ./Drivers/STM32F4xx_HAL_Driver/Src/stm32f4xx_hal.o
 .ARM.attributes
                0x00000383       0x34 ./Drivers/STM32F4xx_HAL_Driver/Src/stm32f4xx_hal_cortex.o
 .ARM.attributes
                0x000003b7       0x34 ./Drivers/STM32F4xx_HAL_Driver/Src/stm32f4xx_hal_gpio.o
 .ARM.attributes
                0x000003eb       0x34 ./Drivers/STM32F4xx_HAL_Driver/Src/stm32f4xx_hal_i2c.o
 .ARM.attributes
                0x0000041f       0x34 ./Drivers/STM32F4xx_HAL_Driver/Src/stm32f4xx_hal_rcc.o
 .ARM.attributes
                0x00000453       0x34 ./Drivers/STM32F4xx_HAL_Driver/Src/stm32f4xx_hal_spi.o
 .ARM.attributes
                0x00000487       0x34 ./Drivers/STM32F4xx_HAL_Driver/Src/stm32f4xx_hal_tim.o
 .ARM.attributes
                0x000004bb       0x34 ./Drivers/STM32F4xx_HAL_Driver/Src/stm32f4xx_hal_tim_ex.o
 .ARM.attributes
                0x000004ef       0x34 ./Drivers/STM32F4xx_HAL_Driver/Src/stm32f4xx_hal_uart.o
 .ARM.attributes
                0x00000523       0x34 ./Middlewares/Third_Party/FreeRTOS/Source/CMSIS_RTOS_V2/cmsis_os2.o
 .ARM.attributes
                0x00000557       0x34 ./Middlewares/Third_Party/FreeRTOS/Source/list.o
 .ARM.attributes
                0x0000058b       0x34 ./Middlewares/Third_Party/FreeRTOS/Source/queue.o
 .ARM.attributes
                0x000005bf       0x34 ./Middlewares/Third_Party/FreeRTOS/Source/tasks.o
 .ARM.attributes
                0x000005f3       0x34 ./Middlewares/Third_Party/FreeRTOS/Source/timers.o
 .ARM.attributes
                0x00000627       0x34 ./Middlewares/Third_Party/FreeRTOS/Source/portable/GCC/ARM_CM4F/port.o
 .ARM.attributes
                0x0000065b       0x34 ./Middlewares/Third_Party/FreeRTOS/Source/portable/MemMang/heap_4.o
 .ARM.attributes
                0x0000068f       0x34 C:/ST/STM32CubeIDE_1.16.0/STM32CubeIDE/plugins/com.st.stm32cube.ide.mcu.externaltools.gnu-tools-for-stm32.13.3.rel1.win32_1.0.0.202411081344/tools/bin/../lib/gcc/arm-none-eabi/13.3.1/../../../../arm-none-eabi/lib/thumb/v7e-m+fp/hard\libc_nano.a(libc_a-findfp.o)
 .ARM.attributes
                0x000006c3       0x34 C:/ST/STM32CubeIDE_1.16.0/STM32CubeIDE/plugins/com.st.stm32cube.ide.mcu.externaltools.gnu-tools-for-stm32.13.3.rel1.win32_1.0.0.202411081344/tools/bin/../lib/gcc/arm-none-eabi/13.3.1/../../../../arm-none-eabi/lib/thumb/v7e-m+fp/hard\libc_nano.a(libc_a-memset.o)
 .ARM.attributes
                0x000006f7       0x34 C:/ST/STM32CubeIDE_1.16.0/STM32CubeIDE/plugins/com.st.stm32cube.ide.mcu.externaltools.gnu-tools-for-stm32.13.3.rel1.win32_1.0.0.202411081344/tools/bin/../lib/gcc/arm-none-eabi/13.3.1/../../../../arm-none-eabi/lib/thumb/v7e-m+fp/hard\libc_nano.a(libc_a-reent.o)
 .ARM.attributes
                0x0000072b       0x34 C:/ST/STM32CubeIDE_1.16.0/STM32CubeIDE/plugins/com.st.stm32cube.ide.mcu.externaltools.gnu-tools-for-stm32.13.3.rel1.win32_1.0.0.202411081344/tools/bin/../lib/gcc/arm-none-eabi/13.3.1/../../../../arm-none-eabi/lib/thumb/v7e-m+fp/hard\libc_nano.a(libc_a-impure.o)
 .ARM.attributes
                0x0000075f       0x34 C:/ST/STM32CubeIDE_1.16.0/STM32CubeIDE/plugins/com.st.stm32cube.ide.mcu.externaltools.gnu-tools-for-stm32.13.3.rel1.win32_1.0.0.202411081344/tools/bin/../lib/gcc/arm-none-eabi/13.3.1/../../../../arm-none-eabi/lib/thumb/v7e-m+fp/hard\libc_nano.a(libc_a-init.o)
 .ARM.attributes
                0x00000793       0x34 C:/ST/STM32CubeIDE_1.16.0/STM32CubeIDE/plugins/com.st.stm32cube.ide.mcu.externaltools.gnu-tools-for-stm32.13.3.rel1.win32_1.0.0.202411081344/tools/bin/../lib/gcc/arm-none-eabi/13.3.1/../../../../arm-none-eabi/lib/thumb/v7e-m+fp/hard\libc_nano.a(libc_a-lock.o)
 .ARM.attributes
                0x000007c7       0x20 C:/ST/STM32CubeIDE_1.16.0/STM32CubeIDE/plugins/com.st.stm32cube.ide.mcu.externaltools.gnu-tools-for-stm32.13.3.rel1.win32_1.0.0.202411081344/tools/bin/../lib/gcc/arm-none-eabi/13.3.1/../../../../arm-none-eabi/lib/thumb/v7e-m+fp/hard\libc_nano.a(libc_a-strcmp.o)
 .ARM.attributes
                0x000007e7       0x34 C:/ST/STM32CubeIDE_1.16.0/STM32CubeIDE/plugins/com.st.stm32cube.ide.mcu.externaltools.gnu-tools-for-stm32.13.3.rel1.win32_1.0.0.202411081344/tools/bin/../lib/gcc/arm-none-eabi/13.3.1/../../../../arm-none-eabi/lib/thumb/v7e-m+fp/hard\libc_nano.a(libc_a-memcpy-stub.o)
 .ARM.attributes
                0x0000081b       0x34 C:/ST/STM32CubeIDE_1.16.0/STM32CubeIDE/plugins/com.st.stm32cube.ide.mcu.externaltools.gnu-tools-for-stm32.13.3.rel1.win32_1.0.0.202411081344/tools/bin/../lib/gcc/arm-none-eabi/13.3.1/../../../../arm-none-eabi/lib/thumb/v7e-m+fp/hard\libc_nano.a(libc_a-freer.o)
 .ARM.attributes
                0x0000084f       0x34 C:/ST/STM32CubeIDE_1.16.0/STM32CubeIDE/plugins/com.st.stm32cube.ide.mcu.externaltools.gnu-tools-for-stm32.13.3.rel1.win32_1.0.0.202411081344/tools/bin/../lib/gcc/arm-none-eabi/13.3.1/../../../../arm-none-eabi/lib/thumb/v7e-m+fp/hard\libc_nano.a(libc_a-mallocr.o)
 .ARM.attributes
                0x00000883       0x34 C:/ST/STM32CubeIDE_1.16.0/STM32CubeIDE/plugins/com.st.stm32cube.ide.mcu.externaltools.gnu-tools-for-stm32.13.3.rel1.win32_1.0.0.202411081344/tools/bin/../lib/gcc/arm-none-eabi/13.3.1/../../../../arm-none-eabi/lib/thumb/v7e-m+fp/hard\libc_nano.a(libc_a-mlock.o)
 .ARM.attributes
                0x000008b7       0x22 C:/ST/STM32CubeIDE_1.16.0/STM32CubeIDE/plugins/com.st.stm32cube.ide.mcu.externaltools.gnu-tools-for-stm32.13.3.rel1.win32_1.0.0.202411081344/tools/bin/../lib/gcc/arm-none-eabi/13.3.1/thumb/v7e-m+fp/hard\libgcc.a(_aeabi_uldivmod.o)
 .ARM.attributes
                0x000008d9       0x34 C:/ST/STM32CubeIDE_1.16.0/STM32CubeIDE/plugins/com.st.stm32cube.ide.mcu.externaltools.gnu-tools-for-stm32.13.3.rel1.win32_1.0.0.202411081344/tools/bin/../lib/gcc/arm-none-eabi/13.3.1/thumb/v7e-m+fp/hard\libgcc.a(_udivmoddi4.o)
 .ARM.attributes
                0x0000090d       0x22 C:/ST/STM32CubeIDE_1.16.0/STM32CubeIDE/plugins/com.st.stm32cube.ide.mcu.externaltools.gnu-tools-for-stm32.13.3.rel1.win32_1.0.0.202411081344/tools/bin/../lib/gcc/arm-none-eabi/13.3.1/thumb/v7e-m+fp/hard\libgcc.a(_dvmd_tls.o)
 .ARM.attributes
                0x0000092f       0x22 C:/ST/STM32CubeIDE_1.16.0/STM32CubeIDE/plugins/com.st.stm32cube.ide.mcu.externaltools.gnu-tools-for-stm32.13.3.rel1.win32_1.0.0.202411081344/tools/bin/../lib/gcc/arm-none-eabi/13.3.1/thumb/v7e-m+fp/hard/crtn.o
OUTPUT(slot-machine.elf elf32-littlearm)
LOAD linker stubs
LOAD C:/ST/STM32CubeIDE_1.16.0/STM32CubeIDE/plugins/com.st.stm32cube.ide.mcu.externaltools.gnu-tools-for-stm32.13.3.rel1.win32_1.0.0.202411081344/tools/bin/../lib/gcc/arm-none-eabi/13.3.1/../../../../arm-none-eabi/lib/thumb/v7e-m+fp/hard\libc.a
LOAD C:/ST/STM32CubeIDE_1.16.0/STM32CubeIDE/plugins/com.st.stm32cube.ide.mcu.externaltools.gnu-tools-for-stm32.13.3.rel1.win32_1.0.0.202411081344/tools/bin/../lib/gcc/arm-none-eabi/13.3.1/../../../../arm-none-eabi/lib/thumb/v7e-m+fp/hard\libm.a
LOAD C:/ST/STM32CubeIDE_1.16.0/STM32CubeIDE/plugins/com.st.stm32cube.ide.mcu.externaltools.gnu-tools-for-stm32.13.3.rel1.win32_1.0.0.202411081344/tools/bin/../lib/gcc/arm-none-eabi/13.3.1/thumb/v7e-m+fp/hard\libgcc.a

.debug_info     0x00000000    0x1f46f
 .debug_info    0x00000000      0x894 ./Core/Src/LCD1602.o
 .debug_info    0x00000894      0x877 ./Core/Src/MP3_player.o
 .debug_info    0x0000110b      0x24e ./Core/Src/Matrix_Keypad.o
 .debug_info    0x00001359     0x1641 ./Core/Src/RA8876_driver.o
 .debug_info    0x0000299a      0x8f0 ./Core/Src/freertos.o
 .debug_info    0x0000328a      0x483 ./Core/Src/gpio.o
 .debug_info    0x0000370d      0x9a5 ./Core/Src/i2c.o
 .debug_info    0x000040b2      0xb6d ./Core/Src/main.o
 .debug_info    0x00004c1f      0x9f4 ./Core/Src/spi.o
 .debug_info    0x00005613      0x44f ./Core/Src/stm32f4xx_hal_msp.o
 .debug_info    0x00005a62      0xb75 ./Core/Src/stm32f4xx_hal_timebase_tim.o
 .debug_info    0x000065d7      0x6a4 ./Core/Src/stm32f4xx_it.o
 .debug_info    0x00006c7b      0x53e ./Core/Src/system_stm32f4xx.o
 .debug_info    0x000071b9      0x94e ./Core/Src/usart.o
 .debug_info    0x00007b07       0x30 ./Core/Startup/startup_stm32f411vetx.o
 .debug_info    0x00007b37      0x8c4 ./Drivers/STM32F4xx_HAL_Driver/Src/stm32f4xx_hal.o
 .debug_info    0x000083fb      0xcfc ./Drivers/STM32F4xx_HAL_Driver/Src/stm32f4xx_hal_cortex.o
 .debug_info    0x000090f7      0x6f9 ./Drivers/STM32F4xx_HAL_Driver/Src/stm32f4xx_hal_gpio.o
 .debug_info    0x000097f0     0x2426 ./Drivers/STM32F4xx_HAL_Driver/Src/stm32f4xx_hal_i2c.o
 .debug_info    0x0000bc16      0x904 ./Drivers/STM32F4xx_HAL_Driver/Src/stm32f4xx_hal_rcc.o
 .debug_info    0x0000c51a     0x1530 ./Drivers/STM32F4xx_HAL_Driver/Src/stm32f4xx_hal_spi.o
 .debug_info    0x0000da4a     0x2996 ./Drivers/STM32F4xx_HAL_Driver/Src/stm32f4xx_hal_tim.o
 .debug_info    0x000103e0     0x14d4 ./Drivers/STM32F4xx_HAL_Driver/Src/stm32f4xx_hal_tim_ex.o
 .debug_info    0x000118b4     0x2f56 ./Drivers/STM32F4xx_HAL_Driver/Src/stm32f4xx_hal_uart.o
 .debug_info    0x0001480a     0x4079 ./Middlewares/Third_Party/FreeRTOS/Source/CMSIS_RTOS_V2/cmsis_os2.o
 .debug_info    0x00018883      0x2af ./Middlewares/Third_Party/FreeRTOS/Source/list.o
 .debug_info    0x00018b32     0x1b79 ./Middlewares/Third_Party/FreeRTOS/Source/queue.o
 .debug_info    0x0001a6ab     0x28c1 ./Middlewares/Third_Party/FreeRTOS/Source/tasks.o
 .debug_info    0x0001cf6c     0x1b50 ./Middlewares/Third_Party/FreeRTOS/Source/timers.o
 .debug_info    0x0001eabc      0x4de ./Middlewares/Third_Party/FreeRTOS/Source/portable/GCC/ARM_CM4F/port.o
 .debug_info    0x0001ef9a      0x4d5 ./Middlewares/Third_Party/FreeRTOS/Source/portable/MemMang/heap_4.o

.debug_abbrev   0x00000000     0x4916
 .debug_abbrev  0x00000000      0x250 ./Core/Src/LCD1602.o
 .debug_abbrev  0x00000250      0x27b ./Core/Src/MP3_player.o
 .debug_abbrev  0x000004cb      0x157 ./Core/Src/Matrix_Keypad.o
 .debug_abbrev  0x00000622      0x3ba ./Core/Src/RA8876_driver.o
 .debug_abbrev  0x000009dc      0x297 ./Core/Src/freertos.o
 .debug_abbrev  0x00000c73      0x151 ./Core/Src/gpio.o
 .debug_abbrev  0x00000dc4      0x1f0 ./Core/Src/i2c.o
 .debug_abbrev  0x00000fb4      0x24d ./Core/Src/main.o
 .debug_abbrev  0x00001201      0x1fe ./Core/Src/spi.o
 .debug_abbrev  0x000013ff      0x119 ./Core/Src/stm32f4xx_hal_msp.o
 .debug_abbrev  0x00001518      0x207 ./Core/Src/stm32f4xx_hal_timebase_tim.o
 .debug_abbrev  0x0000171f      0x190 ./Core/Src/stm32f4xx_it.o
 .debug_abbrev  0x000018af      0x11a ./Core/Src/system_stm32f4xx.o
 .debug_abbrev  0x000019c9      0x1f8 ./Core/Src/usart.o
 .debug_abbrev  0x00001bc1       0x24 ./Core/Startup/startup_stm32f411vetx.o
 .debug_abbrev  0x00001be5      0x24b ./Drivers/STM32F4xx_HAL_Driver/Src/stm32f4xx_hal.o
 .debug_abbrev  0x00001e30      0x31d ./Drivers/STM32F4xx_HAL_Driver/Src/stm32f4xx_hal_cortex.o
 .debug_abbrev  0x0000214d      0x1d3 ./Drivers/STM32F4xx_HAL_Driver/Src/stm32f4xx_hal_gpio.o
 .debug_abbrev  0x00002320      0x2bc ./Drivers/STM32F4xx_HAL_Driver/Src/stm32f4xx_hal_i2c.o
 .debug_abbrev  0x000025dc      0x2b6 ./Drivers/STM32F4xx_HAL_Driver/Src/stm32f4xx_hal_rcc.o
 .debug_abbrev  0x00002892      0x276 ./Drivers/STM32F4xx_HAL_Driver/Src/stm32f4xx_hal_spi.o
 .debug_abbrev  0x00002b08      0x28b ./Drivers/STM32F4xx_HAL_Driver/Src/stm32f4xx_hal_tim.o
 .debug_abbrev  0x00002d93      0x296 ./Drivers/STM32F4xx_HAL_Driver/Src/stm32f4xx_hal_tim_ex.o
 .debug_abbrev  0x00003029      0x31b ./Drivers/STM32F4xx_HAL_Driver/Src/stm32f4xx_hal_uart.o
 .debug_abbrev  0x00003344      0x548 ./Middlewares/Third_Party/FreeRTOS/Source/CMSIS_RTOS_V2/cmsis_os2.o
 .debug_abbrev  0x0000388c       0xf5 ./Middlewares/Third_Party/FreeRTOS/Source/list.o
 .debug_abbrev  0x00003981      0x3b6 ./Middlewares/Third_Party/FreeRTOS/Source/queue.o
 .debug_abbrev  0x00003d37      0x3fe ./Middlewares/Third_Party/FreeRTOS/Source/tasks.o
 .debug_abbrev  0x00004135      0x368 ./Middlewares/Third_Party/FreeRTOS/Source/timers.o
 .debug_abbrev  0x0000449d      0x25c ./Middlewares/Third_Party/FreeRTOS/Source/portable/GCC/ARM_CM4F/port.o
 .debug_abbrev  0x000046f9      0x21d ./Middlewares/Third_Party/FreeRTOS/Source/portable/MemMang/heap_4.o

.debug_aranges  0x00000000     0x1b58
 .debug_aranges
                0x00000000       0x90 ./Core/Src/LCD1602.o
 .debug_aranges
                0x00000090       0x70 ./Core/Src/MP3_player.o
 .debug_aranges
                0x00000100       0x20 ./Core/Src/Matrix_Keypad.o
 .debug_aranges
                0x00000120      0x128 ./Core/Src/RA8876_driver.o
 .debug_aranges
                0x00000248       0x60 ./Core/Src/freertos.o
 .debug_aranges
                0x000002a8       0x20 ./Core/Src/gpio.o
 .debug_aranges
                0x000002c8       0x30 ./Core/Src/i2c.o
 .debug_aranges
                0x000002f8       0x38 ./Core/Src/main.o
 .debug_aranges
                0x00000330       0x38 ./Core/Src/spi.o
 .debug_aranges
                0x00000368       0x20 ./Core/Src/stm32f4xx_hal_msp.o
 .debug_aranges
                0x00000388       0x30 ./Core/Src/stm32f4xx_hal_timebase_tim.o
 .debug_aranges
                0x000003b8       0x50 ./Core/Src/stm32f4xx_it.o
 .debug_aranges
                0x00000408       0x28 ./Core/Src/system_stm32f4xx.o
 .debug_aranges
                0x00000430       0x30 ./Core/Src/usart.o
 .debug_aranges
                0x00000460       0x28 ./Core/Startup/startup_stm32f411vetx.o
 .debug_aranges
                0x00000488       0xf0 ./Drivers/STM32F4xx_HAL_Driver/Src/stm32f4xx_hal.o
 .debug_aranges
                0x00000578      0x130 ./Drivers/STM32F4xx_HAL_Driver/Src/stm32f4xx_hal_cortex.o
 .debug_aranges
                0x000006a8       0x58 ./Drivers/STM32F4xx_HAL_Driver/Src/stm32f4xx_hal_gpio.o
 .debug_aranges
                0x00000700      0x2a8 ./Drivers/STM32F4xx_HAL_Driver/Src/stm32f4xx_hal_i2c.o
 .debug_aranges
                0x000009a8       0x88 ./Drivers/STM32F4xx_HAL_Driver/Src/stm32f4xx_hal_rcc.o
 .debug_aranges
                0x00000a30      0x1d0 ./Drivers/STM32F4xx_HAL_Driver/Src/stm32f4xx_hal_spi.o
 .debug_aranges
                0x00000c00      0x3d0 ./Drivers/STM32F4xx_HAL_Driver/Src/stm32f4xx_hal_tim.o
 .debug_aranges
                0x00000fd0      0x168 ./Drivers/STM32F4xx_HAL_Driver/Src/stm32f4xx_hal_tim_ex.o
 .debug_aranges
                0x00001138      0x208 ./Drivers/STM32F4xx_HAL_Driver/Src/stm32f4xx_hal_uart.o
 .debug_aranges
                0x00001340      0x2b0 ./Middlewares/Third_Party/FreeRTOS/Source/CMSIS_RTOS_V2/cmsis_os2.o
 .debug_aranges
                0x000015f0       0x40 ./Middlewares/Third_Party/FreeRTOS/Source/list.o
 .debug_aranges
                0x00001630      0x158 ./Middlewares/Third_Party/FreeRTOS/Source/queue.o
 .debug_aranges
                0x00001788      0x208 ./Middlewares/Third_Party/FreeRTOS/Source/tasks.o
 .debug_aranges
                0x00001990       0xf0 ./Middlewares/Third_Party/FreeRTOS/Source/timers.o
 .debug_aranges
                0x00001a80       0x80 ./Middlewares/Third_Party/FreeRTOS/Source/portable/GCC/ARM_CM4F/port.o
 .debug_aranges
                0x00001b00       0x58 ./Middlewares/Third_Party/FreeRTOS/Source/portable/MemMang/heap_4.o

.debug_rnglists
                0x00000000     0x154f
 .debug_rnglists
                0x00000000       0x69 ./Core/Src/LCD1602.o
 .debug_rnglists
                0x00000069       0x4f ./Core/Src/MP3_player.o
 .debug_rnglists
                0x000000b8       0x14 ./Core/Src/Matrix_Keypad.o
 .debug_rnglists
                0x000000cc       0xe9 ./Core/Src/RA8876_driver.o
 .debug_rnglists
                0x000001b5       0x46 ./Core/Src/freertos.o
 .debug_rnglists
                0x000001fb       0x14 ./Core/Src/gpio.o
 .debug_rnglists
                0x0000020f       0x20 ./Core/Src/i2c.o
 .debug_rnglists
                0x0000022f       0x26 ./Core/Src/main.o
 .debug_rnglists
                0x00000255       0x26 ./Core/Src/spi.o
 .debug_rnglists
                0x0000027b       0x13 ./Core/Src/stm32f4xx_hal_msp.o
 .debug_rnglists
                0x0000028e       0x20 ./Core/Src/stm32f4xx_hal_timebase_tim.o
 .debug_rnglists
                0x000002ae       0x37 ./Core/Src/stm32f4xx_it.o
 .debug_rnglists
                0x000002e5       0x1a ./Core/Src/system_stm32f4xx.o
 .debug_rnglists
                0x000002ff       0x20 ./Core/Src/usart.o
 .debug_rnglists
                0x0000031f       0x19 ./Core/Startup/startup_stm32f411vetx.o
 .debug_rnglists
                0x00000338       0xaf ./Drivers/STM32F4xx_HAL_Driver/Src/stm32f4xx_hal.o
 .debug_rnglists
                0x000003e7       0xe0 ./Drivers/STM32F4xx_HAL_Driver/Src/stm32f4xx_hal_cortex.o
 .debug_rnglists
                0x000004c7       0x3f ./Drivers/STM32F4xx_HAL_Driver/Src/stm32f4xx_hal_gpio.o
 .debug_rnglists
                0x00000506      0x23c ./Drivers/STM32F4xx_HAL_Driver/Src/stm32f4xx_hal_i2c.o
 .debug_rnglists
                0x00000742       0x66 ./Drivers/STM32F4xx_HAL_Driver/Src/stm32f4xx_hal_rcc.o
 .debug_rnglists
                0x000007a8      0x16f ./Drivers/STM32F4xx_HAL_Driver/Src/stm32f4xx_hal_spi.o
 .debug_rnglists
                0x00000917      0x31a ./Drivers/STM32F4xx_HAL_Driver/Src/stm32f4xx_hal_tim.o
 .debug_rnglists
                0x00000c31      0x125 ./Drivers/STM32F4xx_HAL_Driver/Src/stm32f4xx_hal_tim_ex.o
 .debug_rnglists
                0x00000d56      0x1bc ./Drivers/STM32F4xx_HAL_Driver/Src/stm32f4xx_hal_uart.o
 .debug_rnglists
                0x00000f12      0x212 ./Middlewares/Third_Party/FreeRTOS/Source/CMSIS_RTOS_V2/cmsis_os2.o
 .debug_rnglists
                0x00001124       0x2b ./Middlewares/Third_Party/FreeRTOS/Source/list.o
 .debug_rnglists
                0x0000114f      0x109 ./Middlewares/Third_Party/FreeRTOS/Source/queue.o
 .debug_rnglists
                0x00001258      0x1a0 ./Middlewares/Third_Party/FreeRTOS/Source/tasks.o
 .debug_rnglists
                0x000013f8       0xb8 ./Middlewares/Third_Party/FreeRTOS/Source/timers.o
 .debug_rnglists
                0x000014b0       0x5d ./Middlewares/Third_Party/FreeRTOS/Source/portable/GCC/ARM_CM4F/port.o
 .debug_rnglists
                0x0000150d       0x42 ./Middlewares/Third_Party/FreeRTOS/Source/portable/MemMang/heap_4.o

.debug_macro    0x00000000    0x1b877
 .debug_macro   0x00000000      0x213 ./Core/Src/LCD1602.o
 .debug_macro   0x00000213      0xad8 ./Core/Src/LCD1602.o
 .debug_macro   0x00000ceb      0x2a7 ./Core/Src/LCD1602.o
 .debug_macro   0x00000f92       0x2e ./Core/Src/LCD1602.o
 .debug_macro   0x00000fc0       0x28 ./Core/Src/LCD1602.o
 .debug_macro   0x00000fe8       0x22 ./Core/Src/LCD1602.o
 .debug_macro   0x0000100a       0x8e ./Core/Src/LCD1602.o
 .debug_macro   0x00001098       0x51 ./Core/Src/LCD1602.o
 .debug_macro   0x000010e9      0x103 ./Core/Src/LCD1602.o
 .debug_macro   0x000011ec       0x6a ./Core/Src/LCD1602.o
 .debug_macro   0x00001256      0x1df ./Core/Src/LCD1602.o
 .debug_macro   0x00001435       0x1c ./Core/Src/LCD1602.o
 .debug_macro   0x00001451       0x22 ./Core/Src/LCD1602.o
 .debug_macro   0x00001473       0xfb ./Core/Src/LCD1602.o
 .debug_macro   0x0000156e     0x1011 ./Core/Src/LCD1602.o
 .debug_macro   0x0000257f      0x11f ./Core/Src/LCD1602.o
 .debug_macro   0x0000269e     0xb968 ./Core/Src/LCD1602.o
 .debug_macro   0x0000e006       0x6d ./Core/Src/LCD1602.o
 .debug_macro   0x0000e073     0x3693 ./Core/Src/LCD1602.o
 .debug_macro   0x00011706      0x190 ./Core/Src/LCD1602.o
 .debug_macro   0x00011896       0x5c ./Core/Src/LCD1602.o
 .debug_macro   0x000118f2      0x45c ./Core/Src/LCD1602.o
 .debug_macro   0x00011d4e      0x9e9 ./Core/Src/LCD1602.o
 .debug_macro   0x00012737      0x115 ./Core/Src/LCD1602.o
 .debug_macro   0x0001284c      0x11b ./Core/Src/LCD1602.o
 .debug_macro   0x00012967       0xa5 ./Core/Src/LCD1602.o
 .debug_macro   0x00012a0c      0x15f ./Core/Src/LCD1602.o
 .debug_macro   0x00012b6b      0x287 ./Core/Src/LCD1602.o
 .debug_macro   0x00012df2       0x5f ./Core/Src/LCD1602.o
 .debug_macro   0x00012e51      0x236 ./Core/Src/LCD1602.o
 .debug_macro   0x00013087      0x132 ./Core/Src/LCD1602.o
 .debug_macro   0x000131b9      0x264 ./Core/Src/LCD1602.o
 .debug_macro   0x0001341d       0x2e ./Core/Src/LCD1602.o
 .debug_macro   0x0001344b      0x1b5 ./Core/Src/LCD1602.o
 .debug_macro   0x00013600       0x22 ./Core/Src/LCD1602.o
 .debug_macro   0x00013622       0xd6 ./Core/Src/LCD1602.o
 .debug_macro   0x000136f8      0x127 ./Core/Src/LCD1602.o
 .debug_macro   0x0001381f       0x85 ./Core/Src/LCD1602.o
 .debug_macro   0x000138a4       0x89 ./Core/Src/LCD1602.o
 .debug_macro   0x0001392d      0x225 ./Core/Src/LCD1602.o
 .debug_macro   0x00013b52      0x8ed ./Core/Src/LCD1602.o
 .debug_macro   0x0001443f       0x47 ./Core/Src/LCD1602.o
 .debug_macro   0x00014486      0x2aa ./Core/Src/LCD1602.o
 .debug_macro   0x00014730      0x126 ./Core/Src/LCD1602.o
 .debug_macro   0x00014856      0x1c6 ./Core/Src/LCD1602.o
 .debug_macro   0x00014a1c       0x1c ./Core/Src/LCD1602.o
 .debug_macro   0x00014a38      0x24f ./Core/Src/MP3_player.o
 .debug_macro   0x00014c87       0x34 ./Core/Src/MP3_player.o
 .debug_macro   0x00014cbb      0x1fa ./Core/Src/Matrix_Keypad.o
 .debug_macro   0x00014eb5       0x4c ./Core/Src/Matrix_Keypad.o
 .debug_macro   0x00014f01      0x226 ./Core/Src/RA8876_driver.o
 .debug_macro   0x00015127       0x46 ./Core/Src/RA8876_driver.o
 .debug_macro   0x0001516d     0x10fe ./Core/Src/RA8876_driver.o
 .debug_macro   0x0001626b      0x3e0 ./Core/Src/freertos.o
 .debug_macro   0x0001664b      0x16f ./Core/Src/freertos.o
 .debug_macro   0x000167ba      0x15a ./Core/Src/freertos.o
 .debug_macro   0x00016914       0xc9 ./Core/Src/freertos.o
 .debug_macro   0x000169dd       0x1c ./Core/Src/freertos.o
 .debug_macro   0x000169f9       0x26 ./Core/Src/freertos.o
 .debug_macro   0x00016a1f       0x61 ./Core/Src/freertos.o
 .debug_macro   0x00016a80       0x2a ./Core/Src/freertos.o
 .debug_macro   0x00016aaa       0x43 ./Core/Src/freertos.o
 .debug_macro   0x00016aed       0x34 ./Core/Src/freertos.o
 .debug_macro   0x00016b21      0x370 ./Core/Src/freertos.o
 .debug_macro   0x00016e91       0x16 ./Core/Src/freertos.o
 .debug_macro   0x00016ea7       0x4a ./Core/Src/freertos.o
 .debug_macro   0x00016ef1       0x34 ./Core/Src/freertos.o
 .debug_macro   0x00016f25       0x10 ./Core/Src/freertos.o
 .debug_macro   0x00016f35       0x58 ./Core/Src/freertos.o
 .debug_macro   0x00016f8d       0x8e ./Core/Src/freertos.o
 .debug_macro   0x0001701b       0x1c ./Core/Src/freertos.o
 .debug_macro   0x00017037      0x185 ./Core/Src/freertos.o
 .debug_macro   0x000171bc       0x10 ./Core/Src/freertos.o
 .debug_macro   0x000171cc       0x3c ./Core/Src/freertos.o
 .debug_macro   0x00017208      0x4bf ./Core/Src/freertos.o
 .debug_macro   0x000176c7       0xb5 ./Core/Src/freertos.o
 .debug_macro   0x0001777c       0xaa ./Core/Src/freertos.o
 .debug_macro   0x00017826       0x56 ./Core/Src/freertos.o
 .debug_macro   0x0001787c       0x6c ./Core/Src/freertos.o
 .debug_macro   0x000178e8       0x74 ./Core/Src/freertos.o
 .debug_macro   0x0001795c       0xdd ./Core/Src/freertos.o
 .debug_macro   0x00017a39       0x3a ./Core/Src/freertos.o
 .debug_macro   0x00017a73       0x1c ./Core/Src/freertos.o
 .debug_macro   0x00017a8f       0x10 ./Core/Src/freertos.o
 .debug_macro   0x00017a9f       0x1c ./Core/Src/freertos.o
 .debug_macro   0x00017abb       0x16 ./Core/Src/freertos.o
 .debug_macro   0x00017ad1      0x146 ./Core/Src/freertos.o
 .debug_macro   0x00017c17       0x16 ./Core/Src/freertos.o
 .debug_macro   0x00017c2d       0x20 ./Core/Src/freertos.o
 .debug_macro   0x00017c4d      0x20a ./Core/Src/gpio.o
 .debug_macro   0x00017e57      0x20a ./Core/Src/i2c.o
 .debug_macro   0x00018061      0x36c ./Core/Src/main.o
 .debug_macro   0x000183cd      0x16f ./Core/Src/main.o
 .debug_macro   0x0001853c       0x66 ./Core/Src/main.o
 .debug_macro   0x000185a2      0x20a ./Core/Src/spi.o
 .debug_macro   0x000187ac      0x200 ./Core/Src/stm32f4xx_hal_msp.o
 .debug_macro   0x000189ac      0x1f1 ./Core/Src/stm32f4xx_hal_timebase_tim.o
 .debug_macro   0x00018b9d      0x20a ./Core/Src/stm32f4xx_it.o
 .debug_macro   0x00018da7      0x1f1 ./Core/Src/system_stm32f4xx.o
 .debug_macro   0x00018f98      0x20a ./Core/Src/usart.o
 .debug_macro   0x000191a2      0x251 ./Drivers/STM32F4xx_HAL_Driver/Src/stm32f4xx_hal.o
 .debug_macro   0x000193f3      0x1f1 ./Drivers/STM32F4xx_HAL_Driver/Src/stm32f4xx_hal_cortex.o
 .debug_macro   0x000195e4      0x1f7 ./Drivers/STM32F4xx_HAL_Driver/Src/stm32f4xx_hal_gpio.o
 .debug_macro   0x000197db      0x23f ./Drivers/STM32F4xx_HAL_Driver/Src/stm32f4xx_hal_i2c.o
 .debug_macro   0x00019a1a      0x215 ./Drivers/STM32F4xx_HAL_Driver/Src/stm32f4xx_hal_rcc.o
 .debug_macro   0x00019c2f      0x200 ./Drivers/STM32F4xx_HAL_Driver/Src/stm32f4xx_hal_spi.o
 .debug_macro   0x00019e2f      0x1f2 ./Drivers/STM32F4xx_HAL_Driver/Src/stm32f4xx_hal_tim.o
 .debug_macro   0x0001a021      0x1f1 ./Drivers/STM32F4xx_HAL_Driver/Src/stm32f4xx_hal_tim_ex.o
 .debug_macro   0x0001a212      0x1f2 ./Drivers/STM32F4xx_HAL_Driver/Src/stm32f4xx_hal_uart.o
 .debug_macro   0x0001a404      0x3fa ./Middlewares/Third_Party/FreeRTOS/Source/CMSIS_RTOS_V2/cmsis_os2.o
 .debug_macro   0x0001a7fe       0x10 ./Middlewares/Third_Party/FreeRTOS/Source/CMSIS_RTOS_V2/cmsis_os2.o
 .debug_macro   0x0001a80e       0x10 ./Middlewares/Third_Party/FreeRTOS/Source/CMSIS_RTOS_V2/cmsis_os2.o
 .debug_macro   0x0001a81e       0xf5 ./Middlewares/Third_Party/FreeRTOS/Source/CMSIS_RTOS_V2/cmsis_os2.o
 .debug_macro   0x0001a913       0x16 ./Middlewares/Third_Party/FreeRTOS/Source/CMSIS_RTOS_V2/cmsis_os2.o
 .debug_macro   0x0001a929       0x91 ./Middlewares/Third_Party/FreeRTOS/Source/CMSIS_RTOS_V2/cmsis_os2.o
 .debug_macro   0x0001a9ba       0x8d ./Middlewares/Third_Party/FreeRTOS/Source/CMSIS_RTOS_V2/cmsis_os2.o