../Core/Src/freertos.c:141:6:MX_FREERTOS_Init	8	static
../Core/Src/freertos.c:192:6:StartDefaultTask	40	static
../Core/Src/freertos.c:254:6:main_display_task	40	static
../Core/Src/freertos.c:373:6:buttons_task	16	static
../Core/Src/freertos.c:436:6:control_display	64	static
../Core/Src/freertos.c:584:9:custom_parse_win_rate	32	static
../Core/Src/freertos.c:602:6:ui_draw_stats	64	static
../Core/Src/freertos.c:625:6:ui_draw_win_rate	32	static
../Core/Src/freertos.c:639:6:write_stop_buttons	16	static
../Core/Src/freertos.c:645:6:stagger_stop_buttons	16	static
../Core/Src/freertos.c:657:6:initialise_main_display	16	static
../Core/Src/freertos.c:689:10:slot_rand	4	static
../Core/Src/freertos.c:693:6:slot_srand	16	static
../Core/Src/freertos.c:700:10:get_random_number	24	static
