../Core/Src/freertos.c:156:6:MX_FREERTOS_Init	8	static
../Core/Src/freertos.c:207:6:StartDefaultTask	40	static
../Core/Src/freertos.c:269:6:main_display_task	40	static
../Core/Src/freertos.c:391:6:buttons_task	16	static
../Core/Src/freertos.c:454:6:control_display	64	static
../Core/Src/freertos.c:629:9:custom_parse_win_rate	32	static
../Core/Src/freertos.c:647:6:elevate_control_task	8	static
../Core/Src/freertos.c:651:6:elevate_main_display_task	8	static
../Core/Src/freertos.c:655:6:ui_draw_startup_sequence	8	static
../Core/Src/freertos.c:665:6:ui_draw_password	8	static
../Core/Src/freertos.c:675:6:ui_draw_menu	8	static
../Core/Src/freertos.c:685:6:ui_draw_audio	8	static
../Core/Src/freertos.c:695:6:ui_draw_volume	32	static
../Core/Src/freertos.c:702:6:ui_draw_lose_music	8	static
../Core/Src/freertos.c:710:6:ui_draw_stats	64	static
../Core/Src/freertos.c:733:6:ui_draw_win_rate	32	static
../Core/Src/freertos.c:747:6:write_stop_buttons	16	static
../Core/Src/freertos.c:753:6:stagger_stop_buttons	16	static
../Core/Src/freertos.c:765:6:initialise_main_display	16	static
../Core/Src/freertos.c:797:10:slot_rand	4	static
../Core/Src/freertos.c:801:6:slot_srand	16	static
../Core/Src/freertos.c:808:10:get_random_number	24	static
