../Core/Src/LCD1602.c:30:13:LCD_WriteByte	24	static
../Core/Src/LCD1602.c:87:13:LCD_SendCmd_8bit	16	static
../Core/Src/LCD1602.c:112:13:LCD_SendCmd	16	static
../Core/Src/LCD1602.c:131:13:LCD_SendByte	24	static
../Core/Src/LCD1602.c:165:6:LCD_Init	8	static
../Core/Src/LCD1602.c:272:6:LCD_PrintString	24	static
../Core/Src/LCD1602.c:375:6:LCD_Clear	8	static
../Core/Src/LCD1602.c:394:6:LCD_LedOnOff	16	static
../Core/Src/LCD1602.c:417:6:LCD_SetCursor	16	static
../Core/Src/LCD1602.c:455:6:LCD_StringRunR	8	static
../Core/Src/LCD1602.c:472:6:LCD_StringRunL	8	static
../Core/Src/LCD1602.c:490:6:LCD_TextOnOff	16	static
../Core/Src/LCD1602.c:516:6:LCD_CreateChar	24	static
../Core/Src/LCD1602.c:552:6:LCD_PrintMyChar	16	static
../Core/Src/LCD1602.c:575:6:LCD_CursorOnOff	16	static
