../Core/Src/MP3_player.c:23:10:MP3_calculate_check_sum	24	static
../Core/Src/MP3_player.c:31:6:MP3_send_stack	8	static
../Core/Src/MP3_player.c:40:6:MP3_send_command_with_param	16	static
../Core/Src/MP3_player.c:50:6:MP3_send_command	16	static
../Core/Src/MP3_player.c:54:6:MP3_init	8	static
../Core/Src/MP3_player.c:60:6:MP3_set_volume	16	static
../Core/Src/MP3_player.c:68:6:MP3_set_playback_mode	16	static
../Core/Src/MP3_player.c:72:6:MP3_play_track	16	static
../Core/Src/MP3_player.c:75:6:MP3_play_folder	16	static
../Core/Src/MP3_player.c:78:6:MP3_play_sound_effect	16	static
