../Core/Src/MP3_player.c:23:10:MP3_calculate_check_sum	24	static
../Core/Src/MP3_player.c:31:6:MP3_send_stack	8	static
../Core/Src/MP3_player.c:40:6:MP3_send_command_with_param	16	static
../Core/Src/MP3_player.c:50:6:MP3_send_command	16	static
../Core/Src/MP3_player.c:54:6:MP3_init	8	static
../Core/Src/MP3_player.c:62:9:MP3_query_volume	16	static
../Core/Src/MP3_player.c:76:9:MP3_get_volume_status_string	24	static
../Core/Src/MP3_player.c:85:6:MP3_set_playback_mode	16	static
../Core/Src/MP3_player.c:89:6:MP3_play_track	16	static
../Core/Src/MP3_player.c:92:6:MP3_play_folder	16	static
../Core/Src/MP3_player.c:95:6:MP3_play_sound_effect	16	static
