../Core/Src/RA8876_driver.c:16:6:RA8876_write	24	static
../Core/Src/RA8876_driver.c:21:6:RA8876_SDRAM_init	16	static
../Core/Src/RA8876_driver.c:57:6:RA8876_display_init	40	static
../Core/Src/RA8876_driver.c:199:6:RA8876_PLL_init	8	static
../Core/Src/RA8876_driver.c:222:6:RA8876_write_register	16	static
../Core/Src/RA8876_driver.c:229:9:RA8876_read_status_register	16	static
../Core/Src/RA8876_driver.c:238:9:RA8876_read_register	40	static
../Core/Src/RA8876_driver.c:257:6:RA8876_set_mode	24	static
../Core/Src/RA8876_driver.c:272:6:RA8876_display_on	16	static
../Core/Src/RA8876_driver.c:277:6:RA8876_display_off	8	static
../Core/Src/RA8876_driver.c:280:6:RA8876_color_bar_test_on	16	static
../Core/Src/RA8876_driver.c:285:6:RA8876_color_bar_test_off	8	static
../Core/Src/RA8876_driver.c:289:6:RA8876_set_point_1_and_2	32	static
../Core/Src/RA8876_driver.c:312:6:RA8876_clear_screen	16	static
../Core/Src/RA8876_driver.c:315:6:RA8876_draw_circle	32	static
../Core/Src/RA8876_driver.c:350:6:RA8876_draw_diamond	48	static
../Core/Src/RA8876_driver.c:365:6:RA8876_draw_triangle	32	static
../Core/Src/RA8876_driver.c:394:6:RA8876_draw_rectangle	24	static
../Core/Src/RA8876_driver.c:417:10:RA8876_color_from_RGB	24	static
../Core/Src/RA8876_driver.c:426:6:RA8876_set_foreground_color	24	static
../Core/Src/RA8876_driver.c:439:6:RA8876_set_background_color	24	static
../Core/Src/RA8876_driver.c:447:6:RA8876_write_data_16bit	16	static
../Core/Src/RA8876_driver.c:454:6:RA8876_draw_mario	24	static
../Core/Src/RA8876_driver.c:457:6:RA8876_draw_image_BTE	40	static
../Core/Src/RA8876_driver.c:544:6:RA8876_SLOT_draw_symbol	56	static
