../Core/Src/RA8876_driver.c:16:6:RA8876_write	24	static
../Core/Src/RA8876_driver.c:21:6:RA8876_SDRAM_init	16	static
../Core/Src/RA8876_driver.c:57:6:RA8876_display_init	40	static
../Core/Src/RA8876_driver.c:191:6:RA8876_PLL_init	8	static
../Core/Src/RA8876_driver.c:218:6:RA8876_write_register	16	static
../Core/Src/RA8876_driver.c:225:9:RA8876_read_status_register	16	static
../Core/Src/RA8876_driver.c:234:9:RA8876_read_register	40	static
../Core/Src/RA8876_driver.c:253:6:RA8876_set_mode	24	static
../Core/Src/RA8876_driver.c:270:6:RA8876_display_on	16	static
../Core/Src/RA8876_driver.c:275:6:RA8876_display_off	8	static
../Core/Src/RA8876_driver.c:278:6:RA8876_color_bar_test_on	16	static
../Core/Src/RA8876_driver.c:283:6:RA8876_color_bar_test_off	8	static
../Core/Src/RA8876_driver.c:287:6:RA8876_set_point_1_and_2	32	static
../Core/Src/RA8876_driver.c:310:6:RA8876_clear_screen	16	static
../Core/Src/RA8876_driver.c:313:6:RA8876_draw_rectangle	24	static
../Core/Src/RA8876_driver.c:333:10:RA8876_color_from_RGB	24	static
../Core/Src/RA8876_driver.c:342:6:RA8876_set_foreground_color	24	static
../Core/Src/RA8876_driver.c:355:6:RA8876_set_background_color	24	static
../Core/Src/RA8876_driver.c:363:6:RA8876_set_text_coordinates	16	static
../Core/Src/RA8876_driver.c:369:6:RA8876_print	16	static
